Archive member included because of file (symbol)

C:\Users\Administrator\Documents\GitHub\Loopback_LPC11E36_LPCXpresso\wiznet_evb_w5500evb_board\Debug\libwiznet_evb_w5500evb_board.a(board.o)
                              ./src/W5500EVB.o (Board_LED_Set)
C:\Users\Administrator\Documents\GitHub\Loopback_LPC11E36_LPCXpresso\wiznet_evb_w5500evb_board\Debug\libwiznet_evb_w5500evb_board.a(board_sysinit.o)
                              ./src/sysinit.o (Board_SystemInit)
C:\Users\Administrator\Documents\GitHub\Loopback_LPC11E36_LPCXpresso\lpc_chip_11exx\Debug\liblpc_chip_11exx.a(chip_11xx.o)
                              ./src/W5500EVB.o (SystemCoreClockUpdate)
C:\Users\Administrator\Documents\GitHub\Loopback_LPC11E36_LPCXpresso\lpc_chip_11exx\Debug\liblpc_chip_11exx.a(clock_11xx.o)
                              C:\Users\Administrator\Documents\GitHub\Loopback_LPC11E36_LPCXpresso\wiznet_evb_w5500evb_board\Debug\libwiznet_evb_w5500evb_board.a(board_sysinit.o) (Chip_Clock_SetSystemPLLSource)
C:\Users\Administrator\Documents\GitHub\Loopback_LPC11E36_LPCXpresso\lpc_chip_11exx\Debug\liblpc_chip_11exx.a(gpio_11xx_1.o)
                              C:\Users\Administrator\Documents\GitHub\Loopback_LPC11E36_LPCXpresso\wiznet_evb_w5500evb_board\Debug\libwiznet_evb_w5500evb_board.a(board.o) (Chip_GPIO_Init)
C:\Users\Administrator\Documents\GitHub\Loopback_LPC11E36_LPCXpresso\lpc_chip_11exx\Debug\liblpc_chip_11exx.a(iocon_11xx.o)
                              ./src/PlatformHandler/spi_handler.o (Chip_IOCON_PinMuxSet)
C:\Users\Administrator\Documents\GitHub\Loopback_LPC11E36_LPCXpresso\lpc_chip_11exx\Debug\liblpc_chip_11exx.a(ssp_11xx.o)
                              ./src/w5500_init.o (Chip_SSP_WriteFrames_Blocking)
C:\Users\Administrator\Documents\GitHub\Loopback_LPC11E36_LPCXpresso\lpc_chip_11exx\Debug\liblpc_chip_11exx.a(sysctl_11xx.o)
                              C:\Users\Administrator\Documents\GitHub\Loopback_LPC11E36_LPCXpresso\wiznet_evb_w5500evb_board\Debug\libwiznet_evb_w5500evb_board.a(board_sysinit.o) (Chip_SYSCTL_PowerDown)
C:\Users\Administrator\Documents\GitHub\Loopback_LPC11E36_LPCXpresso\lpc_chip_11exx\Debug\liblpc_chip_11exx.a(uart_11xx.o)
                              C:\Users\Administrator\Documents\GitHub\Loopback_LPC11E36_LPCXpresso\wiznet_evb_w5500evb_board\Debug\libwiznet_evb_w5500evb_board.a(board.o) (Chip_UART_Init)
C:\Users\Administrator\Documents\GitHub\Loopback_LPC11E36_LPCXpresso\lpc_chip_11exx\Debug\liblpc_chip_11exx.a(ring_buffer.o)
                              C:\Users\Administrator\Documents\GitHub\Loopback_LPC11E36_LPCXpresso\lpc_chip_11exx\Debug\liblpc_chip_11exx.a(uart_11xx.o) (RingBuffer_Insert)
c:/nxp/lpcxpresso_7.2.0_153/lpcxpresso/tools/bin/../lib/gcc/arm-none-eabi/4.8.3/../../../../arm-none-eabi/lib/armv6-m\libcr_nohost.a(_cr__main.o)
                              ./src/cr_startup_lpc11exx.o (__main)
c:/nxp/lpcxpresso_7.2.0_153/lpcxpresso/tools/bin/../lib/gcc/arm-none-eabi/4.8.3/../../../../arm-none-eabi/lib/armv6-m\libcr_c.a(memcpy.o)
                              ./src/w5500_init.o (memcpy)
c:/nxp/lpcxpresso_7.2.0_153/lpcxpresso/tools/bin/../lib/gcc/arm-none-eabi/4.8.3/../../../../arm-none-eabi/lib/armv6-m\libcr_c.a(memset.o)
                              ./src/ioLibrary/Internet/DNS/dns.o (memset)
c:/nxp/lpcxpresso_7.2.0_153/lpcxpresso/tools/bin/../lib/gcc/arm-none-eabi/4.8.3/../../../../arm-none-eabi/lib/armv6-m\libcr_c.a(fpprintf.o)
                              ./src/Application/loopback.o (printf)
c:/nxp/lpcxpresso_7.2.0_153/lpcxpresso/tools/bin/../lib/gcc/arm-none-eabi/4.8.3/../../../../arm-none-eabi/lib/armv6-m\libcr_c.a(initio.o)
                              c:/nxp/lpcxpresso_7.2.0_153/lpcxpresso/tools/bin/../lib/gcc/arm-none-eabi/4.8.3/../../../../arm-none-eabi/lib/armv6-m\libcr_nohost.a(_cr__main.o) (_initio)
c:/nxp/lpcxpresso_7.2.0_153/lpcxpresso/tools/bin/../lib/gcc/arm-none-eabi/4.8.3/../../../../arm-none-eabi/lib/armv6-m\libcr_c.a(printf.o)
                              c:/nxp/lpcxpresso_7.2.0_153/lpcxpresso/tools/bin/../lib/gcc/arm-none-eabi/4.8.3/../../../../arm-none-eabi/lib/armv6-m\libcr_c.a(fpprintf.o) (__vfprintf)
c:/nxp/lpcxpresso_7.2.0_153/lpcxpresso/tools/bin/../lib/gcc/arm-none-eabi/4.8.3/../../../../arm-none-eabi/lib/armv6-m\libcr_c.a(setvbuf.o)
                              c:/nxp/lpcxpresso_7.2.0_153/lpcxpresso/tools/bin/../lib/gcc/arm-none-eabi/4.8.3/../../../../arm-none-eabi/lib/armv6-m\libcr_c.a(initio.o) (setvbuf)
c:/nxp/lpcxpresso_7.2.0_153/lpcxpresso/tools/bin/../lib/gcc/arm-none-eabi/4.8.3/../../../../arm-none-eabi/lib/armv6-m\libcr_c.a(stdio.o)
                              c:/nxp/lpcxpresso_7.2.0_153/lpcxpresso/tools/bin/../lib/gcc/arm-none-eabi/4.8.3/../../../../arm-none-eabi/lib/armv6-m\libcr_c.a(fpprintf.o) (__Ciob)
c:/nxp/lpcxpresso_7.2.0_153/lpcxpresso/tools/bin/../lib/gcc/arm-none-eabi/4.8.3/../../../../arm-none-eabi/lib/armv6-m\libcr_c.a(strchr.o)
                              ./src/ioLibrary/Internet/DNS/dns.o (strchr)
[...]
Memory Configuration

Name             Origin             Length             Attributes
MFlash96         0x00000000         0x00018000         xr
RamLoc8          0x10000000         0x00002000         xrw
RamPeriph2       0x20000000         0x00000800         xrw
SRAM1_2          0x20004000         0x00000800         xrw
*default*        0x00000000         0xffffffff

Linker script and memory map

LOAD ./src/ioLibrary/Internet/DNS/dns.o
LOAD ./src/ioLibrary/Internet/DHCP/dhcp.o
LOAD ./src/ioLibrary/Ethernet/W5500/w5500.o
LOAD ./src/ioLibrary/Ethernet/socket.o
LOAD ./src/ioLibrary/Ethernet/wizchip_conf.o
LOAD ./src/PlatformHandler/spi_handler.o
LOAD ./src/Application/loopback.o
LOAD ./src/W5500EVB.o
LOAD ./src/aeabi_romdiv_patch.o
LOAD ./src/cr_startup_lpc11exx.o
LOAD ./src/crp.o
LOAD ./src/sysinit.o
LOAD ./src/w5500_init.o
LOAD C:\Users\Administrator\Documents\GitHub\Loopback_LPC11E36_LPCXpresso\wiznet_evb_w5500evb_board\Debug\libwiznet_evb_w5500evb_board.a
LOAD C:\Users\Administrator\Documents\GitHub\Loopback_LPC11E36_LPCXpresso\lpc_chip_11exx\Debug\liblpc_chip_11exx.a
START GROUP
LOAD c:/nxp/lpcxpresso_7.2.0_153/lpcxpresso/tools/bin/../lib/gcc/arm-none-eabi/4.8.3/../../../../arm-none-eabi/lib/armv6-m\libcr_nohost.a
LOAD c:/nxp/lpcxpresso_7.2.0_153/lpcxpresso/tools/bin/../lib/gcc/arm-none-eabi/4.8.3/../../../../arm-none-eabi/lib/armv6-m\libcr_c.a
LOAD c:/nxp/lpcxpresso_7.2.0_153/lpcxpresso/tools/bin/../lib/gcc/arm-none-eabi/4.8.3/armv6-m\libcr_eabihelpers.a
END GROUP
                0x00018000                __top_MFlash96 = 0x18000
                0x10002000                __top_RamLoc8 = 0x10002000
                0x20000800                __top_RamPeriph2 = 0x20000800
                0x20004800                __top_SRAM1_2 = 0x20004800

.text           0x00000000     0x4dc0
 FILL mask 0xff
                0x00000000                __vectors_start__ = ABSOLUTE (.)
 *(.isr_vector)
 .isr_vector    0x00000000       0xc0 ./src/cr_startup_lpc11exx.o
                0x00000000                g_pfnVectors
                0x000000c0                . = ALIGN (0x4)
                0x000000c0                __section_table_start = .
                0x000000c0                __data_section_table = .
                0x000000c0        0x4 LONG 0x4dc0 LOADADDR (.data)
                0x000000c4        0x4 LONG 0x10000000 ADDR (.data)
                0x000000c8        0x4 LONG 0x24 SIZEOF (.data)
                0x000000cc        0x4 LONG 0x4dc0 LOADADDR (.data_RAM2)
                0x000000d0        0x4 LONG 0x20000000 ADDR (.data_RAM2)
                0x000000d4        0x4 LONG 0x0 SIZEOF (.data_RAM2)
                0x000000d8        0x4 LONG 0x4dc0 LOADADDR (.data_RAM3)
                0x000000dc        0x4 LONG 0x20004000 ADDR (.data_RAM3)
                0x000000e0        0x4 LONG 0x0 SIZEOF (.data_RAM3)
                0x000000e4                __data_section_table_end = .
                0x000000e4                __bss_section_table = .
                0x000000e4        0x4 LONG 0x10000024 ADDR (.bss)
                0x000000e8        0x4 LONG 0x208 SIZEOF (.bss)
                0x000000ec        0x4 LONG 0x20000000 ADDR (.bss_RAM2)
                0x000000f0        0x4 LONG 0x0 SIZEOF (.bss_RAM2)
                0x000000f4        0x4 LONG 0x20004000 ADDR (.bss_RAM3)
                0x000000f8        0x4 LONG 0x0 SIZEOF (.bss_RAM3)
                0x000000fc                __bss_section_table_end = .
                0x000000fc                __section_table_end = .
 *(.after_vectors*)
 .after_vectors
                0x000000fc       0xbc ./src/cr_startup_lpc11exx.o
                0x000000fc                NMI_Handler
                0x00000100                HardFault_Handler
                0x00000104                SVC_Handler
                0x00000108                PendSV_Handler
                0x0000010c                SysTick_Handler
                0x00000110                UART_IRQHandler
                0x00000110                TIMER32_0_IRQHandler
                0x00000110                FLEX_INT7_IRQHandler
                0x00000110                FMC_IRQHandler
                0x00000110                TIMER32_1_IRQHandler
                0x00000110                FLEX_INT1_IRQHandler
                0x00000110                IntDefaultHandler
                0x00000110                SSP0_IRQHandler
                0x00000110                FLEX_INT6_IRQHandler
                0x00000110                FLEX_INT0_IRQHandler
                0x00000110                FLEX_INT2_IRQHandler
                0x00000110                TIMER16_1_IRQHandler
                0x00000110                FLEX_INT5_IRQHandler
                0x00000110                ADC_IRQHandler
                0x00000110                SSP1_IRQHandler
                0x00000110                FLEX_INT3_IRQHandler
                0x00000110                BOD_IRQHandler
                0x00000110                I2C_IRQHandler
                0x00000110                WDT_IRQHandler
                0x00000110                TIMER16_0_IRQHandler
                0x00000110                GINT0_IRQHandler
                0x00000110                FLEX_INT4_IRQHandler
                0x00000110                GINT1_IRQHandler
                0x00000114                data_init
                0x0000012c                bss_init
                0x00000140                ResetISR
                0x000002fc                . = 0x2fc
 *fill*         0x000001b8      0x144 ff
                0x000002fc                PROVIDE (__CRP_WORD_START__, .)
 *(.crp)
 .crp           0x000002fc        0x4 ./src/crp.o
                0x000002fc                CRP_WORD
                0x00000300                PROVIDE (__CRP_WORD_END__, .)
                0x00000001                ASSERT (! ((__CRP_WORD_START__ == __CRP_WORD_END__)), Linker CRP Enabled, but no CRP_WORD provided within application)
 *(.text*)
 .text.WIZCHIP_READ
                0x00000300       0x3c ./src/ioLibrary/Ethernet/W5500/w5500.o
                0x00000300                WIZCHIP_READ
 .text.WIZCHIP_WRITE
                0x0000033c       0x40 ./src/ioLibrary/Ethernet/W5500/w5500.o
                0x0000033c                WIZCHIP_WRITE
 .text.WIZCHIP_READ_BUF
                0x0000037c       0x58 ./src/ioLibrary/Ethernet/W5500/w5500.o
                0x0000037c                WIZCHIP_READ_BUF
 .text.WIZCHIP_WRITE_BUF
                0x000003d4       0x5c ./src/ioLibrary/Ethernet/W5500/w5500.o
                0x000003d4                WIZCHIP_WRITE_BUF
 .text.getSn_TX_FSR
                0x00000430       0x48 ./src/ioLibrary/Ethernet/W5500/w5500.o
                0x00000430                getSn_TX_FSR
 .text.getSn_RX_RSR
                0x00000478       0x48 ./src/ioLibrary/Ethernet/W5500/w5500.o
                0x00000478                getSn_RX_RSR
 .text.wiz_send_data
                0x000004c0       0x70 ./src/ioLibrary/Ethernet/W5500/w5500.o
                0x000004c0                wiz_send_data
 .text.wiz_recv_data
                0x00000530       0x70 ./src/ioLibrary/Ethernet/W5500/w5500.o
                0x00000530                wiz_recv_data
 .text.wiz_recv_ignore
                0x000005a0       0x3c ./src/ioLibrary/Ethernet/W5500/w5500.o
                0x000005a0                wiz_recv_ignore
 .text.close    0x000005dc       0x70 ./src/ioLibrary/Ethernet/socket.o
                0x000005dc                close
 .text.socket   0x0000064c      0x130 ./src/ioLibrary/Ethernet/socket.o
                0x0000064c                socket
 .text.listen   0x0000077c       0x74 ./src/ioLibrary/Ethernet/socket.o
                0x0000077c                listen
 .text.disconnect
                0x000007f0       0x90 ./src/ioLibrary/Ethernet/socket.o
                0x000007f0                disconnect
 .text.send     0x00000880      0x14c ./src/ioLibrary/Ethernet/socket.o
                0x00000880                send
 .text.recv     0x000009cc      0x110 ./src/ioLibrary/Ethernet/socket.o
                0x000009cc                recv
 .text.sendto   0x00000adc      0x16c ./src/ioLibrary/Ethernet/socket.o
                0x00000adc                sendto
 .text.recvfrom
                0x00000c48      0x20c ./src/ioLibrary/Ethernet/socket.o
                0x00000c48                recvfrom
 .text.wizchip_cris_enter
                0x00000e54        0x4 ./src/ioLibrary/Ethernet/wizchip_conf.o
                0x00000e54                wizchip_cris_enter
 .text.wizchip_cris_exit
                0x00000e58        0x4 ./src/ioLibrary/Ethernet/wizchip_conf.o
                0x00000e58                wizchip_cris_exit
 .text.wizchip_cs_select
                0x00000e5c        0x4 ./src/ioLibrary/Ethernet/wizchip_conf.o
                0x00000e5c                wizchip_cs_select
 .text.wizchip_cs_deselect
                0x00000e60        0x4 ./src/ioLibrary/Ethernet/wizchip_conf.o
                0x00000e60                wizchip_cs_deselect
 .text.wizchip_bus_readbyte
                0x00000e64        0x8 ./src/ioLibrary/Ethernet/wizchip_conf.o
                0x00000e64                wizchip_bus_readbyte
 .text.wizchip_bus_writebyte
                0x00000e6c        0x4 ./src/ioLibrary/Ethernet/wizchip_conf.o
                0x00000e6c                wizchip_bus_writebyte
 .text.wizchip_spi_readbyte
                0x00000e70        0x4 ./src/ioLibrary/Ethernet/wizchip_conf.o
                0x00000e70                wizchip_spi_readbyte
 .text.wizchip_spi_writebyte
                0x00000e74        0x4 ./src/ioLibrary/Ethernet/wizchip_conf.o
                0x00000e74                wizchip_spi_writebyte
 .text.reg_wizchip_cs_cbfunc
                0x00000e78       0x28 ./src/ioLibrary/Ethernet/wizchip_conf.o
                0x00000e78                reg_wizchip_cs_cbfunc
 .text.reg_wizchip_spi_cbfunc
                0x00000ea0       0x38 ./src/ioLibrary/Ethernet/wizchip_conf.o
                0x00000ea0                reg_wizchip_spi_cbfunc
 .text.wizchip_sw_reset
                0x00000ed8       0x78 ./src/ioLibrary/Ethernet/wizchip_conf.o
                0x00000ed8                wizchip_sw_reset
 .text.wizchip_init
                0x00000f50       0xa0 ./src/ioLibrary/Ethernet/wizchip_conf.o
                0x00000f50                wizchip_init
 .text.wizchip_clrinterrupt
                0x00000ff0       0x1c ./src/ioLibrary/Ethernet/wizchip_conf.o
                0x00000ff0                wizchip_clrinterrupt
 .text.wizchip_getinterrupt
                0x0000100c       0x24 ./src/ioLibrary/Ethernet/wizchip_conf.o
                0x0000100c                wizchip_getinterrupt
 .text.wizchip_setinterruptmask
                0x00001030       0x1c ./src/ioLibrary/Ethernet/wizchip_conf.o
                0x00001030                wizchip_setinterruptmask
 .text.wizchip_getinterruptmask
                0x0000104c       0x1c ./src/ioLibrary/Ethernet/wizchip_conf.o
                0x0000104c                wizchip_getinterruptmask
 .text.wizphy_getphylink
                0x00001068       0x10 ./src/ioLibrary/Ethernet/wizchip_conf.o
                0x00001068                wizphy_getphylink
 .text.wizphy_getphypmode
                0x00001078       0x18 ./src/ioLibrary/Ethernet/wizchip_conf.o
                0x00001078                wizphy_getphypmode
 .text.wizphy_reset
                0x00001090       0x2c ./src/ioLibrary/Ethernet/wizchip_conf.o
                0x00001090                wizphy_reset
 .text.wizphy_setphyconf
                0x000010bc       0x48 ./src/ioLibrary/Ethernet/wizchip_conf.o
                0x000010bc                wizphy_setphyconf
 .text.wizphy_getphyconf
                0x00001104       0x58 ./src/ioLibrary/Ethernet/wizchip_conf.o
                0x00001104                wizphy_getphyconf
 .text.wizphy_setphypmode
                0x0000115c       0x5c ./src/ioLibrary/Ethernet/wizchip_conf.o
                0x0000115c                wizphy_setphypmode
 .text.ctlwizchip
                0x000011b8      0x110 ./src/ioLibrary/Ethernet/wizchip_conf.o
                0x000011b8                ctlwizchip
 .text.wizchip_setnetinfo
                0x000012c8       0x5c ./src/ioLibrary/Ethernet/wizchip_conf.o
                0x000012c8                wizchip_setnetinfo
 .text.wizchip_getnetinfo
                0x00001324       0x5c ./src/ioLibrary/Ethernet/wizchip_conf.o
                0x00001324                wizchip_getnetinfo
 .text.wizchip_setnetmode
                0x00001380       0x28 ./src/ioLibrary/Ethernet/wizchip_conf.o
                0x00001380                wizchip_setnetmode
 .text.wizchip_getnetmode
                0x000013a8        0xc ./src/ioLibrary/Ethernet/wizchip_conf.o
                0x000013a8                wizchip_getnetmode
 .text.wizchip_settimeout
                0x000013b4       0x28 ./src/ioLibrary/Ethernet/wizchip_conf.o
                0x000013b4                wizchip_settimeout
 .text.wizchip_gettimeout
                0x000013dc       0x28 ./src/ioLibrary/Ethernet/wizchip_conf.o
                0x000013dc                wizchip_gettimeout
 .text.ctlnetwork
                0x00001404       0x54 ./src/ioLibrary/Ethernet/wizchip_conf.o
                0x00001404                ctlnetwork
 .text.Init_SSP_PinMux
                0x00001458       0x58 ./src/PlatformHandler/spi_handler.o
 .text.SPI_Init
                0x000014b0       0x3c ./src/PlatformHandler/spi_handler.o
                0x000014b0                SPI_Init
 .text.loopback_tcps
                0x000014ec      0x188 ./src/Application/loopback.o
                0x000014ec                loopback_tcps
 .text.loopback_udps
                0x00001674       0xe0 ./src/Application/loopback.o
                0x00001674                loopback_udps
 .text.main     0x00001754       0x74 ./src/W5500EVB.o
                0x00001754                main
 .text.__aeabi_idiv
                0x000017c8       0x10 ./src/aeabi_romdiv_patch.o
                0x000017c8                __aeabi_idivmod
                0x000017c8                __aeabi_idiv
 .text.__aeabi_uidiv
                0x000017d8       0x10 ./src/aeabi_romdiv_patch.o
                0x000017d8                __aeabi_uidivmod
                0x000017d8                __aeabi_uidiv
 .text.SystemInit
                0x000017e8        0x8 ./src/sysinit.o
                0x000017e8                SystemInit
 .text.wizchip_select
                0x000017f0        0xc ./src/w5500_init.o
 .text.wizchip_deselect
                0x000017fc        0xc ./src/w5500_init.o
 .text.wizchip_write
                0x00001808       0x1c ./src/w5500_init.o
 .text.wizchip_read
                0x00001824       0x1c ./src/w5500_init.o
 .text.delay_cnt
                0x00001840       0x18 ./src/w5500_init.o
                0x00001840                delay_cnt
 .text.display_net_info
                0x00001858       0x80 ./src/w5500_init.o
                0x00001858                display_net_info
 .text.Net_Conf
                0x000018d8       0x60 ./src/w5500_init.o
                0x000018d8                Net_Conf
 .text.W5500_Init
                0x00001938       0x70 ./src/w5500_init.o
                0x00001938                W5500_Init
 .text.Board_LED_Init
                0x000019a8       0x4c C:\Users\Administrator\Documents\GitHub\Loopback_LPC11E36_LPCXpresso\wiznet_evb_w5500evb_board\Debug\libwiznet_evb_w5500evb_board.a(board.o)
 .text.Board_UARTPutChar
                0x000019f4       0x1c C:\Users\Administrator\Documents\GitHub\Loopback_LPC11E36_LPCXpresso\wiznet_evb_w5500evb_board\Debug\libwiznet_evb_w5500evb_board.a(board.o)
                0x000019f4                Board_UARTPutChar
 .text.__sys_write
                0x00001a10       0x1c C:\Users\Administrator\Documents\GitHub\Loopback_LPC11E36_LPCXpresso\wiznet_evb_w5500evb_board\Debug\libwiznet_evb_w5500evb_board.a(board.o)
                0x00001a10                __sys_write
 .text.Board_Debug_Init
                0x00001a2c       0x44 C:\Users\Administrator\Documents\GitHub\Loopback_LPC11E36_LPCXpresso\wiznet_evb_w5500evb_board\Debug\libwiznet_evb_w5500evb_board.a(board.o)
                0x00001a2c                Board_Debug_Init
 .text.Board_LED_Set
                0x00001a70       0x24 C:\Users\Administrator\Documents\GitHub\Loopback_LPC11E36_LPCXpresso\wiznet_evb_w5500evb_board\Debug\libwiznet_evb_w5500evb_board.a(board.o)
                0x00001a70                Board_LED_Set
 .text.Board_Init
                0x00001a94       0x2c C:\Users\Administrator\Documents\GitHub\Loopback_LPC11E36_LPCXpresso\wiznet_evb_w5500evb_board\Debug\libwiznet_evb_w5500evb_board.a(board.o)
                0x00001a94                Board_Init
 .text.SystemSetupClocking
                0x00001ac0       0x64 C:\Users\Administrator\Documents\GitHub\Loopback_LPC11E36_LPCXpresso\wiznet_evb_w5500evb_board\Debug\libwiznet_evb_w5500evb_board.a(board_sysinit.o)
 .text.SystemSetupMuxing
                0x00001b24       0x3c C:\Users\Administrator\Documents\GitHub\Loopback_LPC11E36_LPCXpresso\wiznet_evb_w5500evb_board\Debug\libwiznet_evb_w5500evb_board.a(board_sysinit.o)
 .text.Board_SystemInit
                0x00001b60       0x20 C:\Users\Administrator\Documents\GitHub\Loopback_LPC11E36_LPCXpresso\wiznet_evb_w5500evb_board\Debug\libwiznet_evb_w5500evb_board.a(board_sysinit.o)
                0x00001b60                Board_SystemInit
 .text.SystemCoreClockUpdate
                0x00001b80       0x10 C:\Users\Administrator\Documents\GitHub\Loopback_LPC11E36_LPCXpresso\lpc_chip_11exx\Debug\liblpc_chip_11exx.a(chip_11xx.o)
                0x00001b80                SystemCoreClockUpdate
 .text.Chip_Clock_GetWDTLFORate
                0x00001b90       0x20 C:\Users\Administrator\Documents\GitHub\Loopback_LPC11E36_LPCXpresso\lpc_chip_11exx\Debug\liblpc_chip_11exx.a(clock_11xx.o)
 .text.Chip_Clock_GetPLLFreq
                0x00001bb0        0xc C:\Users\Administrator\Documents\GitHub\Loopback_LPC11E36_LPCXpresso\lpc_chip_11exx\Debug\liblpc_chip_11exx.a(clock_11xx.o)
 .text.Chip_Clock_SetSystemPLLSource
                0x00001bbc       0x14 C:\Users\Administrator\Documents\GitHub\Loopback_LPC11E36_LPCXpresso\lpc_chip_11exx\Debug\liblpc_chip_11exx.a(clock_11xx.o)
                0x00001bbc                Chip_Clock_SetSystemPLLSource
 .text.Chip_Clock_SetMainClockSource
                0x00001bd0       0x14 C:\Users\Administrator\Documents\GitHub\Loopback_LPC11E36_LPCXpresso\lpc_chip_11exx\Debug\liblpc_chip_11exx.a(clock_11xx.o)
                0x00001bd0                Chip_Clock_SetMainClockSource
 .text.Chip_Clock_GetWDTOSCRate
                0x00001be4       0x10 C:\Users\Administrator\Documents\GitHub\Loopback_LPC11E36_LPCXpresso\lpc_chip_11exx\Debug\liblpc_chip_11exx.a(clock_11xx.o)
                0x00001be4                Chip_Clock_GetWDTOSCRate
 .text.Chip_Clock_GetSystemPLLInClockRate
                0x00001bf4       0x2c C:\Users\Administrator\Documents\GitHub\Loopback_LPC11E36_LPCXpresso\lpc_chip_11exx\Debug\liblpc_chip_11exx.a(clock_11xx.o)
                0x00001bf4                Chip_Clock_GetSystemPLLInClockRate
 .text.Chip_Clock_GetSystemPLLOutClockRate
                0x00001c20       0x18 C:\Users\Administrator\Documents\GitHub\Loopback_LPC11E36_LPCXpresso\lpc_chip_11exx\Debug\liblpc_chip_11exx.a(clock_11xx.o)
                0x00001c20                Chip_Clock_GetSystemPLLOutClockRate
 .text.Chip_Clock_GetMainClockRate
                0x00001c38       0x40 C:\Users\Administrator\Documents\GitHub\Loopback_LPC11E36_LPCXpresso\lpc_chip_11exx\Debug\liblpc_chip_11exx.a(clock_11xx.o)
                0x00001c38                Chip_Clock_GetMainClockRate
 .text.Chip_Clock_GetSystemClockRate
                0x00001c78       0x14 C:\Users\Administrator\Documents\GitHub\Loopback_LPC11E36_LPCXpresso\lpc_chip_11exx\Debug\liblpc_chip_11exx.a(clock_11xx.o)
                0x00001c78                Chip_Clock_GetSystemClockRate
 .text.Chip_GPIO_Init
                0x00001c8c       0x14 C:\Users\Administrator\Documents\GitHub\Loopback_LPC11E36_LPCXpresso\lpc_chip_11exx\Debug\liblpc_chip_11exx.a(gpio_11xx_1.o)
                0x00001c8c                Chip_GPIO_Init
 .text.Chip_IOCON_PinMuxSet
                0x00001ca0       0x14 C:\Users\Administrator\Documents\GitHub\Loopback_LPC11E36_LPCXpresso\lpc_chip_11exx\Debug\liblpc_chip_11exx.a(iocon_11xx.o)
                0x00001ca0                Chip_IOCON_PinMuxSet
 .text.Chip_SSP_GetClockIndex
                0x00001cb4       0x14 C:\Users\Administrator\Documents\GitHub\Loopback_LPC11E36_LPCXpresso\lpc_chip_11exx\Debug\liblpc_chip_11exx.a(ssp_11xx.o)
 .text.Chip_SSP_GetResetIndex
                0x00001cc8       0x10 C:\Users\Administrator\Documents\GitHub\Loopback_LPC11E36_LPCXpresso\lpc_chip_11exx\Debug\liblpc_chip_11exx.a(ssp_11xx.o)
 .text.Chip_SSP_SetSSPClkDivider
                0x00001cd8       0x20 C:\Users\Administrator\Documents\GitHub\Loopback_LPC11E36_LPCXpresso\lpc_chip_11exx\Debug\liblpc_chip_11exx.a(ssp_11xx.o)
 .text.Chip_SSP_GetPCLKkRate
                0x00001cf8       0x30 C:\Users\Administrator\Documents\GitHub\Loopback_LPC11E36_LPCXpresso\lpc_chip_11exx\Debug\liblpc_chip_11exx.a(ssp_11xx.o)
 .text.Chip_SSP_SetClockRate
                0x00001d28       0x18 C:\Users\Administrator\Documents\GitHub\Loopback_LPC11E36_LPCXpresso\lpc_chip_11exx\Debug\liblpc_chip_11exx.a(ssp_11xx.o)
                0x00001d28                Chip_SSP_SetClockRate
 .text.Chip_SSP_WriteFrames_Blocking
                0x00001d40       0xb8 C:\Users\Administrator\Documents\GitHub\Loopback_LPC11E36_LPCXpresso\lpc_chip_11exx\Debug\liblpc_chip_11exx.a(ssp_11xx.o)
                0x00001d40                Chip_SSP_WriteFrames_Blocking
 .text.Chip_SSP_ReadFrames_Blocking
                0x00001df8       0xd0 C:\Users\Administrator\Documents\GitHub\Loopback_LPC11E36_LPCXpresso\lpc_chip_11exx\Debug\liblpc_chip_11exx.a(ssp_11xx.o)
                0x00001df8                Chip_SSP_ReadFrames_Blocking
 .text.Chip_SSP_SetMaster
                0x00001ec8       0x18 C:\Users\Administrator\Documents\GitHub\Loopback_LPC11E36_LPCXpresso\lpc_chip_11exx\Debug\liblpc_chip_11exx.a(ssp_11xx.o)
                0x00001ec8                Chip_SSP_SetMaster
 .text.Chip_SSP_SetBitRate
                0x00001ee0       0x54 C:\Users\Administrator\Documents\GitHub\Loopback_LPC11E36_LPCXpresso\lpc_chip_11exx\Debug\liblpc_chip_11exx.a(ssp_11xx.o)
                0x00001ee0                Chip_SSP_SetBitRate
 .text.Chip_SSP_Init
                0x00001f34       0x5c C:\Users\Administrator\Documents\GitHub\Loopback_LPC11E36_LPCXpresso\lpc_chip_11exx\Debug\liblpc_chip_11exx.a(ssp_11xx.o)
                0x00001f34                Chip_SSP_Init
 .text.Chip_SYSCTL_PowerDown
                0x00001f90       0x1c C:\Users\Administrator\Documents\GitHub\Loopback_LPC11E36_LPCXpresso\lpc_chip_11exx\Debug\liblpc_chip_11exx.a(sysctl_11xx.o)
                0x00001f90                Chip_SYSCTL_PowerDown
 .text.Chip_SYSCTL_PowerUp
                0x00001fac       0x24 C:\Users\Administrator\Documents\GitHub\Loopback_LPC11E36_LPCXpresso\lpc_chip_11exx\Debug\liblpc_chip_11exx.a(sysctl_11xx.o)
                0x00001fac                Chip_SYSCTL_PowerUp
 .text.Chip_UART_Init
                0x00001fd0       0x28 C:\Users\Administrator\Documents\GitHub\Loopback_LPC11E36_LPCXpresso\lpc_chip_11exx\Debug\liblpc_chip_11exx.a(uart_11xx.o)
                0x00001fd0                Chip_UART_Init
 .text.Chip_UART_Send
                0x00001ff8       0x20 C:\Users\Administrator\Documents\GitHub\Loopback_LPC11E36_LPCXpresso\lpc_chip_11exx\Debug\liblpc_chip_11exx.a(uart_11xx.o)
                0x00001ff8                Chip_UART_Send
 .text.Chip_UART_SendBlocking
                0x00002018       0x24 C:\Users\Administrator\Documents\GitHub\Loopback_LPC11E36_LPCXpresso\lpc_chip_11exx\Debug\liblpc_chip_11exx.a(uart_11xx.o)
                0x00002018                Chip_UART_SendBlocking
 .text.Chip_UART_SetBaud
                0x0000203c       0x3c C:\Users\Administrator\Documents\GitHub\Loopback_LPC11E36_LPCXpresso\lpc_chip_11exx\Debug\liblpc_chip_11exx.a(uart_11xx.o)
                0x0000203c                Chip_UART_SetBaud
 .text.__main   0x00002078       0x12 c:/nxp/lpcxpresso_7.2.0_153/lpcxpresso/tools/bin/../lib/gcc/arm-none-eabi/4.8.3/../../../../arm-none-eabi/lib/armv6-m\libcr_nohost.a(_cr__main.o)
                0x00002078                __main
 .text.memcpy   0x0000208a        0x8 c:/nxp/lpcxpresso_7.2.0_153/lpcxpresso/tools/bin/../lib/gcc/arm-none-eabi/4.8.3/../../../../arm-none-eabi/lib/armv6-m\libcr_c.a(memcpy.o)
                0x0000208a                memcpy
 .text.memset   0x00002092        0x8 c:/nxp/lpcxpresso_7.2.0_153/lpcxpresso/tools/bin/../lib/gcc/arm-none-eabi/4.8.3/../../../../arm-none-eabi/lib/armv6-m\libcr_c.a(memset.o)
                0x00002092                memset
 .text.fp_round
                0x0000209a       0x48 c:/nxp/lpcxpresso_7.2.0_153/lpcxpresso/tools/bin/../lib/gcc/arm-none-eabi/4.8.3/../../../../arm-none-eabi/lib/armv6-m\libcr_c.a(fpprintf.o)
 .text.pr_dec.constprop.1
                0x000020e2       0x28 c:/nxp/lpcxpresso_7.2.0_153/lpcxpresso/tools/bin/../lib/gcc/arm-none-eabi/4.8.3/../../../../arm-none-eabi/lib/armv6-m\libcr_c.a(fpprintf.o)
 *fill*         0x0000210a        0x6 
 .text.sprintf  0x00002110       0x70 c:/nxp/lpcxpresso_7.2.0_153/lpcxpresso/tools/bin/../lib/gcc/arm-none-eabi/4.8.3/../../../../arm-none-eabi/lib/armv6-m\libcr_c.a(fpprintf.o)
                0x00002110                sprintf
 .text.fp_display
                0x00002180      0x980 c:/nxp/lpcxpresso_7.2.0_153/lpcxpresso/tools/bin/../lib/gcc/arm-none-eabi/4.8.3/../../../../arm-none-eabi/lib/armv6-m\libcr_c.a(fpprintf.o)
 .text.vsnprintf
                0x00002b00       0x5c c:/nxp/lpcxpresso_7.2.0_153/lpcxpresso/tools/bin/../lib/gcc/arm-none-eabi/4.8.3/../../../../arm-none-eabi/lib/armv6-m\libcr_c.a(fpprintf.o)
                0x00002b00                vsnprintf
 .text.printf   0x00002b5c       0x50 c:/nxp/lpcxpresso_7.2.0_153/lpcxpresso/tools/bin/../lib/gcc/arm-none-eabi/4.8.3/../../../../arm-none-eabi/lib/armv6-m\libcr_c.a(fpprintf.o)
                0x00002b5c                printf
 .text._initio  0x00002bac       0xa4 c:/nxp/lpcxpresso_7.2.0_153/lpcxpresso/tools/bin/../lib/gcc/arm-none-eabi/4.8.3/../../../../arm-none-eabi/lib/armv6-m\libcr_c.a(initio.o)
                0x00002bac                _initio
 .text.__vfprintf
                0x00002c50      0xd4c c:/nxp/lpcxpresso_7.2.0_153/lpcxpresso/tools/bin/../lib/gcc/arm-none-eabi/4.8.3/../../../../arm-none-eabi/lib/armv6-m\libcr_c.a(printf.o)
                0x00002c50                __vfprintf
 .text.setvbuf  0x0000399c       0x48 c:/nxp/lpcxpresso_7.2.0_153/lpcxpresso/tools/bin/../lib/gcc/arm-none-eabi/4.8.3/../../../../arm-none-eabi/lib/armv6-m\libcr_c.a(setvbuf.o)
                0x0000399c                setvbuf
 .text.strlen   0x000039e4       0x54 c:/nxp/lpcxpresso_7.2.0_153/lpcxpresso/tools/bin/../lib/gcc/arm-none-eabi/4.8.3/../../../../arm-none-eabi/lib/armv6-m\libcr_c.a(strlen.o)
                0x000039e4                strlen
 .text._deferredlazyseek
                0x00003a38       0x44 c:/nxp/lpcxpresso_7.2.0_153/lpcxpresso/tools/bin/../lib/gcc/arm-none-eabi/4.8.3/../../../../arm-none-eabi/lib/armv6-m\libcr_c.a(_deferredlazyseek.o)
                0x00003a38                _deferredlazyseek
 .text.__flsbuf
                0x00003a7c      0x154 c:/nxp/lpcxpresso_7.2.0_153/lpcxpresso/tools/bin/../lib/gcc/arm-none-eabi/4.8.3/../../../../arm-none-eabi/lib/armv6-m\libcr_c.a(_deferredlazyseek.o)
                0x00003a7c                __flsbuf
 .text._fdopen  0x00003bd0       0x68 c:/nxp/lpcxpresso_7.2.0_153/lpcxpresso/tools/bin/../lib/gcc/arm-none-eabi/4.8.3/../../../../arm-none-eabi/lib/armv6-m\libcr_c.a(_fdopen.o)
                0x00003bd0                _fdopen
 .text._fflush  0x00003c38       0x64 c:/nxp/lpcxpresso_7.2.0_153/lpcxpresso/tools/bin/../lib/gcc/arm-none-eabi/4.8.3/../../../../arm-none-eabi/lib/armv6-m\libcr_c.a(_fflush.o)
                0x00003c38                _fflush
 *fill*         0x00003c9c        0x4 
 .text._frexpl  0x00003ca0       0x80 c:/nxp/lpcxpresso_7.2.0_153/lpcxpresso/tools/bin/../lib/gcc/arm-none-eabi/4.8.3/../../../../arm-none-eabi/lib/armv6-m\libcr_c.a(_frexpl.o)
                0x00003ca0                _frexpl
 .text._ldexpl  0x00003d20       0x60 c:/nxp/lpcxpresso_7.2.0_153/lpcxpresso/tools/bin/../lib/gcc/arm-none-eabi/4.8.3/../../../../arm-none-eabi/lib/armv6-m\libcr_c.a(_ldexpl.o)
                0x00003d20                _ldexpl
 .text._Cwritebuf
                0x00003d80       0x6c c:/nxp/lpcxpresso_7.2.0_153/lpcxpresso/tools/bin/../lib/gcc/arm-none-eabi/4.8.3/../../../../arm-none-eabi/lib/armv6-m\libcr_c.a(_writebuf.o)
                0x00003d80                _Cwritebuf
 .text.malloc   0x00003dec       0xc0 c:/nxp/lpcxpresso_7.2.0_153/lpcxpresso/tools/bin/../lib/gcc/arm-none-eabi/4.8.3/../../../../arm-none-eabi/lib/armv6-m\libcr_c.a(alloc.o)
                0x00003dec                malloc
 .text.free     0x00003eac        0xe c:/nxp/lpcxpresso_7.2.0_153/lpcxpresso/tools/bin/../lib/gcc/arm-none-eabi/4.8.3/../../../../arm-none-eabi/lib/armv6-m\libcr_c.a(alloc.o)
                0x00003eac                free
 *fill*         0x00003eba        0x2 
 .text._Csys_alloc
                0x00003ebc       0x20 c:/nxp/lpcxpresso_7.2.0_153/lpcxpresso/tools/bin/../lib/gcc/arm-none-eabi/4.8.3/../../../../arm-none-eabi/lib/armv6-m\libcr_c.a(alloc.o)
                0x00003ebc                _Csys_alloc
 .text.fclose   0x00003edc       0x70 c:/nxp/lpcxpresso_7.2.0_153/lpcxpresso/tools/bin/../lib/gcc/arm-none-eabi/4.8.3/../../../../arm-none-eabi/lib/armv6-m\libcr_c.a(fclose.o)
                0x00003edc                fclose
 .text.fflush   0x00003f4c       0x34 c:/nxp/lpcxpresso_7.2.0_153/lpcxpresso/tools/bin/../lib/gcc/arm-none-eabi/4.8.3/../../../../arm-none-eabi/lib/armv6-m\libcr_c.a(fflush.o)
                0x00003f4c                fflush
 .text.fseek    0x00003f80       0xf8 c:/nxp/lpcxpresso_7.2.0_153/lpcxpresso/tools/bin/../lib/gcc/arm-none-eabi/4.8.3/../../../../arm-none-eabi/lib/armv6-m\libcr_c.a(fseek.o)
                0x00003f80                fseek
 .text.ftell    0x00004078       0x4c c:/nxp/lpcxpresso_7.2.0_153/lpcxpresso/tools/bin/../lib/gcc/arm-none-eabi/4.8.3/../../../../arm-none-eabi/lib/armv6-m\libcr_c.a(ftell.o)
                0x00004078                ftell
 .text.remove   0x000040c4       0x12 c:/nxp/lpcxpresso_7.2.0_153/lpcxpresso/tools/bin/../lib/gcc/arm-none-eabi/4.8.3/../../../../arm-none-eabi/lib/armv6-m\libcr_c.a(remove.o)
                0x000040c4                remove
 *fill*         0x000040d6        0x2 
 .text._sbrk    0x000040d8       0x40 c:/nxp/lpcxpresso_7.2.0_153/lpcxpresso/tools/bin/../lib/gcc/arm-none-eabi/4.8.3/../../../../arm-none-eabi/lib/armv6-m\libcr_c.a(_cr_sbrk.o)
                0x000040d8                _sbrk
 .text._do_fflush
                0x00004118       0x48 c:/nxp/lpcxpresso_7.2.0_153/lpcxpresso/tools/bin/../lib/gcc/arm-none-eabi/4.8.3/../../../../arm-none-eabi/lib/armv6-m\libcr_c.a(_do_fflush.o)
                0x00004118                _do_fflush
 .text.__check_heap_overflow
                0x00004160       0x2c c:/nxp/lpcxpresso_7.2.0_153/lpcxpresso/tools/bin/../lib/gcc/arm-none-eabi/4.8.3/../../../../arm-none-eabi/lib/armv6-m\libcr_c.a(_cr_check_heap.o)
                0x00004160                __check_heap_overflow
 *fill*         0x0000418c        0x4 
 .text.__aeabi_dmul
                0x00004190      0x188 c:/nxp/lpcxpresso_7.2.0_153/lpcxpresso/tools/bin/../lib/gcc/arm-none-eabi/4.8.3/armv6-m\libcr_eabihelpers.a(double.o)
                0x00004190                __aeabi_dmul
 .text.__aeabi_ddiv
                0x00004318      0x160 c:/nxp/lpcxpresso_7.2.0_153/lpcxpresso/tools/bin/../lib/gcc/arm-none-eabi/4.8.3/armv6-m\libcr_eabihelpers.a(double.o)
                0x00004318                __aeabi_ddiv
 .text.__aeabi_dsub
                0x00004478      0x1e8 c:/nxp/lpcxpresso_7.2.0_153/lpcxpresso/tools/bin/../lib/gcc/arm-none-eabi/4.8.3/armv6-m\libcr_eabihelpers.a(double.o)
                0x00004478                __aeabi_dsub
 .text.__aeabi_dadd
                0x00004660      0x148 c:/nxp/lpcxpresso_7.2.0_153/lpcxpresso/tools/bin/../lib/gcc/arm-none-eabi/4.8.3/armv6-m\libcr_eabihelpers.a(double.o)
                0x00004660                __aeabi_dadd
 .text.__aeabi_d2iz
                0x000047a8       0x48 c:/nxp/lpcxpresso_7.2.0_153/lpcxpresso/tools/bin/../lib/gcc/arm-none-eabi/4.8.3/armv6-m\libcr_eabihelpers.a(double.o)
                0x000047a8                __aeabi_d2iz
 .text.__bhs_ui2d
                0x000047f0       0x5e c:/nxp/lpcxpresso_7.2.0_153/lpcxpresso/tools/bin/../lib/gcc/arm-none-eabi/4.8.3/armv6-m\libcr_eabihelpers.a(double.o)
                0x000047f0                __bhs_ui2d
 .text.__aeabi_i2d
                0x0000484e       0x16 c:/nxp/lpcxpresso_7.2.0_153/lpcxpresso/tools/bin/../lib/gcc/arm-none-eabi/4.8.3/armv6-m\libcr_eabihelpers.a(double.o)
                0x0000484e                __aeabi_i2d
 .text.__aeabi_dcmpeq
                0x00004864       0x38 c:/nxp/lpcxpresso_7.2.0_153/lpcxpresso/tools/bin/../lib/gcc/arm-none-eabi/4.8.3/armv6-m\libcr_eabihelpers.a(double.o)
                0x00004864                __aeabi_dcmpeq
 .text.__aeabi_dcmplt
                0x0000489c       0x78 c:/nxp/lpcxpresso_7.2.0_153/lpcxpresso/tools/bin/../lib/gcc/arm-none-eabi/4.8.3/armv6-m\libcr_eabihelpers.a(double.o)
                0x0000489c                __aeabi_dcmplt
 .text.__aeabi_dcmple
                0x00004914       0x78 c:/nxp/lpcxpresso_7.2.0_153/lpcxpresso/tools/bin/../lib/gcc/arm-none-eabi/4.8.3/armv6-m\libcr_eabihelpers.a(double.o)
                0x00004914                __aeabi_dcmple
 .text.__aeabi_dcmpge
                0x0000498c       0x70 c:/nxp/lpcxpresso_7.2.0_153/lpcxpresso/tools/bin/../lib/gcc/arm-none-eabi/4.8.3/armv6-m\libcr_eabihelpers.a(double.o)
                0x0000498c                __aeabi_dcmpge
 .text.__aeabi_llong_lmul
                0x000049fc       0x2e c:/nxp/lpcxpresso_7.2.0_153/lpcxpresso/tools/bin/../lib/gcc/arm-none-eabi/4.8.3/armv6-m\libcr_eabihelpers.a(llong.o)
                0x000049fc                __aeabi_lmul
 .text.__aeabi_memcpy
                0x00004a2a       0x2c c:/nxp/lpcxpresso_7.2.0_153/lpcxpresso/tools/bin/../lib/gcc/arm-none-eabi/4.8.3/armv6-m\libcr_eabihelpers.a(memcpy.o)
                0x00004a2a                __aeabi_memcpy4
                0x00004a2a                __aeabi_memcpy8
                0x00004a2a                __aeabi_memcpy
 .text.__aeabi_memset_lowlevel
                0x00004a56       0x2a c:/nxp/lpcxpresso_7.2.0_153/lpcxpresso/tools/bin/../lib/gcc/arm-none-eabi/4.8.3/armv6-m\libcr_eabihelpers.a(memcpy.o)
                0x00004a56                __aeabi_lowlevel_memset
 .text.__sys_appexit
                0x00004a80        0x2 c:/nxp/lpcxpresso_7.2.0_153/lpcxpresso/tools/bin/../lib/gcc/arm-none-eabi/4.8.3/../../../../arm-none-eabi/lib/armv6-m\libcr_nohost.a(__sys_appexit.o)
                0x00004a80                __sys_appexit
                0x00004a80                __exit
 .text.__sys_close
                0x00004a82        0x6 c:/nxp/lpcxpresso_7.2.0_153/lpcxpresso/tools/bin/../lib/gcc/arm-none-eabi/4.8.3/../../../../arm-none-eabi/lib/armv6-m\libcr_nohost.a(__sys_close.o)
                0x00004a82                __sys_close
 .text.__sys_flen
                0x00004a88        0x6 c:/nxp/lpcxpresso_7.2.0_153/lpcxpresso/tools/bin/../lib/gcc/arm-none-eabi/4.8.3/../../../../arm-none-eabi/lib/armv6-m\libcr_nohost.a(__sys_flen.o)
                0x00004a88                __sys_flen
 .text.__sys_istty
                0x00004a8e        0x6 c:/nxp/lpcxpresso_7.2.0_153/lpcxpresso/tools/bin/../lib/gcc/arm-none-eabi/4.8.3/../../../../arm-none-eabi/lib/armv6-m\libcr_nohost.a(__sys_istty.o)
                0x00004a8e                __sys_istty
 .text.__sys_remove
                0x00004a94        0x6 c:/nxp/lpcxpresso_7.2.0_153/lpcxpresso/tools/bin/../lib/gcc/arm-none-eabi/4.8.3/../../../../arm-none-eabi/lib/armv6-m\libcr_nohost.a(__sys_remove.o)
                0x00004a94                __sys_remove
 .text.__sys_seek
                0x00004a9a        0x6 c:/nxp/lpcxpresso_7.2.0_153/lpcxpresso/tools/bin/../lib/gcc/arm-none-eabi/4.8.3/../../../../arm-none-eabi/lib/armv6-m\libcr_nohost.a(__sys_seek.o)
                0x00004a9a                __sys_seek
 .text.__sys_tmpnam
                0x00004aa0        0x6 c:/nxp/lpcxpresso_7.2.0_153/lpcxpresso/tools/bin/../lib/gcc/arm-none-eabi/4.8.3/../../../../arm-none-eabi/lib/armv6-m\libcr_nohost.a(__sys_tmpnam.o)
                0x00004aa0                __sys_tmpnam
 *(.rodata .rodata.* .constdata .constdata.*)
 *fill*         0x00004aa6        0x2 
 .rodata.ctlwizchip
                0x00004aa8       0x40 ./src/ioLibrary/Ethernet/wizchip_conf.o
 .rodata.ctlnetwork
                0x00004ae8       0x18 ./src/ioLibrary/Ethernet/wizchip_conf.o
 .rodata.str1.4
                0x00004b00       0xf6 ./src/Application/loopback.o
                                 0xf8 (size before relaxing)
 *fill*         0x00004bf6        0x2 
 .rodata        0x00004bf8       0x10 ./src/w5500_init.o
 .rodata.str1.4
                0x00004c08       0x94 ./src/w5500_init.o
 .rodata.ledports
                0x00004c9c        0x4 C:\Users\Administrator\Documents\GitHub\Loopback_LPC11E36_LPCXpresso\wiznet_evb_w5500evb_board\Debug\libwiznet_evb_w5500evb_board.a(board.o)
 .rodata.OscRateIn
                0x00004ca0        0x4 C:\Users\Administrator\Documents\GitHub\Loopback_LPC11E36_LPCXpresso\wiznet_evb_w5500evb_board\Debug\libwiznet_evb_w5500evb_board.a(board.o)
                0x00004ca0                OscRateIn
 .rodata.ledpins
                0x00004ca4        0x4 C:\Users\Administrator\Documents\GitHub\Loopback_LPC11E36_LPCXpresso\wiznet_evb_w5500evb_board\Debug\libwiznet_evb_w5500evb_board.a(board.o)
 .rodata.pinmuxing
                0x00004ca8       0x48 C:\Users\Administrator\Documents\GitHub\Loopback_LPC11E36_LPCXpresso\wiznet_evb_w5500evb_board\Debug\libwiznet_evb_w5500evb_board.a(board_sysinit.o)
 .rodata.wdtOSCRate
                0x00004cf0       0x40 C:\Users\Administrator\Documents\GitHub\Loopback_LPC11E36_LPCXpresso\lpc_chip_11exx\Debug\liblpc_chip_11exx.a(clock_11xx.o)
 .rodata.str1.1
                0x00004d30       0x34 c:/nxp/lpcxpresso_7.2.0_153/lpcxpresso/tools/bin/../lib/gcc/arm-none-eabi/4.8.3/../../../../arm-none-eabi/lib/armv6-m\libcr_c.a(fpprintf.o)
                                 0x35 (size before relaxing)
 .rodata.str1.1
                0x00004d64        0x4 c:/nxp/lpcxpresso_7.2.0_153/lpcxpresso/tools/bin/../lib/gcc/arm-none-eabi/4.8.3/../../../../arm-none-eabi/lib/armv6-m\libcr_c.a(initio.o)
 .rodata.str1.1
                0x00004d68       0x31 c:/nxp/lpcxpresso_7.2.0_153/lpcxpresso/tools/bin/../lib/gcc/arm-none-eabi/4.8.3/../../../../arm-none-eabi/lib/armv6-m\libcr_c.a(printf.o)
                                 0x38 (size before relaxing)
 .rodata.str1.1
                0x00004d99       0x18 c:/nxp/lpcxpresso_7.2.0_153/lpcxpresso/tools/bin/../lib/gcc/arm-none-eabi/4.8.3/../../../../arm-none-eabi/lib/armv6-m\libcr_c.a(alloc.o)
 *fill*         0x00004db1        0x7 
 .rodata.__huge_vall
                0x00004db8        0x8 c:/nxp/lpcxpresso_7.2.0_153/lpcxpresso/tools/bin/../lib/gcc/arm-none-eabi/4.8.3/../../../../arm-none-eabi/lib/armv6-m\libcr_c.a(_hugeval.o)
                0x00004db8                __huge_vall
                0x00004dc0                . = ALIGN (0x4)

.glue_7         0x00004dc0        0x0
 .glue_7        0x00000000        0x0 linker stubs

.glue_7t        0x00004dc0        0x0
 .glue_7t       0x00000000        0x0 linker stubs

.vfp11_veneer   0x00004dc0        0x0
 .vfp11_veneer  0x00000000        0x0 linker stubs

.v4_bx          0x00004dc0        0x0
 .v4_bx         0x00000000        0x0 linker stubs

.iplt           0x00004dc0        0x0
 .iplt          0x00000000        0x0 ./src/ioLibrary/Internet/DNS/dns.o

.rel.dyn        0x00004dc0        0x0
 .rel.iplt      0x00000000        0x0 ./src/ioLibrary/Internet/DNS/dns.o

.ARM.extab
 *(.ARM.extab* .gnu.linkonce.armextab.*)
                0x00004dc0                __exidx_start = .

.ARM.exidx
 *(.ARM.exidx* .gnu.linkonce.armexidx.*)
                0x00004dc0                __exidx_end = .
                0x00004dc0                _etext = .

.data_RAM2      0x20000000        0x0 load address 0x00004dc0
 FILL mask 0xff
 *(.ramfunc.$RAM2)
 *(.ramfunc.$RamPeriph2)
 *(.data.$RAM2*)
 *(.data.$RamPeriph2*)
                0x20000000                . = ALIGN (0x4)

.data_RAM3      0x20004000        0x0 load address 0x00004dc0
 FILL mask 0xff
 *(.ramfunc.$RAM3)
 *(.ramfunc.$SRAM1_2)
 *(.data.$RAM3*)
 *(.data.$SRAM1_2*)
                0x20004000                . = ALIGN (0x4)

.uninit_RESERVED
                0x10000000        0x0
 *(.bss.$RESERVED*)
                0x10000000                . = ALIGN (0x4)
                0x10000000                _end_uninit_RESERVED = .

.data           0x10000000       0x24 load address 0x00004dc0
 FILL mask 0xff
                0x10000000                _data = .
 *(vtable)
 *(.ramfunc*)
 *(.data*)
 .data.sock_any_port
                0x10000000        0x2 ./src/ioLibrary/Ethernet/socket.o
 *fill*         0x10000002        0x2 
 .data.WIZCHIP  0x10000004       0x20 ./src/ioLibrary/Ethernet/wizchip_conf.o
                0x10000004                WIZCHIP
                0x10000024                . = ALIGN (0x4)
                0x10000024                _edata = .

.igot.plt       0x10000024        0x0 load address 0x00004de4
 .igot.plt      0x00000000        0x0 ./src/ioLibrary/Internet/DNS/dns.o

.bss_RAM2       0x20000000        0x0
 *(.bss.$RAM2*)
 *(.bss.$RamPeriph2*)
                0x20000000                . = ALIGN (0x4)

.bss_RAM3       0x20004000        0x0
 *(.bss.$RAM3*)
 *(.bss.$SRAM1_2*)
                0x20004000                . = ALIGN (0x4)

.bss            0x10000024      0x208
                0x10000024                _bss = .
 *(.bss*)
 .bss.sock_io_mode
                0x10000024        0x2 ./src/ioLibrary/Ethernet/socket.o
 .bss.sock_is_sending
                0x10000026        0x2 ./src/ioLibrary/Ethernet/socket.o
 .bss.sock_pack_info
                0x10000028        0x8 ./src/ioLibrary/Ethernet/socket.o
 .bss.sock_remained_size
                0x10000030       0x10 ./src/ioLibrary/Ethernet/socket.o
 .bss._DHCP_    0x10000040        0x1 ./src/ioLibrary/Ethernet/wizchip_conf.o
 *fill*         0x10000041        0x3 
 .bss._DNS_     0x10000044        0x4 ./src/ioLibrary/Ethernet/wizchip_conf.o
 .bss.connection_status
                0x10000048        0x8 ./src/Application/loopback.o
                0x10000048                connection_status
 .bss.errno     0x10000050        0x4 c:/nxp/lpcxpresso_7.2.0_153/lpcxpresso/tools/bin/../lib/gcc/arm-none-eabi/4.8.3/../../../../arm-none-eabi/lib/armv6-m\libcr_c.a(errno.o)
                0x10000050                errno
 *(COMMON)
 COMMON         0x10000054       0x80 ./src/W5500EVB.o
                0x10000054                gDATABUF
 COMMON         0x100000d4        0x8 ./src/cr_startup_lpc11exx.o
                0x100000d4                pDivRom_uidiv
                0x100000d8                pDivRom_idiv
 COMMON         0x100000dc        0x4 C:\Users\Administrator\Documents\GitHub\Loopback_LPC11E36_LPCXpresso\lpc_chip_11exx\Debug\liblpc_chip_11exx.a(chip_11xx.o)
                0x100000dc                SystemCoreClock
 COMMON         0x100000e0        0x4 c:/nxp/lpcxpresso_7.2.0_153/lpcxpresso/tools/bin/../lib/gcc/arm-none-eabi/4.8.3/../../../../arm-none-eabi/lib/armv6-m\libcr_c.a(initio.o)
                0x100000e0                _extra
 COMMON         0x100000e4      0x140 c:/nxp/lpcxpresso_7.2.0_153/lpcxpresso/tools/bin/../lib/gcc/arm-none-eabi/4.8.3/../../../../arm-none-eabi/lib/armv6-m\libcr_c.a(stdio.o)
                0x100000e4                __Ciob
 COMMON         0x10000224        0x8 c:/nxp/lpcxpresso_7.2.0_153/lpcxpresso/tools/bin/../lib/gcc/arm-none-eabi/4.8.3/../../../../arm-none-eabi/lib/armv6-m\libcr_c.a(__init_alloc.o)
                0x10000224                __heaps
                0x10000228                __end_of_heap
                0x1000022c                . = ALIGN (0x4)
                0x1000022c                _ebss = .
                0x1000022c                PROVIDE (end, .)

.noinit_RAM2    0x20000000        0x0
 *(.noinit.$RAM2*)
 *(.noinit.$RamPeriph2*)
                0x20000000                . = ALIGN (0x4)

.noinit_RAM3    0x20004000        0x0
 *(.noinit.$RAM3*)
 *(.noinit.$SRAM1_2*)
                0x20004000                . = ALIGN (0x4)

.noinit         0x1000022c        0x0
                0x1000022c                _noinit = .
 *(.noinit*)
                0x1000022c                . = ALIGN (0x4)
                0x1000022c                _end_noinit = .
                0x1000022c                PROVIDE (_pvHeapStart, .)
                0x10002000                PROVIDE (_vStackTop, (__top_RamLoc8 - 0x0))
OUTPUT(Loopback_LPC11E36_LPCXpresso.axf elf32-littlearm)

.debug_info     0x00000000     0xa426
 .debug_info    0x00000000      0x798 ./src/ioLibrary/Ethernet/W5500/w5500.o
 .debug_info    0x00000798     0x1130 ./src/ioLibrary/Ethernet/socket.o
 .debug_info    0x000018c8     0x114e ./src/ioLibrary/Ethernet/wizchip_conf.o
 .debug_info    0x00002a16      0x654 ./src/PlatformHandler/spi_handler.o
 .debug_info    0x0000306a      0x733 ./src/Application/loopback.o
 .debug_info    0x0000379d      0x294 ./src/W5500EVB.o
 .debug_info    0x00003a31       0xa8 ./src/aeabi_romdiv_patch.o
 .debug_info    0x00003ad9      0x282 ./src/cr_startup_lpc11exx.o
 .debug_info    0x00003d5b       0x3b ./src/crp.o
 .debug_info    0x00003d96       0xc9 ./src/sysinit.o
 .debug_info    0x00003e5f      0x858 ./src/w5500_init.o
 .debug_info    0x000046b7      0xb3c C:\Users\Administrator\Documents\GitHub\Loopback_LPC11E36_LPCXpresso\wiznet_evb_w5500evb_board\Debug\libwiznet_evb_w5500evb_board.a(board.o)
 .debug_info    0x000051f3      0xa88 C:\Users\Administrator\Documents\GitHub\Loopback_LPC11E36_LPCXpresso\wiznet_evb_w5500evb_board\Debug\libwiznet_evb_w5500evb_board.a(board_sysinit.o)
 .debug_info    0x00005c7b       0xdc C:\Users\Administrator\Documents\GitHub\Loopback_LPC11E36_LPCXpresso\lpc_chip_11exx\Debug\liblpc_chip_11exx.a(chip_11xx.o)
 .debug_info    0x00005d57      0x8c4 C:\Users\Administrator\Documents\GitHub\Loopback_LPC11E36_LPCXpresso\lpc_chip_11exx\Debug\liblpc_chip_11exx.a(clock_11xx.o)
 .debug_info    0x0000661b      0x9f9 C:\Users\Administrator\Documents\GitHub\Loopback_LPC11E36_LPCXpresso\lpc_chip_11exx\Debug\liblpc_chip_11exx.a(gpio_11xx_1.o)
 .debug_info    0x00007014      0x153 C:\Users\Administrator\Documents\GitHub\Loopback_LPC11E36_LPCXpresso\lpc_chip_11exx\Debug\liblpc_chip_11exx.a(iocon_11xx.o)
 .debug_info    0x00007167     0x1ab3 C:\Users\Administrator\Documents\GitHub\Loopback_LPC11E36_LPCXpresso\lpc_chip_11exx\Debug\liblpc_chip_11exx.a(ssp_11xx.o)
 .debug_info    0x00008c1a      0x589 C:\Users\Administrator\Documents\GitHub\Loopback_LPC11E36_LPCXpresso\lpc_chip_11exx\Debug\liblpc_chip_11exx.a(sysctl_11xx.o)
 .debug_info    0x000091a3     0x1283 C:\Users\Administrator\Documents\GitHub\Loopback_LPC11E36_LPCXpresso\lpc_chip_11exx\Debug\liblpc_chip_11exx.a(uart_11xx.o)

.debug_abbrev   0x00000000     0x229a
 .debug_abbrev  0x00000000      0x20f ./src/ioLibrary/Ethernet/W5500/w5500.o
 .debug_abbrev  0x0000020f      0x1d1 ./src/ioLibrary/Ethernet/socket.o
 .debug_abbrev  0x000003e0      0x302 ./src/ioLibrary/Ethernet/wizchip_conf.o
 .debug_abbrev  0x000006e2      0x1e8 ./src/PlatformHandler/spi_handler.o
 .debug_abbrev  0x000008ca      0x1c5 ./src/Application/loopback.o
 .debug_abbrev  0x00000a8f      0x15e ./src/W5500EVB.o
 .debug_abbrev  0x00000bed       0x12 ./src/aeabi_romdiv_patch.o
 .debug_abbrev  0x00000bff      0x10a ./src/cr_startup_lpc11exx.o
 .debug_abbrev  0x00000d09       0x33 ./src/crp.o
 .debug_abbrev  0x00000d3c       0x85 ./src/sysinit.o
 .debug_abbrev  0x00000dc1      0x2e2 ./src/w5500_init.o
 .debug_abbrev  0x000010a3      0x2f4 C:\Users\Administrator\Documents\GitHub\Loopback_LPC11E36_LPCXpresso\wiznet_evb_w5500evb_board\Debug\libwiznet_evb_w5500evb_board.a(board.o)
 .debug_abbrev  0x00001397      0x26e C:\Users\Administrator\Documents\GitHub\Loopback_LPC11E36_LPCXpresso\wiznet_evb_w5500evb_board\Debug\libwiznet_evb_w5500evb_board.a(board_sysinit.o)
 .debug_abbrev  0x00001605       0x9b C:\Users\Administrator\Documents\GitHub\Loopback_LPC11E36_LPCXpresso\lpc_chip_11exx\Debug\liblpc_chip_11exx.a(chip_11xx.o)
 .debug_abbrev  0x000016a0      0x1fb C:\Users\Administrator\Documents\GitHub\Loopback_LPC11E36_LPCXpresso\lpc_chip_11exx\Debug\liblpc_chip_11exx.a(clock_11xx.o)
 .debug_abbrev  0x0000189b      0x1a4 C:\Users\Administrator\Documents\GitHub\Loopback_LPC11E36_LPCXpresso\lpc_chip_11exx\Debug\liblpc_chip_11exx.a(gpio_11xx_1.o)
 .debug_abbrev  0x00001a3f       0xc8 C:\Users\Administrator\Documents\GitHub\Loopback_LPC11E36_LPCXpresso\lpc_chip_11exx\Debug\liblpc_chip_11exx.a(iocon_11xx.o)
 .debug_abbrev  0x00001b07      0x3d9 C:\Users\Administrator\Documents\GitHub\Loopback_LPC11E36_LPCXpresso\lpc_chip_11exx\Debug\liblpc_chip_11exx.a(ssp_11xx.o)
 .debug_abbrev  0x00001ee0       0xce C:\Users\Administrator\Documents\GitHub\Loopback_LPC11E36_LPCXpresso\lpc_chip_11exx\Debug\liblpc_chip_11exx.a(sysctl_11xx.o)
 .debug_abbrev  0x00001fae      0x2ec C:\Users\Administrator\Documents\GitHub\Loopback_LPC11E36_LPCXpresso\lpc_chip_11exx\Debug\liblpc_chip_11exx.a(uart_11xx.o)

.debug_loc      0x00000000     0x4c92
 .debug_loc     0x00000000      0x555 ./src/ioLibrary/Ethernet/W5500/w5500.o
 .debug_loc     0x00000555     0x11dc ./src/ioLibrary/Ethernet/socket.o
 .debug_loc     0x00001731      0x8b1 ./src/ioLibrary/Ethernet/wizchip_conf.o
 .debug_loc     0x00001fe2      0x2d6 ./src/Application/loopback.o
 .debug_loc     0x000022b8       0x14 ./src/W5500EVB.o
 .debug_loc     0x000022cc      0x1df ./src/cr_startup_lpc11exx.o
 .debug_loc     0x000024ab       0x37 ./src/w5500_init.o
 .debug_loc     0x000024e2      0x35f C:\Users\Administrator\Documents\GitHub\Loopback_LPC11E36_LPCXpresso\wiznet_evb_w5500evb_board\Debug\libwiznet_evb_w5500evb_board.a(board.o)
 .debug_loc     0x00002841       0x32 C:\Users\Administrator\Documents\GitHub\Loopback_LPC11E36_LPCXpresso\wiznet_evb_w5500evb_board\Debug\libwiznet_evb_w5500evb_board.a(board_sysinit.o)
 .debug_loc     0x00002873      0x1b4 C:\Users\Administrator\Documents\GitHub\Loopback_LPC11E36_LPCXpresso\lpc_chip_11exx\Debug\liblpc_chip_11exx.a(clock_11xx.o)
 .debug_loc     0x00002a27      0x432 C:\Users\Administrator\Documents\GitHub\Loopback_LPC11E36_LPCXpresso\lpc_chip_11exx\Debug\liblpc_chip_11exx.a(gpio_11xx_1.o)
 .debug_loc     0x00002e59       0x3a C:\Users\Administrator\Documents\GitHub\Loopback_LPC11E36_LPCXpresso\lpc_chip_11exx\Debug\liblpc_chip_11exx.a(iocon_11xx.o)
 .debug_loc     0x00002e93     0x12e9 C:\Users\Administrator\Documents\GitHub\Loopback_LPC11E36_LPCXpresso\lpc_chip_11exx\Debug\liblpc_chip_11exx.a(ssp_11xx.o)
 .debug_loc     0x0000417c       0xd0 C:\Users\Administrator\Documents\GitHub\Loopback_LPC11E36_LPCXpresso\lpc_chip_11exx\Debug\liblpc_chip_11exx.a(sysctl_11xx.o)
 .debug_loc     0x0000424c      0xa46 C:\Users\Administrator\Documents\GitHub\Loopback_LPC11E36_LPCXpresso\lpc_chip_11exx\Debug\liblpc_chip_11exx.a(uart_11xx.o)

.debug_aranges  0x00000000      0x698
 .debug_aranges
                0x00000000       0x60 ./src/ioLibrary/Ethernet/W5500/w5500.o
 .debug_aranges
                0x00000060       0x78 ./src/ioLibrary/Ethernet/socket.o
 .debug_aranges
                0x000000d8      0x120 ./src/ioLibrary/Ethernet/wizchip_conf.o
 .debug_aranges
                0x000001f8       0x28 ./src/PlatformHandler/spi_handler.o
 .debug_aranges
                0x00000220       0x28 ./src/Application/loopback.o
 .debug_aranges
                0x00000248       0x20 ./src/W5500EVB.o
 .debug_aranges
                0x00000268       0x28 ./src/aeabi_romdiv_patch.o
 .debug_aranges
                0x00000290       0x60 ./src/cr_startup_lpc11exx.o
 .debug_aranges
                0x000002f0       0x18 ./src/crp.o
 .debug_aranges
                0x00000308       0x20 ./src/sysinit.o
 .debug_aranges
                0x00000328       0x58 ./src/w5500_init.o
 .debug_aranges
                0x00000380       0x80 C:\Users\Administrator\Documents\GitHub\Loopback_LPC11E36_LPCXpresso\wiznet_evb_w5500evb_board\Debug\libwiznet_evb_w5500evb_board.a(board.o)
 .debug_aranges
                0x00000400       0x30 C:\Users\Administrator\Documents\GitHub\Loopback_LPC11E36_LPCXpresso\wiznet_evb_w5500evb_board\Debug\libwiznet_evb_w5500evb_board.a(board_sysinit.o)
 .debug_aranges
                0x00000430       0x20 C:\Users\Administrator\Documents\GitHub\Loopback_LPC11E36_LPCXpresso\lpc_chip_11exx\Debug\liblpc_chip_11exx.a(chip_11xx.o)
 .debug_aranges
                0x00000450       0x78 C:\Users\Administrator\Documents\GitHub\Loopback_LPC11E36_LPCXpresso\lpc_chip_11exx\Debug\liblpc_chip_11exx.a(clock_11xx.o)
 .debug_aranges
                0x000004c8       0x48 C:\Users\Administrator\Documents\GitHub\Loopback_LPC11E36_LPCXpresso\lpc_chip_11exx\Debug\liblpc_chip_11exx.a(gpio_11xx_1.o)
 .debug_aranges
                0x00000510       0x20 C:\Users\Administrator\Documents\GitHub\Loopback_LPC11E36_LPCXpresso\lpc_chip_11exx\Debug\liblpc_chip_11exx.a(iocon_11xx.o)
 .debug_aranges
                0x00000530       0xb0 C:\Users\Administrator\Documents\GitHub\Loopback_LPC11E36_LPCXpresso\lpc_chip_11exx\Debug\liblpc_chip_11exx.a(ssp_11xx.o)
 .debug_aranges
                0x000005e0       0x38 C:\Users\Administrator\Documents\GitHub\Loopback_LPC11E36_LPCXpresso\lpc_chip_11exx\Debug\liblpc_chip_11exx.a(sysctl_11xx.o)
 .debug_aranges
                0x00000618       0x80 C:\Users\Administrator\Documents\GitHub\Loopback_LPC11E36_LPCXpresso\lpc_chip_11exx\Debug\liblpc_chip_11exx.a(uart_11xx.o)

.debug_ranges   0x00000000      0x8e8
 .debug_ranges  0x00000000       0x50 ./src/ioLibrary/Ethernet/W5500/w5500.o
 .debug_ranges  0x00000050       0x80 ./src/ioLibrary/Ethernet/socket.o
 .debug_ranges  0x000000d0      0x110 ./src/ioLibrary/Ethernet/wizchip_conf.o
 .debug_ranges  0x000001e0       0x18 ./src/PlatformHandler/spi_handler.o
 .debug_ranges  0x000001f8       0x40 ./src/Application/loopback.o
 .debug_ranges  0x00000238       0x10 ./src/W5500EVB.o
 .debug_ranges  0x00000248       0x20 ./src/aeabi_romdiv_patch.o
 .debug_ranges  0x00000268       0x50 ./src/cr_startup_lpc11exx.o
 .debug_ranges  0x000002b8       0x10 ./src/sysinit.o
 .debug_ranges  0x000002c8       0x48 ./src/w5500_init.o
 .debug_ranges  0x00000310       0xa0 C:\Users\Administrator\Documents\GitHub\Loopback_LPC11E36_LPCXpresso\wiznet_evb_w5500evb_board\Debug\libwiznet_evb_w5500evb_board.a(board.o)
 .debug_ranges  0x000003b0       0x20 C:\Users\Administrator\Documents\GitHub\Loopback_LPC11E36_LPCXpresso\wiznet_evb_w5500evb_board\Debug\libwiznet_evb_w5500evb_board.a(board_sysinit.o)
 .debug_ranges  0x000003d0       0x10 C:\Users\Administrator\Documents\GitHub\Loopback_LPC11E36_LPCXpresso\lpc_chip_11exx\Debug\liblpc_chip_11exx.a(chip_11xx.o)
 .debug_ranges  0x000003e0       0x68 C:\Users\Administrator\Documents\GitHub\Loopback_LPC11E36_LPCXpresso\lpc_chip_11exx\Debug\liblpc_chip_11exx.a(clock_11xx.o)
 .debug_ranges  0x00000448       0x38 C:\Users\Administrator\Documents\GitHub\Loopback_LPC11E36_LPCXpresso\lpc_chip_11exx\Debug\liblpc_chip_11exx.a(gpio_11xx_1.o)
 .debug_ranges  0x00000480       0x10 C:\Users\Administrator\Documents\GitHub\Loopback_LPC11E36_LPCXpresso\lpc_chip_11exx\Debug\liblpc_chip_11exx.a(iocon_11xx.o)
 .debug_ranges  0x00000490      0x3a8 C:\Users\Administrator\Documents\GitHub\Loopback_LPC11E36_LPCXpresso\lpc_chip_11exx\Debug\liblpc_chip_11exx.a(ssp_11xx.o)
 .debug_ranges  0x00000838       0x28 C:\Users\Administrator\Documents\GitHub\Loopback_LPC11E36_LPCXpresso\lpc_chip_11exx\Debug\liblpc_chip_11exx.a(sysctl_11xx.o)
 .debug_ranges  0x00000860       0x88 C:\Users\Administrator\Documents\GitHub\Loopback_LPC11E36_LPCXpresso\lpc_chip_11exx\Debug\liblpc_chip_11exx.a(uart_11xx.o)

.debug_line     0x00000000     0x3cc7
 .debug_line    0x00000000      0x1ca ./src/ioLibrary/Ethernet/W5500/w5500.o
 .debug_line    0x000001ca      0x47d ./src/ioLibrary/Ethernet/socket.o
 .debug_line    0x00000647      0x4a7 ./src/ioLibrary/Ethernet/wizchip_conf.o
 .debug_line    0x00000aee      0x16e ./src/PlatformHandler/spi_handler.o
 .debug_line    0x00000c5c      0x154 ./src/Application/loopback.o
 .debug_line    0x00000db0      0x1c5 ./src/W5500EVB.o
 .debug_line    0x00000f75       0x65 ./src/aeabi_romdiv_patch.o
 .debug_line    0x00000fda       0xad ./src/cr_startup_lpc11exx.o
 .debug_line    0x00001087       0x2d ./src/crp.o
 .debug_line    0x000010b4      0x15e ./src/sysinit.o
 .debug_line    0x00001212      0x1fe ./src/w5500_init.o
 .debug_line    0x00001410      0x51e C:\Users\Administrator\Documents\GitHub\Loopback_LPC11E36_LPCXpresso\wiznet_evb_w5500evb_board\Debug\libwiznet_evb_w5500evb_board.a(board.o)
 .debug_line    0x0000192e      0x43f C:\Users\Administrator\Documents\GitHub\Loopback_LPC11E36_LPCXpresso\wiznet_evb_w5500evb_board\Debug\libwiznet_evb_w5500evb_board.a(board_sysinit.o)
 .debug_line    0x00001d6d      0x312 C:\Users\Administrator\Documents\GitHub\Loopback_LPC11E36_LPCXpresso\lpc_chip_11exx\Debug\liblpc_chip_11exx.a(chip_11xx.o)
 .debug_line    0x0000207f      0x408 C:\Users\Administrator\Documents\GitHub\Loopback_LPC11E36_LPCXpresso\lpc_chip_11exx\Debug\liblpc_chip_11exx.a(clock_11xx.o)
 .debug_line    0x00002487      0x3a0 C:\Users\Administrator\Documents\GitHub\Loopback_LPC11E36_LPCXpresso\lpc_chip_11exx\Debug\liblpc_chip_11exx.a(gpio_11xx_1.o)
 .debug_line    0x00002827      0x315 C:\Users\Administrator\Documents\GitHub\Loopback_LPC11E36_LPCXpresso\lpc_chip_11exx\Debug\liblpc_chip_11exx.a(iocon_11xx.o)
 .debug_line    0x00002b3c      0x923 C:\Users\Administrator\Documents\GitHub\Loopback_LPC11E36_LPCXpresso\lpc_chip_11exx\Debug\liblpc_chip_11exx.a(ssp_11xx.o)
 .debug_line    0x0000345f      0x34f C:\Users\Administrator\Documents\GitHub\Loopback_LPC11E36_LPCXpresso\lpc_chip_11exx\Debug\liblpc_chip_11exx.a(sysctl_11xx.o)
 .debug_line    0x000037ae      0x519 C:\Users\Administrator\Documents\GitHub\Loopback_LPC11E36_LPCXpresso\lpc_chip_11exx\Debug\liblpc_chip_11exx.a(uart_11xx.o)

.debug_str      0x00000000     0xad6b
 .debug_str     0x00000000      0x234 ./src/ioLibrary/Ethernet/W5500/w5500.o
                                0x2e2 (size before relaxing)
 .debug_str     0x00000234      0x272 ./src/ioLibrary/Ethernet/socket.o
                                0x4ce (size before relaxing)
 .debug_str     0x000004a6      0x625 ./src/ioLibrary/Ethernet/wizchip_conf.o
                                0x8a1 (size before relaxing)
 .debug_str     0x00000acb      0x2fc ./src/PlatformHandler/spi_handler.o
                                0x4ca (size before relaxing)
 .debug_str     0x00000dc7       0x75 ./src/Application/loopback.o
                                0x291 (size before relaxing)
 .debug_str     0x00000e3c       0x5e ./src/W5500EVB.o
                                0x267 (size before relaxing)
 .debug_str     0x00000e9a      0x170 ./src/cr_startup_lpc11exx.o
                                0x2ab (size before relaxing)
 .debug_str     0x0000100a       0x16 ./src/crp.o
                                0x137 (size before relaxing)
 .debug_str     0x00001020       0x22 ./src/sysinit.o
                                0x1f3 (size before relaxing)
 .debug_str     0x00001042       0xc7 ./src/w5500_init.o
                                0x507 (size before relaxing)
 .debug_str     0x00001109     0x851b C:\Users\Administrator\Documents\GitHub\Loopback_LPC11E36_LPCXpresso\wiznet_evb_w5500evb_board\Debug\libwiznet_evb_w5500evb_board.a(board.o)
                               0x86ff (size before relaxing)
 .debug_str     0x00009624      0x845 C:\Users\Administrator\Documents\GitHub\Loopback_LPC11E36_LPCXpresso\wiznet_evb_w5500evb_board\Debug\libwiznet_evb_w5500evb_board.a(board_sysinit.o)
                               0x8c06 (size before relaxing)
 .debug_str     0x00009e69       0x9b C:\Users\Administrator\Documents\GitHub\Loopback_LPC11E36_LPCXpresso\lpc_chip_11exx\Debug\liblpc_chip_11exx.a(chip_11xx.o)
                               0x8044 (size before relaxing)
 .debug_str     0x00009f04      0x3bc C:\Users\Administrator\Documents\GitHub\Loopback_LPC11E36_LPCXpresso\lpc_chip_11exx\Debug\liblpc_chip_11exx.a(clock_11xx.o)
                               0x87ea (size before relaxing)
 .debug_str     0x0000a2c0       0xf0 C:\Users\Administrator\Documents\GitHub\Loopback_LPC11E36_LPCXpresso\lpc_chip_11exx\Debug\liblpc_chip_11exx.a(gpio_11xx_1.o)
                               0x869a (size before relaxing)
 .debug_str     0x0000a3b0       0x1b C:\Users\Administrator\Documents\GitHub\Loopback_LPC11E36_LPCXpresso\lpc_chip_11exx\Debug\liblpc_chip_11exx.a(iocon_11xx.o)
                               0x8049 (size before relaxing)
 .debug_str     0x0000a3cb      0x596 C:\Users\Administrator\Documents\GitHub\Loopback_LPC11E36_LPCXpresso\lpc_chip_11exx\Debug\liblpc_chip_11exx.a(ssp_11xx.o)
                               0x8d95 (size before relaxing)
 .debug_str     0x0000a961      0x175 C:\Users\Administrator\Documents\GitHub\Loopback_LPC11E36_LPCXpresso\lpc_chip_11exx\Debug\liblpc_chip_11exx.a(sysctl_11xx.o)
                               0x8434 (size before relaxing)
 .debug_str     0x0000aad6      0x295 C:\Users\Administrator\Documents\GitHub\Loopback_LPC11E36_LPCXpresso\lpc_chip_11exx\Debug\liblpc_chip_11exx.a(uart_11xx.o)
                               0x88fb (size before relaxing)

.comment        0x00000000       0x70
 .comment       0x00000000       0x70 ./src/ioLibrary/Ethernet/W5500/w5500.o
                                 0x71 (size before relaxing)
 .comment       0x00000000       0x71 ./src/ioLibrary/Ethernet/socket.o
 .comment       0x00000000       0x71 ./src/ioLibrary/Ethernet/wizchip_conf.o
 .comment       0x00000000       0x71 ./src/PlatformHandler/spi_handler.o
 .comment       0x00000000       0x71 ./src/Application/loopback.o
 .comment       0x00000000       0x71 ./src/W5500EVB.o
 .comment       0x00000000       0x71 ./src/cr_startup_lpc11exx.o
 .comment       0x00000000       0x71 ./src/crp.o
 .comment       0x00000000       0x71 ./src/sysinit.o
 .comment       0x00000000       0x71 ./src/w5500_init.o
 .comment       0x00000000       0x71 C:\Users\Administrator\Documents\GitHub\Loopback_LPC11E36_LPCXpresso\wiznet_evb_w5500evb_board\Debug\libwiznet_evb_w5500evb_board.a(board.o)
 .comment       0x00000000       0x71 C:\Users\Administrator\Documents\GitHub\Loopback_LPC11E36_LPCXpresso\wiznet_evb_w5500evb_board\Debug\libwiznet_evb_w5500evb_board.a(board_sysinit.o)
 .comment       0x00000000       0x71 C:\Users\Administrator\Documents\GitHub\Loopback_LPC11E36_LPCXpresso\lpc_chip_11exx\Debug\liblpc_chip_11exx.a(chip_11xx.o)
 .comment       0x00000000       0x71 C:\Users\Administrator\Documents\GitHub\Loopback_LPC11E36_LPCXpresso\lpc_chip_11exx\Debug\liblpc_chip_11exx.a(clock_11xx.o)
 .comment       0x00000000       0x71 C:\Users\Administrator\Documents\GitHub\Loopback_LPC11E36_LPCXpresso\lpc_chip_11exx\Debug\liblpc_chip_11exx.a(gpio_11xx_1.o)
 .comment       0x00000000       0x71 C:\Users\Administrator\Documents\GitHub\Loopback_LPC11E36_LPCXpresso\lpc_chip_11exx\Debug\liblpc_chip_11exx.a(iocon_11xx.o)
 .comment       0x00000000       0x71 C:\Users\Administrator\Documents\GitHub\Loopback_LPC11E36_LPCXpresso\lpc_chip_11exx\Debug\liblpc_chip_11exx.a(ssp_11xx.o)
 .comment       0x00000000       0x71 C:\Users\Administrator\Documents\GitHub\Loopback_LPC11E36_LPCXpresso\lpc_chip_11exx\Debug\liblpc_chip_11exx.a(sysctl_11xx.o)
 .comment       0x00000000       0x71 C:\Users\Administrator\Documents\GitHub\Loopback_LPC11E36_LPCXpresso\lpc_chip_11exx\Debug\liblpc_chip_11exx.a(uart_11xx.o)
 .comment       0x00000000       0x71 c:/nxp/lpcxpresso_7.2.0_153/lpcxpresso/tools/bin/../lib/gcc/arm-none-eabi/4.8.3/../../../../arm-none-eabi/lib/armv6-m\libcr_nohost.a(_cr__main.o)
 .comment       0x00000000       0x71 c:/nxp/lpcxpresso_7.2.0_153/lpcxpresso/tools/bin/../lib/gcc/arm-none-eabi/4.8.3/../../../../arm-none-eabi/lib/armv6-m\libcr_c.a(memcpy.o)
 .comment       0x00000000       0x71 c:/nxp/lpcxpresso_7.2.0_153/lpcxpresso/tools/bin/../lib/gcc/arm-none-eabi/4.8.3/../../../../arm-none-eabi/lib/armv6-m\libcr_c.a(memset.o)
 .comment       0x00000000       0x71 c:/nxp/lpcxpresso_7.2.0_153/lpcxpresso/tools/bin/../lib/gcc/arm-none-eabi/4.8.3/../../../../arm-none-eabi/lib/armv6-m\libcr_c.a(fpprintf.o)
 .comment       0x00000000       0x71 c:/nxp/lpcxpresso_7.2.0_153/lpcxpresso/tools/bin/../lib/gcc/arm-none-eabi/4.8.3/../../../../arm-none-eabi/lib/armv6-m\libcr_c.a(initio.o)
 .comment       0x00000000       0x71 c:/nxp/lpcxpresso_7.2.0_153/lpcxpresso/tools/bin/../lib/gcc/arm-none-eabi/4.8.3/../../../../arm-none-eabi/lib/armv6-m\libcr_c.a(printf.o)
 .comment       0x00000000       0x71 c:/nxp/lpcxpresso_7.2.0_153/lpcxpresso/tools/bin/../lib/gcc/arm-none-eabi/4.8.3/../../../../arm-none-eabi/lib/armv6-m\libcr_c.a(setvbuf.o)
 .comment       0x00000000       0x71 c:/nxp/lpcxpresso_7.2.0_153/lpcxpresso/tools/bin/../lib/gcc/arm-none-eabi/4.8.3/../../../../arm-none-eabi/lib/armv6-m\libcr_c.a(stdio.o)
 .comment       0x00000000       0x71 c:/nxp/lpcxpresso_7.2.0_153/lpcxpresso/tools/bin/../lib/gcc/arm-none-eabi/4.8.3/../../../../arm-none-eabi/lib/armv6-m\libcr_c.a(strlen.o)
 .comment       0x00000000       0x71 c:/nxp/lpcxpresso_7.2.0_153/lpcxpresso/tools/bin/../lib/gcc/arm-none-eabi/4.8.3/../../../../arm-none-eabi/lib/armv6-m\libcr_c.a(_deferredlazyseek.o)
 .comment       0x00000000       0x71 c:/nxp/lpcxpresso_7.2.0_153/lpcxpresso/tools/bin/../lib/gcc/arm-none-eabi/4.8.3/../../../../arm-none-eabi/lib/armv6-m\libcr_c.a(_fdopen.o)
 .comment       0x00000000       0x71 c:/nxp/lpcxpresso_7.2.0_153/lpcxpresso/tools/bin/../lib/gcc/arm-none-eabi/4.8.3/../../../../arm-none-eabi/lib/armv6-m\libcr_c.a(_fflush.o)
 .comment       0x00000000       0x71 c:/nxp/lpcxpresso_7.2.0_153/lpcxpresso/tools/bin/../lib/gcc/arm-none-eabi/4.8.3/../../../../arm-none-eabi/lib/armv6-m\libcr_c.a(_frexpl.o)
 .comment       0x00000000       0x71 c:/nxp/lpcxpresso_7.2.0_153/lpcxpresso/tools/bin/../lib/gcc/arm-none-eabi/4.8.3/../../../../arm-none-eabi/lib/armv6-m\libcr_c.a(_ldexpl.o)
 .comment       0x00000000       0x71 c:/nxp/lpcxpresso_7.2.0_153/lpcxpresso/tools/bin/../lib/gcc/arm-none-eabi/4.8.3/../../../../arm-none-eabi/lib/armv6-m\libcr_c.a(_writebuf.o)
 .comment       0x00000000       0x71 c:/nxp/lpcxpresso_7.2.0_153/lpcxpresso/tools/bin/../lib/gcc/arm-none-eabi/4.8.3/../../../../arm-none-eabi/lib/armv6-m\libcr_c.a(alloc.o)
 .comment       0x00000000       0x71 c:/nxp/lpcxpresso_7.2.0_153/lpcxpresso/tools/bin/../lib/gcc/arm-none-eabi/4.8.3/../../../../arm-none-eabi/lib/armv6-m\libcr_c.a(errno.o)
 .comment       0x00000000       0x71 c:/nxp/lpcxpresso_7.2.0_153/lpcxpresso/tools/bin/../lib/gcc/arm-none-eabi/4.8.3/../../../../arm-none-eabi/lib/armv6-m\libcr_c.a(fclose.o)
 .comment       0x00000000       0x71 c:/nxp/lpcxpresso_7.2.0_153/lpcxpresso/tools/bin/../lib/gcc/arm-none-eabi/4.8.3/../../../../arm-none-eabi/lib/armv6-m\libcr_c.a(fflush.o)
 .comment       0x00000000       0x71 c:/nxp/lpcxpresso_7.2.0_153/lpcxpresso/tools/bin/../lib/gcc/arm-none-eabi/4.8.3/../../../../arm-none-eabi/lib/armv6-m\libcr_c.a(fseek.o)
 .comment       0x00000000       0x71 c:/nxp/lpcxpresso_7.2.0_153/lpcxpresso/tools/bin/../lib/gcc/arm-none-eabi/4.8.3/../../../../arm-none-eabi/lib/armv6-m\libcr_c.a(ftell.o)
 .comment       0x00000000       0x71 c:/nxp/lpcxpresso_7.2.0_153/lpcxpresso/tools/bin/../lib/gcc/arm-none-eabi/4.8.3/../../../../arm-none-eabi/lib/armv6-m\libcr_c.a(remove.o)
 .comment       0x00000000       0x71 c:/nxp/lpcxpresso_7.2.0_153/lpcxpresso/tools/bin/../lib/gcc/arm-none-eabi/4.8.3/../../../../arm-none-eabi/lib/armv6-m\libcr_c.a(__init_alloc.o)
 .comment       0x00000000       0x71 c:/nxp/lpcxpresso_7.2.0_153/lpcxpresso/tools/bin/../lib/gcc/arm-none-eabi/4.8.3/../../../../arm-none-eabi/lib/armv6-m\libcr_c.a(_cr_sbrk.o)
 .comment       0x00000000       0x71 c:/nxp/lpcxpresso_7.2.0_153/lpcxpresso/tools/bin/../lib/gcc/arm-none-eabi/4.8.3/../../../../arm-none-eabi/lib/armv6-m\libcr_c.a(_do_fflush.o)
 .comment       0x00000000       0x71 c:/nxp/lpcxpresso_7.2.0_153/lpcxpresso/tools/bin/../lib/gcc/arm-none-eabi/4.8.3/../../../../arm-none-eabi/lib/armv6-m\libcr_c.a(_hugeval.o)
 .comment       0x00000000       0x71 c:/nxp/lpcxpresso_7.2.0_153/lpcxpresso/tools/bin/../lib/gcc/arm-none-eabi/4.8.3/../../../../arm-none-eabi/lib/armv6-m\libcr_c.a(_cr_check_heap.o)
 .comment       0x00000000       0x71 c:/nxp/lpcxpresso_7.2.0_153/lpcxpresso/tools/bin/../lib/gcc/arm-none-eabi/4.8.3/armv6-m\libcr_eabihelpers.a(double.o)
 .comment       0x00000000       0x71 c:/nxp/lpcxpresso_7.2.0_153/lpcxpresso/tools/bin/../lib/gcc/arm-none-eabi/4.8.3/../../../../arm-none-eabi/lib/armv6-m\libcr_nohost.a(__sys_appexit.o)
 .comment       0x00000000       0x71 c:/nxp/lpcxpresso_7.2.0_153/lpcxpresso/tools/bin/../lib/gcc/arm-none-eabi/4.8.3/../../../../arm-none-eabi/lib/armv6-m\libcr_nohost.a(__sys_close.o)
 .comment       0x00000000       0x71 c:/nxp/lpcxpresso_7.2.0_153/lpcxpresso/tools/bin/../lib/gcc/arm-none-eabi/4.8.3/../../../../arm-none-eabi/lib/armv6-m\libcr_nohost.a(__sys_flen.o)
 .comment       0x00000000       0x71 c:/nxp/lpcxpresso_7.2.0_153/lpcxpresso/tools/bin/../lib/gcc/arm-none-eabi/4.8.3/../../../../arm-none-eabi/lib/armv6-m\libcr_nohost.a(__sys_istty.o)
 .comment       0x00000000       0x71 c:/nxp/lpcxpresso_7.2.0_153/lpcxpresso/tools/bin/../lib/gcc/arm-none-eabi/4.8.3/../../../../arm-none-eabi/lib/armv6-m\libcr_nohost.a(__sys_remove.o)
 .comment       0x00000000       0x71 c:/nxp/lpcxpresso_7.2.0_153/lpcxpresso/tools/bin/../lib/gcc/arm-none-eabi/4.8.3/../../../../arm-none-eabi/lib/armv6-m\libcr_nohost.a(__sys_seek.o)
 .comment       0x00000000       0x71 c:/nxp/lpcxpresso_7.2.0_153/lpcxpresso/tools/bin/../lib/gcc/arm-none-eabi/4.8.3/../../../../arm-none-eabi/lib/armv6-m\libcr_nohost.a(__sys_tmpnam.o)

.ARM.attributes
                0x00000000       0x2f
 .ARM.attributes
                0x00000000       0x31 ./src/ioLibrary/Ethernet/W5500/w5500.o
 .ARM.attributes
                0x00000031       0x31 ./src/ioLibrary/Ethernet/socket.o
 .ARM.attributes
                0x00000062       0x31 ./src/ioLibrary/Ethernet/wizchip_conf.o
 .ARM.attributes
                0x00000093       0x31 ./src/PlatformHandler/spi_handler.o
 .ARM.attributes
                0x000000c4       0x31 ./src/Application/loopback.o
 .ARM.attributes
                0x000000f5       0x31 ./src/W5500EVB.o
 .ARM.attributes
                0x00000126       0x21 ./src/aeabi_romdiv_patch.o
 .ARM.attributes
                0x00000147       0x31 ./src/cr_startup_lpc11exx.o
 .ARM.attributes
                0x00000178       0x31 ./src/crp.o
 .ARM.attributes
                0x000001a9       0x31 ./src/sysinit.o
 .ARM.attributes
                0x000001da       0x31 ./src/w5500_init.o
 .ARM.attributes
                0x0000020b       0x31 C:\Users\Administrator\Documents\GitHub\Loopback_LPC11E36_LPCXpresso\wiznet_evb_w5500evb_board\Debug\libwiznet_evb_w5500evb_board.a(board.o)
 .ARM.attributes
                0x0000023c       0x31 C:\Users\Administrator\Documents\GitHub\Loopback_LPC11E36_LPCXpresso\wiznet_evb_w5500evb_board\Debug\libwiznet_evb_w5500evb_board.a(board_sysinit.o)
 .ARM.attributes
                0x0000026d       0x31 C:\Users\Administrator\Documents\GitHub\Loopback_LPC11E36_LPCXpresso\lpc_chip_11exx\Debug\liblpc_chip_11exx.a(chip_11xx.o)
 .ARM.attributes
                0x0000029e       0x31 C:\Users\Administrator\Documents\GitHub\Loopback_LPC11E36_LPCXpresso\lpc_chip_11exx\Debug\liblpc_chip_11exx.a(clock_11xx.o)
 .ARM.attributes
                0x000002cf       0x31 C:\Users\Administrator\Documents\GitHub\Loopback_LPC11E36_LPCXpresso\lpc_chip_11exx\Debug\liblpc_chip_11exx.a(gpio_11xx_1.o)
 .ARM.attributes
                0x00000300       0x31 C:\Users\Administrator\Documents\GitHub\Loopback_LPC11E36_LPCXpresso\lpc_chip_11exx\Debug\liblpc_chip_11exx.a(iocon_11xx.o)
 .ARM.attributes
                0x00000331       0x31 C:\Users\Administrator\Documents\GitHub\Loopback_LPC11E36_LPCXpresso\lpc_chip_11exx\Debug\liblpc_chip_11exx.a(ssp_11xx.o)
 .ARM.attributes
                0x00000362       0x31 C:\Users\Administrator\Documents\GitHub\Loopback_LPC11E36_LPCXpresso\lpc_chip_11exx\Debug\liblpc_chip_11exx.a(sysctl_11xx.o)
 .ARM.attributes
                0x00000393       0x31 C:\Users\Administrator\Documents\GitHub\Loopback_LPC11E36_LPCXpresso\lpc_chip_11exx\Debug\liblpc_chip_11exx.a(uart_11xx.o)
 .ARM.attributes
                0x000003c4       0x31 c:/nxp/lpcxpresso_7.2.0_153/lpcxpresso/tools/bin/../lib/gcc/arm-none-eabi/4.8.3/../../../../arm-none-eabi/lib/armv6-m\libcr_nohost.a(_cr__main.o)
 .ARM.attributes
                0x000003f5       0x31 c:/nxp/lpcxpresso_7.2.0_153/lpcxpresso/tools/bin/../lib/gcc/arm-none-eabi/4.8.3/../../../../arm-none-eabi/lib/armv6-m\libcr_c.a(memcpy.o)
 .ARM.attributes
                0x00000426       0x31 c:/nxp/lpcxpresso_7.2.0_153/lpcxpresso/tools/bin/../lib/gcc/arm-none-eabi/4.8.3/../../../../arm-none-eabi/lib/armv6-m\libcr_c.a(memset.o)
 .ARM.attributes
                0x00000457       0x31 c:/nxp/lpcxpresso_7.2.0_153/lpcxpresso/tools/bin/../lib/gcc/arm-none-eabi/4.8.3/../../../../arm-none-eabi/lib/armv6-m\libcr_c.a(fpprintf.o)
 .ARM.attributes
                0x00000488       0x31 c:/nxp/lpcxpresso_7.2.0_153/lpcxpresso/tools/bin/../lib/gcc/arm-none-eabi/4.8.3/../../../../arm-none-eabi/lib/armv6-m\libcr_c.a(initio.o)
 .ARM.attributes
                0x000004b9       0x31 c:/nxp/lpcxpresso_7.2.0_153/lpcxpresso/tools/bin/../lib/gcc/arm-none-eabi/4.8.3/../../../../arm-none-eabi/lib/armv6-m\libcr_c.a(printf.o)
 .ARM.attributes
                0x000004ea       0x31 c:/nxp/lpcxpresso_7.2.0_153/lpcxpresso/tools/bin/../lib/gcc/arm-none-eabi/4.8.3/../../../../arm-none-eabi/lib/armv6-m\libcr_c.a(setvbuf.o)
 .ARM.attributes
                0x0000051b       0x31 c:/nxp/lpcxpresso_7.2.0_153/lpcxpresso/tools/bin/../lib/gcc/arm-none-eabi/4.8.3/../../../../arm-none-eabi/lib/armv6-m\libcr_c.a(stdio.o)
 .ARM.attributes
                0x0000054c       0x31 c:/nxp/lpcxpresso_7.2.0_153/lpcxpresso/tools/bin/../lib/gcc/arm-none-eabi/4.8.3/../../../../arm-none-eabi/lib/armv6-m\libcr_c.a(strlen.o)
 .ARM.attributes
                0x0000057d       0x31 c:/nxp/lpcxpresso_7.2.0_153/lpcxpresso/tools/bin/../lib/gcc/arm-none-eabi/4.8.3/../../../../arm-none-eabi/lib/armv6-m\libcr_c.a(_deferredlazyseek.o)
 .ARM.attributes
                0x000005ae       0x31 c:/nxp/lpcxpresso_7.2.0_153/lpcxpresso/tools/bin/../lib/gcc/arm-none-eabi/4.8.3/../../../../arm-none-eabi/lib/armv6-m\libcr_c.a(_fdopen.o)
 .ARM.attributes
                0x000005df       0x31 c:/nxp/lpcxpresso_7.2.0_153/lpcxpresso/tools/bin/../lib/gcc/arm-none-eabi/4.8.3/../../../../arm-none-eabi/lib/armv6-m\libcr_c.a(_fflush.o)
 .ARM.attributes
                0x00000610       0x31 c:/nxp/lpcxpresso_7.2.0_153/lpcxpresso/tools/bin/../lib/gcc/arm-none-eabi/4.8.3/../../../../arm-none-eabi/lib/armv6-m\libcr_c.a(_frexpl.o)
 .ARM.attributes
                0x00000641       0x31 c:/nxp/lpcxpresso_7.2.0_153/lpcxpresso/tools/bin/../lib/gcc/arm-none-eabi/4.8.3/../../../../arm-none-eabi/lib/armv6-m\libcr_c.a(_ldexpl.o)
 .ARM.attributes
                0x00000672       0x31 c:/nxp/lpcxpresso_7.2.0_153/lpcxpresso/tools/bin/../lib/gcc/arm-none-eabi/4.8.3/../../../../arm-none-eabi/lib/armv6-m\libcr_c.a(_writebuf.o)
 .ARM.attributes
                0x000006a3       0x31 c:/nxp/lpcxpresso_7.2.0_153/lpcxpresso/tools/bin/../lib/gcc/arm-none-eabi/4.8.3/../../../../arm-none-eabi/lib/armv6-m\libcr_c.a(alloc.o)
 .ARM.attributes
                0x000006d4       0x31 c:/nxp/lpcxpresso_7.2.0_153/lpcxpresso/tools/bin/../lib/gcc/arm-none-eabi/4.8.3/../../../../arm-none-eabi/lib/armv6-m\libcr_c.a(errno.o)
 .ARM.attributes
                0x00000705       0x31 c:/nxp/lpcxpresso_7.2.0_153/lpcxpresso/tools/bin/../lib/gcc/arm-none-eabi/4.8.3/../../../../arm-none-eabi/lib/armv6-m\libcr_c.a(fclose.o)
 .ARM.attributes
                0x00000736       0x31 c:/nxp/lpcxpresso_7.2.0_153/lpcxpresso/tools/bin/../lib/gcc/arm-none-eabi/4.8.3/../../../../arm-none-eabi/lib/armv6-m\libcr_c.a(fflush.o)
 .ARM.attributes
                0x00000767       0x31 c:/nxp/lpcxpresso_7.2.0_153/lpcxpresso/tools/bin/../lib/gcc/arm-none-eabi/4.8.3/../../../../arm-none-eabi/lib/armv6-m\libcr_c.a(fseek.o)
 .ARM.attributes
                0x00000798       0x31 c:/nxp/lpcxpresso_7.2.0_153/lpcxpresso/tools/bin/../lib/gcc/arm-none-eabi/4.8.3/../../../../arm-none-eabi/lib/armv6-m\libcr_c.a(ftell.o)
 .ARM.attributes
                0x000007c9       0x31 c:/nxp/lpcxpresso_7.2.0_153/lpcxpresso/tools/bin/../lib/gcc/arm-none-eabi/4.8.3/../../../../arm-none-eabi/lib/armv6-m\libcr_c.a(remove.o)
 .ARM.attributes
                0x000007fa       0x31 c:/nxp/lpcxpresso_7.2.0_153/lpcxpresso/tools/bin/../lib/gcc/arm-none-eabi/4.8.3/../../../../arm-none-eabi/lib/armv6-m\libcr_c.a(__init_alloc.o)
 .ARM.attributes
                0x0000082b       0x31 c:/nxp/lpcxpresso_7.2.0_153/lpcxpresso/tools/bin/../lib/gcc/arm-none-eabi/4.8.3/../../../../arm-none-eabi/lib/armv6-m\libcr_c.a(_cr_sbrk.o)
 .ARM.attributes
                0x0000085c       0x31 c:/nxp/lpcxpresso_7.2.0_153/lpcxpresso/tools/bin/../lib/gcc/arm-none-eabi/4.8.3/../../../../arm-none-eabi/lib/armv6-m\libcr_c.a(_do_fflush.o)
 .ARM.attributes
                0x0000088d       0x31 c:/nxp/lpcxpresso_7.2.0_153/lpcxpresso/tools/bin/../lib/gcc/arm-none-eabi/4.8.3/../../../../arm-none-eabi/lib/armv6-m\libcr_c.a(_hugeval.o)
 .ARM.attributes
                0x000008be       0x31 c:/nxp/lpcxpresso_7.2.0_153/lpcxpresso/tools/bin/../lib/gcc/arm-none-eabi/4.8.3/../../../../arm-none-eabi/lib/armv6-m\libcr_c.a(_cr_check_heap.o)
 .ARM.attributes
                0x000008ef       0x31 c:/nxp/lpcxpresso_7.2.0_153/lpcxpresso/tools/bin/../lib/gcc/arm-none-eabi/4.8.3/armv6-m\libcr_eabihelpers.a(double.o)
 .ARM.attributes
                0x00000920       0x21 c:/nxp/lpcxpresso_7.2.0_153/lpcxpresso/tools/bin/../lib/gcc/arm-none-eabi/4.8.3/armv6-m\libcr_eabihelpers.a(llong.o)
 .ARM.attributes
                0x00000941       0x21 c:/nxp/lpcxpresso_7.2.0_153/lpcxpresso/tools/bin/../lib/gcc/arm-none-eabi/4.8.3/armv6-m\libcr_eabihelpers.a(memcpy.o)
 .ARM.attributes
                0x00000962       0x31 c:/nxp/lpcxpresso_7.2.0_153/lpcxpresso/tools/bin/../lib/gcc/arm-none-eabi/4.8.3/../../../../arm-none-eabi/lib/armv6-m\libcr_nohost.a(__sys_appexit.o)
 .ARM.attributes
                0x00000993       0x31 c:/nxp/lpcxpresso_7.2.0_153/lpcxpresso/tools/bin/../lib/gcc/arm-none-eabi/4.8.3/../../../../arm-none-eabi/lib/armv6-m\libcr_nohost.a(__sys_close.o)
 .ARM.attributes
                0x000009c4       0x31 c:/nxp/lpcxpresso_7.2.0_153/lpcxpresso/tools/bin/../lib/gcc/arm-none-eabi/4.8.3/../../../../arm-none-eabi/lib/armv6-m\libcr_nohost.a(__sys_flen.o)
 .ARM.attributes
                0x000009f5       0x31 c:/nxp/lpcxpresso_7.2.0_153/lpcxpresso/tools/bin/../lib/gcc/arm-none-eabi/4.8.3/../../../../arm-none-eabi/lib/armv6-m\libcr_nohost.a(__sys_istty.o)
 .ARM.attributes
                0x00000a26       0x31 c:/nxp/lpcxpresso_7.2.0_153/lpcxpresso/tools/bin/../lib/gcc/arm-none-eabi/4.8.3/../../../../arm-none-eabi/lib/armv6-m\libcr_nohost.a(__sys_remove.o)
 .ARM.attributes
                0x00000a57       0x31 c:/nxp/lpcxpresso_7.2.0_153/lpcxpresso/tools/bin/../lib/gcc/arm-none-eabi/4.8.3/../../../../arm-none-eabi/lib/armv6-m\libcr_nohost.a(__sys_seek.o)
 .ARM.attributes
                0x00000a88       0x31 c:/nxp/lpcxpresso_7.2.0_153/lpcxpresso/tools/bin/../lib/gcc/arm-none-eabi/4.8.3/../../../../arm-none-eabi/lib/armv6-m\libcr_nohost.a(__sys_tmpnam.o)

.debug_frame    0x00000000      0xf80
 .debug_frame   0x00000000      0x144 ./src/ioLibrary/Ethernet/W5500/w5500.o
 .debug_frame   0x00000144      0x1b4 ./src/ioLibrary/Ethernet/socket.o
 .debug_frame   0x000002f8      0x2f0 ./src/ioLibrary/Ethernet/wizchip_conf.o
 .debug_frame   0x000005e8       0x40 ./src/PlatformHandler/spi_handler.o
 .debug_frame   0x00000628       0x60 ./src/Application/loopback.o
 .debug_frame   0x00000688       0x2c ./src/W5500EVB.o
 .debug_frame   0x000006b4       0xb4 ./src/cr_startup_lpc11exx.o
 .debug_frame   0x00000768       0x28 ./src/sysinit.o
 .debug_frame   0x00000790       0xd0 ./src/w5500_init.o
 .debug_frame   0x00000860      0x130 C:\Users\Administrator\Documents\GitHub\Loopback_LPC11E36_LPCXpresso\wiznet_evb_w5500evb_board\Debug\libwiznet_evb_w5500evb_board.a(board.o)
 .debug_frame   0x00000990       0x5c C:\Users\Administrator\Documents\GitHub\Loopback_LPC11E36_LPCXpresso\wiznet_evb_w5500evb_board\Debug\libwiznet_evb_w5500evb_board.a(board_sysinit.o)
 .debug_frame   0x000009ec       0x28 C:\Users\Administrator\Documents\GitHub\Loopback_LPC11E36_LPCXpresso\lpc_chip_11exx\Debug\liblpc_chip_11exx.a(chip_11xx.o)
 .debug_frame   0x00000a14       0xf8 C:\Users\Administrator\Documents\GitHub\Loopback_LPC11E36_LPCXpresso\lpc_chip_11exx\Debug\liblpc_chip_11exx.a(clock_11xx.o)
 .debug_frame   0x00000b0c       0x80 C:\Users\Administrator\Documents\GitHub\Loopback_LPC11E36_LPCXpresso\lpc_chip_11exx\Debug\liblpc_chip_11exx.a(gpio_11xx_1.o)
 .debug_frame   0x00000b8c       0x20 C:\Users\Administrator\Documents\GitHub\Loopback_LPC11E36_LPCXpresso\lpc_chip_11exx\Debug\liblpc_chip_11exx.a(iocon_11xx.o)
 .debug_frame   0x00000bac      0x1f0 C:\Users\Administrator\Documents\GitHub\Loopback_LPC11E36_LPCXpresso\lpc_chip_11exx\Debug\liblpc_chip_11exx.a(ssp_11xx.o)
 .debug_frame   0x00000d9c       0x58 C:\Users\Administrator\Documents\GitHub\Loopback_LPC11E36_LPCXpresso\lpc_chip_11exx\Debug\liblpc_chip_11exx.a(sysctl_11xx.o)
 .debug_frame   0x00000df4      0x18c C:\Users\Administrator\Documents\GitHub\Loopback_LPC11E36_LPCXpresso\lpc_chip_11exx\Debug\liblpc_chip_11exx.a(uart_11xx.o)

.debug_macro    0x00000000     0x2daa
 .debug_macro   0x00000000      0x1da C:\Users\Administrator\Documents\GitHub\Loopback_LPC11E36_LPCXpresso\wiznet_evb_w5500evb_board\Debug\libwiznet_evb_w5500evb_board.a(board.o)
 .debug_macro   0x000001da      0x81a C:\Users\Administrator\Documents\GitHub\Loopback_LPC11E36_LPCXpresso\wiznet_evb_w5500evb_board\Debug\libwiznet_evb_w5500evb_board.a(board.o)
 .debug_macro   0x000009f4       0x10 C:\Users\Administrator\Documents\GitHub\Loopback_LPC11E36_LPCXpresso\wiznet_evb_w5500evb_board\Debug\libwiznet_evb_w5500evb_board.a(board.o)
 .debug_macro   0x00000a04      0x122 C:\Users\Administrator\Documents\GitHub\Loopback_LPC11E36_LPCXpresso\wiznet_evb_w5500evb_board\Debug\libwiznet_evb_w5500evb_board.a(board.o)
 .debug_macro   0x00000b26      0x5b9 C:\Users\Administrator\Documents\GitHub\Loopback_LPC11E36_LPCXpresso\wiznet_evb_w5500evb_board\Debug\libwiznet_evb_w5500evb_board.a(board.o)
 .debug_macro   0x000010df       0x22 C:\Users\Administrator\Documents\GitHub\Loopback_LPC11E36_LPCXpresso\wiznet_evb_w5500evb_board\Debug\libwiznet_evb_w5500evb_board.a(board.o)
 .debug_macro   0x00001101       0x7b C:\Users\Administrator\Documents\GitHub\Loopback_LPC11E36_LPCXpresso\wiznet_evb_w5500evb_board\Debug\libwiznet_evb_w5500evb_board.a(board.o)
 .debug_macro   0x0000117c       0x10 C:\Users\Administrator\Documents\GitHub\Loopback_LPC11E36_LPCXpresso\wiznet_evb_w5500evb_board\Debug\libwiznet_evb_w5500evb_board.a(board.o)
 .debug_macro   0x0000118c       0x1f C:\Users\Administrator\Documents\GitHub\Loopback_LPC11E36_LPCXpresso\wiznet_evb_w5500evb_board\Debug\libwiznet_evb_w5500evb_board.a(board.o)
 .debug_macro   0x000011ab       0x3a C:\Users\Administrator\Documents\GitHub\Loopback_LPC11E36_LPCXpresso\wiznet_evb_w5500evb_board\Debug\libwiznet_evb_w5500evb_board.a(board.o)
 .debug_macro   0x000011e5       0x1f C:\Users\Administrator\Documents\GitHub\Loopback_LPC11E36_LPCXpresso\wiznet_evb_w5500evb_board\Debug\libwiznet_evb_w5500evb_board.a(board.o)
 .debug_macro   0x00001204      0x242 C:\Users\Administrator\Documents\GitHub\Loopback_LPC11E36_LPCXpresso\wiznet_evb_w5500evb_board\Debug\libwiznet_evb_w5500evb_board.a(board.o)
 .debug_macro   0x00001446      0x12c C:\Users\Administrator\Documents\GitHub\Loopback_LPC11E36_LPCXpresso\wiznet_evb_w5500evb_board\Debug\libwiznet_evb_w5500evb_board.a(board.o)
 .debug_macro   0x00001572       0x2e C:\Users\Administrator\Documents\GitHub\Loopback_LPC11E36_LPCXpresso\wiznet_evb_w5500evb_board\Debug\libwiznet_evb_w5500evb_board.a(board.o)
 .debug_macro   0x000015a0       0xd5 C:\Users\Administrator\Documents\GitHub\Loopback_LPC11E36_LPCXpresso\wiznet_evb_w5500evb_board\Debug\libwiznet_evb_w5500evb_board.a(board.o)
 .debug_macro   0x00001675       0x10 C:\Users\Administrator\Documents\GitHub\Loopback_LPC11E36_LPCXpresso\wiznet_evb_w5500evb_board\Debug\libwiznet_evb_w5500evb_board.a(board.o)
 .debug_macro   0x00001685      0x137 C:\Users\Administrator\Documents\GitHub\Loopback_LPC11E36_LPCXpresso\wiznet_evb_w5500evb_board\Debug\libwiznet_evb_w5500evb_board.a(board.o)
 .debug_macro   0x000017bc       0x4c C:\Users\Administrator\Documents\GitHub\Loopback_LPC11E36_LPCXpresso\wiznet_evb_w5500evb_board\Debug\libwiznet_evb_w5500evb_board.a(board.o)
 .debug_macro   0x00001808       0x16 C:\Users\Administrator\Documents\GitHub\Loopback_LPC11E36_LPCXpresso\wiznet_evb_w5500evb_board\Debug\libwiznet_evb_w5500evb_board.a(board.o)
 .debug_macro   0x0000181e      0x31a C:\Users\Administrator\Documents\GitHub\Loopback_LPC11E36_LPCXpresso\wiznet_evb_w5500evb_board\Debug\libwiznet_evb_w5500evb_board.a(board.o)
 .debug_macro   0x00001b38       0x4f C:\Users\Administrator\Documents\GitHub\Loopback_LPC11E36_LPCXpresso\wiznet_evb_w5500evb_board\Debug\libwiznet_evb_w5500evb_board.a(board.o)
 .debug_macro   0x00001b87       0xb8 C:\Users\Administrator\Documents\GitHub\Loopback_LPC11E36_LPCXpresso\wiznet_evb_w5500evb_board\Debug\libwiznet_evb_w5500evb_board.a(board.o)
 .debug_macro   0x00001c3f       0x18 C:\Users\Administrator\Documents\GitHub\Loopback_LPC11E36_LPCXpresso\wiznet_evb_w5500evb_board\Debug\libwiznet_evb_w5500evb_board.a(board.o)
 .debug_macro   0x00001c57       0xca C:\Users\Administrator\Documents\GitHub\Loopback_LPC11E36_LPCXpresso\wiznet_evb_w5500evb_board\Debug\libwiznet_evb_w5500evb_board.a(board.o)
 .debug_macro   0x00001d21       0x7c C:\Users\Administrator\Documents\GitHub\Loopback_LPC11E36_LPCXpresso\wiznet_evb_w5500evb_board\Debug\libwiznet_evb_w5500evb_board.a(board.o)
 .debug_macro   0x00001d9d       0x1c C:\Users\Administrator\Documents\GitHub\Loopback_LPC11E36_LPCXpresso\wiznet_evb_w5500evb_board\Debug\libwiznet_evb_w5500evb_board.a(board.o)
 .debug_macro   0x00001db9       0x40 C:\Users\Administrator\Documents\GitHub\Loopback_LPC11E36_LPCXpresso\wiznet_evb_w5500evb_board\Debug\libwiznet_evb_w5500evb_board.a(board.o)
 .debug_macro   0x00001df9      0x18a C:\Users\Administrator\Documents\GitHub\Loopback_LPC11E36_LPCXpresso\wiznet_evb_w5500evb_board\Debug\libwiznet_evb_w5500evb_board.a(board.o)
 .debug_macro   0x00001f83       0x88 C:\Users\Administrator\Documents\GitHub\Loopback_LPC11E36_LPCXpresso\wiznet_evb_w5500evb_board\Debug\libwiznet_evb_w5500evb_board.a(board.o)
 .debug_macro   0x0000200b       0x40 C:\Users\Administrator\Documents\GitHub\Loopback_LPC11E36_LPCXpresso\wiznet_evb_w5500evb_board\Debug\libwiznet_evb_w5500evb_board.a(board.o)
 .debug_macro   0x0000204b       0x2e C:\Users\Administrator\Documents\GitHub\Loopback_LPC11E36_LPCXpresso\wiznet_evb_w5500evb_board\Debug\libwiznet_evb_w5500evb_board.a(board.o)
 .debug_macro   0x00002079       0x28 C:\Users\Administrator\Documents\GitHub\Loopback_LPC11E36_LPCXpresso\wiznet_evb_w5500evb_board\Debug\libwiznet_evb_w5500evb_board.a(board.o)
 .debug_macro   0x000020a1       0x9a C:\Users\Administrator\Documents\GitHub\Loopback_LPC11E36_LPCXpresso\wiznet_evb_w5500evb_board\Debug\libwiznet_evb_w5500evb_board.a(board.o)
 .debug_macro   0x0000213b       0x20 C:\Users\Administrator\Documents\GitHub\Loopback_LPC11E36_LPCXpresso\wiznet_evb_w5500evb_board\Debug\libwiznet_evb_w5500evb_board.a(board.o)
 .debug_macro   0x0000215b       0x12 C:\Users\Administrator\Documents\GitHub\Loopback_LPC11E36_LPCXpresso\wiznet_evb_w5500evb_board\Debug\libwiznet_evb_w5500evb_board.a(board.o)
 .debug_macro   0x0000216d      0x1bd C:\Users\Administrator\Documents\GitHub\Loopback_LPC11E36_LPCXpresso\wiznet_evb_w5500evb_board\Debug\libwiznet_evb_w5500evb_board.a(board_sysinit.o)
 .debug_macro   0x0000232a      0x17a C:\Users\Administrator\Documents\GitHub\Loopback_LPC11E36_LPCXpresso\lpc_chip_11exx\Debug\liblpc_chip_11exx.a(chip_11xx.o)
 .debug_macro   0x000024a4      0x17a C:\Users\Administrator\Documents\GitHub\Loopback_LPC11E36_LPCXpresso\lpc_chip_11exx\Debug\liblpc_chip_11exx.a(clock_11xx.o)
 .debug_macro   0x0000261e      0x17a C:\Users\Administrator\Documents\GitHub\Loopback_LPC11E36_LPCXpresso\lpc_chip_11exx\Debug\liblpc_chip_11exx.a(gpio_11xx_1.o)
 .debug_macro   0x00002798      0x17a C:\Users\Administrator\Documents\GitHub\Loopback_LPC11E36_LPCXpresso\lpc_chip_11exx\Debug\liblpc_chip_11exx.a(iocon_11xx.o)
 .debug_macro   0x00002912      0x17a C:\Users\Administrator\Documents\GitHub\Loopback_LPC11E36_LPCXpresso\lpc_chip_11exx\Debug\liblpc_chip_11exx.a(ssp_11xx.o)
 .debug_macro   0x00002a8c      0x1a4 C:\Users\Administrator\Documents\GitHub\Loopback_LPC11E36_LPCXpresso\lpc_chip_11exx\Debug\liblpc_chip_11exx.a(sysctl_11xx.o)
 .debug_macro   0x00002c30      0x17a C:\Users\Administrator\Documents\GitHub\Loopback_LPC11E36_LPCXpresso\lpc_chip_11exx\Debug\liblpc_chip_11exx.a(uart_11xx.o)
