Archive member included because of file (symbol)

C:\Users\Administrator\Documents\GitHub\Loopback_LPC11E36_LPCXpresso\wiznet_evb_w5500evb_board\Debug\libwiznet_evb_w5500evb_board.a(board.o)
                              ./src/W5500EVB.o (Board_LED_Set)
C:\Users\Administrator\Documents\GitHub\Loopback_LPC11E36_LPCXpresso\wiznet_evb_w5500evb_board\Debug\libwiznet_evb_w5500evb_board.a(board_sysinit.o)
                              ./src/sysinit.o (Board_SystemInit)
C:\Users\Administrator\Documents\GitHub\Loopback_LPC11E36_LPCXpresso\lpc_chip_11exx\Debug\liblpc_chip_11exx.a(chip_11xx.o)
                              ./src/W5500EVB.o (SystemCoreClockUpdate)
C:\Users\Administrator\Documents\GitHub\Loopback_LPC11E36_LPCXpresso\lpc_chip_11exx\Debug\liblpc_chip_11exx.a(clock_11xx.o)
                              C:\Users\Administrator\Documents\GitHub\Loopback_LPC11E36_LPCXpresso\wiznet_evb_w5500evb_board\Debug\libwiznet_evb_w5500evb_board.a(board_sysinit.o) (Chip_Clock_SetSystemPLLSource)
C:\Users\Administrator\Documents\GitHub\Loopback_LPC11E36_LPCXpresso\lpc_chip_11exx\Debug\liblpc_chip_11exx.a(gpio_11xx_1.o)
                              C:\Users\Administrator\Documents\GitHub\Loopback_LPC11E36_LPCXpresso\wiznet_evb_w5500evb_board\Debug\libwiznet_evb_w5500evb_board.a(board.o) (Chip_GPIO_Init)
C:\Users\Administrator\Documents\GitHub\Loopback_LPC11E36_LPCXpresso\lpc_chip_11exx\Debug\liblpc_chip_11exx.a(iocon_11xx.o)
                              ./src/PlatformHandler/spi_handler.o (Chip_IOCON_PinMuxSet)
C:\Users\Administrator\Documents\GitHub\Loopback_LPC11E36_LPCXpresso\lpc_chip_11exx\Debug\liblpc_chip_11exx.a(ssp_11xx.o)
                              ./src/w5500_init.o (Chip_SSP_WriteFrames_Blocking)
C:\Users\Administrator\Documents\GitHub\Loopback_LPC11E36_LPCXpresso\lpc_chip_11exx\Debug\liblpc_chip_11exx.a(sysctl_11xx.o)
                              C:\Users\Administrator\Documents\GitHub\Loopback_LPC11E36_LPCXpresso\wiznet_evb_w5500evb_board\Debug\libwiznet_evb_w5500evb_board.a(board_sysinit.o) (Chip_SYSCTL_PowerDown)
C:\Users\Administrator\Documents\GitHub\Loopback_LPC11E36_LPCXpresso\lpc_chip_11exx\Debug\liblpc_chip_11exx.a(uart_11xx.o)
                              C:\Users\Administrator\Documents\GitHub\Loopback_LPC11E36_LPCXpresso\wiznet_evb_w5500evb_board\Debug\libwiznet_evb_w5500evb_board.a(board.o) (Chip_UART_Init)
C:\Users\Administrator\Documents\GitHub\Loopback_LPC11E36_LPCXpresso\lpc_chip_11exx\Debug\liblpc_chip_11exx.a(ring_buffer.o)
                              C:\Users\Administrator\Documents\GitHub\Loopback_LPC11E36_LPCXpresso\lpc_chip_11exx\Debug\liblpc_chip_11exx.a(uart_11xx.o) (RingBuffer_Insert)
c:/nxp/lpcxpresso_7.2.0_153/lpcxpresso/tools/bin/../lib/gcc/arm-none-eabi/4.8.3/../../../../arm-none-eabi/lib/armv6-m\libcr_nohost.a(_cr__main.o)
                              ./src/cr_startup_lpc11exx.o (__main)
c:/nxp/lpcxpresso_7.2.0_153/lpcxpresso/tools/bin/../lib/gcc/arm-none-eabi/4.8.3/../../../../arm-none-eabi/lib/armv6-m\libcr_c.a(memcpy.o)
                              ./src/w5500_init.o (memcpy)
c:/nxp/lpcxpresso_7.2.0_153/lpcxpresso/tools/bin/../lib/gcc/arm-none-eabi/4.8.3/../../../../arm-none-eabi/lib/armv6-m\libcr_c.a(memset.o)
                              ./src/ioLibrary/Internet/DNS/dns.o (memset)
c:/nxp/lpcxpresso_7.2.0_153/lpcxpresso/tools/bin/../lib/gcc/arm-none-eabi/4.8.3/../../../../arm-none-eabi/lib/armv6-m\libcr_c.a(fpprintf.o)
                              ./src/Application/loopback.o (printf)
c:/nxp/lpcxpresso_7.2.0_153/lpcxpresso/tools/bin/../lib/gcc/arm-none-eabi/4.8.3/../../../../arm-none-eabi/lib/armv6-m\libcr_c.a(initio.o)
                              c:/nxp/lpcxpresso_7.2.0_153/lpcxpresso/tools/bin/../lib/gcc/arm-none-eabi/4.8.3/../../../../arm-none-eabi/lib/armv6-m\libcr_nohost.a(_cr__main.o) (_initio)
c:/nxp/lpcxpresso_7.2.0_153/lpcxpresso/tools/bin/../lib/gcc/arm-none-eabi/4.8.3/../../../../arm-none-eabi/lib/armv6-m\libcr_c.a(printf.o)
                              c:/nxp/lpcxpresso_7.2.0_153/lpcxpresso/tools/bin/../lib/gcc/arm-none-eabi/4.8.3/../../../../arm-none-eabi/lib/armv6-m\libcr_c.a(fpprintf.o) (__vfprintf)
c:/nxp/lpcxpresso_7.2.0_153/lpcxpresso/tools/bin/../lib/gcc/arm-none-eabi/4.8.3/../../../../arm-none-eabi/lib/armv6-m\libcr_c.a(setvbuf.o)
                              c:/nxp/lpcxpresso_7.2.0_153/lpcxpresso/tools/bin/../lib/gcc/arm-none-eabi/4.8.3/../../../../arm-none-eabi/lib/armv6-m\libcr_c.a(initio.o) (setvbuf)
c:/nxp/lpcxpresso_7.2.0_153/lpcxpresso/tools/bin/../lib/gcc/arm-none-eabi/4.8.3/../../../../arm-none-eabi/lib/armv6-m\libcr_c.a(stdio.o)
                              c:/nxp/lpcxpresso_7.2.0_153/lpcxpresso/tools/bin/../lib/gcc/arm-none-eabi/4.8.3/../../../../arm-none-eabi/lib/armv6-m\libcr_c.a(fpprintf.o) (__Ciob)
c:/nxp/lpcxpresso_7.2.0_153/lpcxpresso/tools/bin/../lib/gcc/arm-none-eabi/4.8.3/../../../../arm-none-eabi/lib/armv6-m\libcr_c.a(strchr.o)
                              ./src/ioLibrary/Internet/DNS/dns.o (strchr)
[...]
Memory Configuration

Name             Origin             Length             Attributes
MFlash96         0x00000000         0x00018000         xr
RamLoc8          0x10000000         0x00002000         xrw
RamPeriph2       0x20000000         0x00000800         xrw
SRAM1_2          0x20004000         0x00000800         xrw
*default*        0x00000000         0xffffffff

Linker script and memory map

LOAD ./src/ioLibrary/Internet/DNS/dns.o
LOAD ./src/ioLibrary/Internet/DHCP/dhcp.o
LOAD ./src/ioLibrary/Ethernet/W5500/w5500.o
LOAD ./src/ioLibrary/Ethernet/socket.o
LOAD ./src/ioLibrary/Ethernet/wizchip_conf.o
LOAD ./src/PlatformHandler/spi_handler.o
LOAD ./src/Application/loopback.o
LOAD ./src/W5500EVB.o
LOAD ./src/aeabi_romdiv_patch.o
LOAD ./src/cr_startup_lpc11exx.o
LOAD ./src/crp.o
LOAD ./src/sysinit.o
LOAD ./src/w5500_init.o
LOAD C:\Users\Administrator\Documents\GitHub\Loopback_LPC11E36_LPCXpresso\wiznet_evb_w5500evb_board\Debug\libwiznet_evb_w5500evb_board.a
LOAD C:\Users\Administrator\Documents\GitHub\Loopback_LPC11E36_LPCXpresso\lpc_chip_11exx\Debug\liblpc_chip_11exx.a
START GROUP
LOAD c:/nxp/lpcxpresso_7.2.0_153/lpcxpresso/tools/bin/../lib/gcc/arm-none-eabi/4.8.3/../../../../arm-none-eabi/lib/armv6-m\libcr_nohost.a
LOAD c:/nxp/lpcxpresso_7.2.0_153/lpcxpresso/tools/bin/../lib/gcc/arm-none-eabi/4.8.3/../../../../arm-none-eabi/lib/armv6-m\libcr_c.a
LOAD c:/nxp/lpcxpresso_7.2.0_153/lpcxpresso/tools/bin/../lib/gcc/arm-none-eabi/4.8.3/armv6-m\libcr_eabihelpers.a
END GROUP
                0x00018000                __top_MFlash96 = 0x18000
                0x10002000                __top_RamLoc8 = 0x10002000
                0x20000800                __top_RamPeriph2 = 0x20000800
                0x20004800                __top_SRAM1_2 = 0x20004800

.text           0x00000000     0x3ff8
 FILL mask 0xff
                0x00000000                __vectors_start__ = ABSOLUTE (.)
 *(.isr_vector)
 .isr_vector    0x00000000       0xc0 ./src/cr_startup_lpc11exx.o
                0x00000000                g_pfnVectors
                0x000000c0                . = ALIGN (0x4)
                0x000000c0                __section_table_start = .
                0x000000c0                __data_section_table = .
                0x000000c0        0x4 LONG 0x3ff8 LOADADDR (.data)
                0x000000c4        0x4 LONG 0x10000000 ADDR (.data)
                0x000000c8        0x4 LONG 0x20 SIZEOF (.data)
                0x000000cc        0x4 LONG 0x3ff8 LOADADDR (.data_RAM2)
                0x000000d0        0x4 LONG 0x20000000 ADDR (.data_RAM2)
                0x000000d4        0x4 LONG 0x0 SIZEOF (.data_RAM2)
                0x000000d8        0x4 LONG 0x3ff8 LOADADDR (.data_RAM3)
                0x000000dc        0x4 LONG 0x20004000 ADDR (.data_RAM3)
                0x000000e0        0x4 LONG 0x0 SIZEOF (.data_RAM3)
                0x000000e4                __data_section_table_end = .
                0x000000e4                __bss_section_table = .
                0x000000e4        0x4 LONG 0x10000020 ADDR (.bss)
                0x000000e8        0x4 LONG 0x164 SIZEOF (.bss)
                0x000000ec        0x4 LONG 0x20000000 ADDR (.bss_RAM2)
                0x000000f0        0x4 LONG 0x0 SIZEOF (.bss_RAM2)
                0x000000f4        0x4 LONG 0x20004000 ADDR (.bss_RAM3)
                0x000000f8        0x4 LONG 0x0 SIZEOF (.bss_RAM3)
                0x000000fc                __bss_section_table_end = .
                0x000000fc                __section_table_end = .
 *(.after_vectors*)
 .after_vectors
                0x000000fc       0xbc ./src/cr_startup_lpc11exx.o
                0x000000fc                NMI_Handler
                0x00000100                HardFault_Handler
                0x00000104                SVC_Handler
                0x00000108                PendSV_Handler
                0x0000010c                SysTick_Handler
                0x00000110                UART_IRQHandler
                0x00000110                TIMER32_0_IRQHandler
                0x00000110                FLEX_INT7_IRQHandler
                0x00000110                FMC_IRQHandler
                0x00000110                TIMER32_1_IRQHandler
                0x00000110                FLEX_INT1_IRQHandler
                0x00000110                IntDefaultHandler
                0x00000110                SSP0_IRQHandler
                0x00000110                FLEX_INT6_IRQHandler
                0x00000110                FLEX_INT0_IRQHandler
                0x00000110                FLEX_INT2_IRQHandler
                0x00000110                TIMER16_1_IRQHandler
                0x00000110                FLEX_INT5_IRQHandler
                0x00000110                ADC_IRQHandler
                0x00000110                SSP1_IRQHandler
                0x00000110                FLEX_INT3_IRQHandler
                0x00000110                BOD_IRQHandler
                0x00000110                I2C_IRQHandler
                0x00000110                WDT_IRQHandler
                0x00000110                TIMER16_0_IRQHandler
                0x00000110                GINT0_IRQHandler
                0x00000110                FLEX_INT4_IRQHandler
                0x00000110                GINT1_IRQHandler
                0x00000114                data_init
                0x0000012c                bss_init
                0x00000140                ResetISR
                0x000002fc                . = 0x2fc
 *fill*         0x000001b8      0x144 ff
                0x000002fc                PROVIDE (__CRP_WORD_START__, .)
 *(.crp)
 .crp           0x000002fc        0x4 ./src/crp.o
                0x000002fc                CRP_WORD
                0x00000300                PROVIDE (__CRP_WORD_END__, .)
                0x00000001                ASSERT (! ((__CRP_WORD_START__ == __CRP_WORD_END__)), Linker CRP Enabled, but no CRP_WORD provided within application)
 *(.text*)
 .text.WIZCHIP_READ
                0x00000300       0x3c ./src/ioLibrary/Ethernet/W5500/w5500.o
                0x00000300                WIZCHIP_READ
 .text.WIZCHIP_WRITE
                0x0000033c       0x40 ./src/ioLibrary/Ethernet/W5500/w5500.o
                0x0000033c                WIZCHIP_WRITE
 .text.WIZCHIP_READ_BUF
                0x0000037c       0x58 ./src/ioLibrary/Ethernet/W5500/w5500.o
                0x0000037c                WIZCHIP_READ_BUF
 .text.WIZCHIP_WRITE_BUF
                0x000003d4       0x5c ./src/ioLibrary/Ethernet/W5500/w5500.o
                0x000003d4                WIZCHIP_WRITE_BUF
 .text.wizchip_cris_enter
                0x00000430        0x4 ./src/ioLibrary/Ethernet/wizchip_conf.o
                0x00000430                wizchip_cris_enter
 .text.wizchip_cris_exit
                0x00000434        0x4 ./src/ioLibrary/Ethernet/wizchip_conf.o
                0x00000434                wizchip_cris_exit
 .text.wizchip_cs_select
                0x00000438        0x4 ./src/ioLibrary/Ethernet/wizchip_conf.o
                0x00000438                wizchip_cs_select
 .text.wizchip_cs_deselect
                0x0000043c        0x4 ./src/ioLibrary/Ethernet/wizchip_conf.o
                0x0000043c                wizchip_cs_deselect
 .text.wizchip_bus_readbyte
                0x00000440        0x8 ./src/ioLibrary/Ethernet/wizchip_conf.o
                0x00000440                wizchip_bus_readbyte
 .text.wizchip_bus_writebyte
                0x00000448        0x4 ./src/ioLibrary/Ethernet/wizchip_conf.o
                0x00000448                wizchip_bus_writebyte
 .text.wizchip_spi_readbyte
                0x0000044c        0x4 ./src/ioLibrary/Ethernet/wizchip_conf.o
                0x0000044c                wizchip_spi_readbyte
 .text.wizchip_spi_writebyte
                0x00000450        0x4 ./src/ioLibrary/Ethernet/wizchip_conf.o
                0x00000450                wizchip_spi_writebyte
 .text.reg_wizchip_cs_cbfunc
                0x00000454       0x28 ./src/ioLibrary/Ethernet/wizchip_conf.o
                0x00000454                reg_wizchip_cs_cbfunc
 .text.reg_wizchip_spi_cbfunc
                0x0000047c       0x38 ./src/ioLibrary/Ethernet/wizchip_conf.o
                0x0000047c                reg_wizchip_spi_cbfunc
 .text.wizchip_sw_reset
                0x000004b4       0x78 ./src/ioLibrary/Ethernet/wizchip_conf.o
                0x000004b4                wizchip_sw_reset
 .text.wizchip_init
                0x0000052c       0xa0 ./src/ioLibrary/Ethernet/wizchip_conf.o
                0x0000052c                wizchip_init
 .text.wizchip_clrinterrupt
                0x000005cc       0x1c ./src/ioLibrary/Ethernet/wizchip_conf.o
                0x000005cc                wizchip_clrinterrupt
 .text.wizchip_getinterrupt
                0x000005e8       0x24 ./src/ioLibrary/Ethernet/wizchip_conf.o
                0x000005e8                wizchip_getinterrupt
 .text.wizchip_setinterruptmask
                0x0000060c       0x1c ./src/ioLibrary/Ethernet/wizchip_conf.o
                0x0000060c                wizchip_setinterruptmask
 .text.wizchip_getinterruptmask
                0x00000628       0x1c ./src/ioLibrary/Ethernet/wizchip_conf.o
                0x00000628                wizchip_getinterruptmask
 .text.wizphy_getphylink
                0x00000644       0x10 ./src/ioLibrary/Ethernet/wizchip_conf.o
                0x00000644                wizphy_getphylink
 .text.wizphy_getphypmode
                0x00000654       0x18 ./src/ioLibrary/Ethernet/wizchip_conf.o
                0x00000654                wizphy_getphypmode
 .text.wizphy_reset
                0x0000066c       0x2c ./src/ioLibrary/Ethernet/wizchip_conf.o
                0x0000066c                wizphy_reset
 .text.wizphy_setphyconf
                0x00000698       0x48 ./src/ioLibrary/Ethernet/wizchip_conf.o
                0x00000698                wizphy_setphyconf
 .text.wizphy_getphyconf
                0x000006e0       0x58 ./src/ioLibrary/Ethernet/wizchip_conf.o
                0x000006e0                wizphy_getphyconf
 .text.wizphy_setphypmode
                0x00000738       0x5c ./src/ioLibrary/Ethernet/wizchip_conf.o
                0x00000738                wizphy_setphypmode
 .text.ctlwizchip
                0x00000794      0x110 ./src/ioLibrary/Ethernet/wizchip_conf.o
                0x00000794                ctlwizchip
 .text.wizchip_setnetinfo
                0x000008a4       0x5c ./src/ioLibrary/Ethernet/wizchip_conf.o
                0x000008a4                wizchip_setnetinfo
 .text.wizchip_getnetinfo
                0x00000900       0x5c ./src/ioLibrary/Ethernet/wizchip_conf.o
                0x00000900                wizchip_getnetinfo
 .text.wizchip_setnetmode
                0x0000095c       0x28 ./src/ioLibrary/Ethernet/wizchip_conf.o
                0x0000095c                wizchip_setnetmode
 .text.wizchip_getnetmode
                0x00000984        0xc ./src/ioLibrary/Ethernet/wizchip_conf.o
                0x00000984                wizchip_getnetmode
 .text.wizchip_settimeout
                0x00000990       0x28 ./src/ioLibrary/Ethernet/wizchip_conf.o
                0x00000990                wizchip_settimeout
 .text.wizchip_gettimeout
                0x000009b8       0x28 ./src/ioLibrary/Ethernet/wizchip_conf.o
                0x000009b8                wizchip_gettimeout
 .text.ctlnetwork
                0x000009e0       0x54 ./src/ioLibrary/Ethernet/wizchip_conf.o
                0x000009e0                ctlnetwork
 .text.Init_SSP_PinMux
                0x00000a34       0x58 ./src/PlatformHandler/spi_handler.o
 .text.SPI_Init
                0x00000a8c       0x3c ./src/PlatformHandler/spi_handler.o
                0x00000a8c                SPI_Init
 .text.main     0x00000ac8       0x30 ./src/W5500EVB.o
                0x00000ac8                main
 .text.__aeabi_idiv
                0x00000af8       0x10 ./src/aeabi_romdiv_patch.o
                0x00000af8                __aeabi_idivmod
                0x00000af8                __aeabi_idiv
 .text.__aeabi_uidiv
                0x00000b08       0x10 ./src/aeabi_romdiv_patch.o
                0x00000b08                __aeabi_uidivmod
                0x00000b08                __aeabi_uidiv
 .text.SystemInit
                0x00000b18        0x8 ./src/sysinit.o
                0x00000b18                SystemInit
 .text.wizchip_select
                0x00000b20        0xc ./src/w5500_init.o
 .text.wizchip_deselect
                0x00000b2c        0xc ./src/w5500_init.o
 .text.wizchip_write
                0x00000b38       0x1c ./src/w5500_init.o
 .text.wizchip_read
                0x00000b54       0x1c ./src/w5500_init.o
 .text.delay_cnt
                0x00000b70       0x18 ./src/w5500_init.o
                0x00000b70                delay_cnt
 .text.display_net_info
                0x00000b88       0x80 ./src/w5500_init.o
                0x00000b88                display_net_info
 .text.Net_Conf
                0x00000c08       0x60 ./src/w5500_init.o
                0x00000c08                Net_Conf
 .text.W5500_Init
                0x00000c68       0x70 ./src/w5500_init.o
                0x00000c68                W5500_Init
 .text.Board_LED_Init
                0x00000cd8       0x4c C:\Users\Administrator\Documents\GitHub\Loopback_LPC11E36_LPCXpresso\wiznet_evb_w5500evb_board\Debug\libwiznet_evb_w5500evb_board.a(board.o)
 .text.Board_UARTPutChar
                0x00000d24       0x1c C:\Users\Administrator\Documents\GitHub\Loopback_LPC11E36_LPCXpresso\wiznet_evb_w5500evb_board\Debug\libwiznet_evb_w5500evb_board.a(board.o)
                0x00000d24                Board_UARTPutChar
 .text.__sys_write
                0x00000d40       0x1c C:\Users\Administrator\Documents\GitHub\Loopback_LPC11E36_LPCXpresso\wiznet_evb_w5500evb_board\Debug\libwiznet_evb_w5500evb_board.a(board.o)
                0x00000d40                __sys_write
 .text.Board_Debug_Init
                0x00000d5c       0x44 C:\Users\Administrator\Documents\GitHub\Loopback_LPC11E36_LPCXpresso\wiznet_evb_w5500evb_board\Debug\libwiznet_evb_w5500evb_board.a(board.o)
                0x00000d5c                Board_Debug_Init
 .text.Board_LED_Set
                0x00000da0       0x24 C:\Users\Administrator\Documents\GitHub\Loopback_LPC11E36_LPCXpresso\wiznet_evb_w5500evb_board\Debug\libwiznet_evb_w5500evb_board.a(board.o)
                0x00000da0                Board_LED_Set
 .text.Board_Init
                0x00000dc4       0x2c C:\Users\Administrator\Documents\GitHub\Loopback_LPC11E36_LPCXpresso\wiznet_evb_w5500evb_board\Debug\libwiznet_evb_w5500evb_board.a(board.o)
                0x00000dc4                Board_Init
 .text.SystemSetupClocking
                0x00000df0       0x64 C:\Users\Administrator\Documents\GitHub\Loopback_LPC11E36_LPCXpresso\wiznet_evb_w5500evb_board\Debug\libwiznet_evb_w5500evb_board.a(board_sysinit.o)
 .text.SystemSetupMuxing
                0x00000e54       0x3c C:\Users\Administrator\Documents\GitHub\Loopback_LPC11E36_LPCXpresso\wiznet_evb_w5500evb_board\Debug\libwiznet_evb_w5500evb_board.a(board_sysinit.o)
 .text.Board_SystemInit
                0x00000e90       0x20 C:\Users\Administrator\Documents\GitHub\Loopback_LPC11E36_LPCXpresso\wiznet_evb_w5500evb_board\Debug\libwiznet_evb_w5500evb_board.a(board_sysinit.o)
                0x00000e90                Board_SystemInit
 .text.SystemCoreClockUpdate
                0x00000eb0       0x10 C:\Users\Administrator\Documents\GitHub\Loopback_LPC11E36_LPCXpresso\lpc_chip_11exx\Debug\liblpc_chip_11exx.a(chip_11xx.o)
                0x00000eb0                SystemCoreClockUpdate
 .text.Chip_Clock_GetWDTLFORate
                0x00000ec0       0x20 C:\Users\Administrator\Documents\GitHub\Loopback_LPC11E36_LPCXpresso\lpc_chip_11exx\Debug\liblpc_chip_11exx.a(clock_11xx.o)
 .text.Chip_Clock_GetPLLFreq
                0x00000ee0        0xc C:\Users\Administrator\Documents\GitHub\Loopback_LPC11E36_LPCXpresso\lpc_chip_11exx\Debug\liblpc_chip_11exx.a(clock_11xx.o)
 .text.Chip_Clock_SetSystemPLLSource
                0x00000eec       0x14 C:\Users\Administrator\Documents\GitHub\Loopback_LPC11E36_LPCXpresso\lpc_chip_11exx\Debug\liblpc_chip_11exx.a(clock_11xx.o)
                0x00000eec                Chip_Clock_SetSystemPLLSource
 .text.Chip_Clock_SetMainClockSource
                0x00000f00       0x14 C:\Users\Administrator\Documents\GitHub\Loopback_LPC11E36_LPCXpresso\lpc_chip_11exx\Debug\liblpc_chip_11exx.a(clock_11xx.o)
                0x00000f00                Chip_Clock_SetMainClockSource
 .text.Chip_Clock_GetWDTOSCRate
                0x00000f14       0x10 C:\Users\Administrator\Documents\GitHub\Loopback_LPC11E36_LPCXpresso\lpc_chip_11exx\Debug\liblpc_chip_11exx.a(clock_11xx.o)
                0x00000f14                Chip_Clock_GetWDTOSCRate
 .text.Chip_Clock_GetSystemPLLInClockRate
                0x00000f24       0x2c C:\Users\Administrator\Documents\GitHub\Loopback_LPC11E36_LPCXpresso\lpc_chip_11exx\Debug\liblpc_chip_11exx.a(clock_11xx.o)
                0x00000f24                Chip_Clock_GetSystemPLLInClockRate
 .text.Chip_Clock_GetSystemPLLOutClockRate
                0x00000f50       0x18 C:\Users\Administrator\Documents\GitHub\Loopback_LPC11E36_LPCXpresso\lpc_chip_11exx\Debug\liblpc_chip_11exx.a(clock_11xx.o)
                0x00000f50                Chip_Clock_GetSystemPLLOutClockRate
 .text.Chip_Clock_GetMainClockRate
                0x00000f68       0x40 C:\Users\Administrator\Documents\GitHub\Loopback_LPC11E36_LPCXpresso\lpc_chip_11exx\Debug\liblpc_chip_11exx.a(clock_11xx.o)
                0x00000f68                Chip_Clock_GetMainClockRate
 .text.Chip_Clock_GetSystemClockRate
                0x00000fa8       0x14 C:\Users\Administrator\Documents\GitHub\Loopback_LPC11E36_LPCXpresso\lpc_chip_11exx\Debug\liblpc_chip_11exx.a(clock_11xx.o)
                0x00000fa8                Chip_Clock_GetSystemClockRate
 .text.Chip_GPIO_Init
                0x00000fbc       0x14 C:\Users\Administrator\Documents\GitHub\Loopback_LPC11E36_LPCXpresso\lpc_chip_11exx\Debug\liblpc_chip_11exx.a(gpio_11xx_1.o)
                0x00000fbc                Chip_GPIO_Init
 .text.Chip_IOCON_PinMuxSet
                0x00000fd0       0x14 C:\Users\Administrator\Documents\GitHub\Loopback_LPC11E36_LPCXpresso\lpc_chip_11exx\Debug\liblpc_chip_11exx.a(iocon_11xx.o)
                0x00000fd0                Chip_IOCON_PinMuxSet
 .text.Chip_SSP_GetClockIndex
                0x00000fe4       0x14 C:\Users\Administrator\Documents\GitHub\Loopback_LPC11E36_LPCXpresso\lpc_chip_11exx\Debug\liblpc_chip_11exx.a(ssp_11xx.o)
 .text.Chip_SSP_GetResetIndex
                0x00000ff8       0x10 C:\Users\Administrator\Documents\GitHub\Loopback_LPC11E36_LPCXpresso\lpc_chip_11exx\Debug\liblpc_chip_11exx.a(ssp_11xx.o)
 .text.Chip_SSP_SetSSPClkDivider
                0x00001008       0x20 C:\Users\Administrator\Documents\GitHub\Loopback_LPC11E36_LPCXpresso\lpc_chip_11exx\Debug\liblpc_chip_11exx.a(ssp_11xx.o)
 .text.Chip_SSP_GetPCLKkRate
                0x00001028       0x30 C:\Users\Administrator\Documents\GitHub\Loopback_LPC11E36_LPCXpresso\lpc_chip_11exx\Debug\liblpc_chip_11exx.a(ssp_11xx.o)
 .text.Chip_SSP_SetClockRate
                0x00001058       0x18 C:\Users\Administrator\Documents\GitHub\Loopback_LPC11E36_LPCXpresso\lpc_chip_11exx\Debug\liblpc_chip_11exx.a(ssp_11xx.o)
                0x00001058                Chip_SSP_SetClockRate
 .text.Chip_SSP_WriteFrames_Blocking
                0x00001070       0xb8 C:\Users\Administrator\Documents\GitHub\Loopback_LPC11E36_LPCXpresso\lpc_chip_11exx\Debug\liblpc_chip_11exx.a(ssp_11xx.o)
                0x00001070                Chip_SSP_WriteFrames_Blocking
 .text.Chip_SSP_ReadFrames_Blocking
                0x00001128       0xd0 C:\Users\Administrator\Documents\GitHub\Loopback_LPC11E36_LPCXpresso\lpc_chip_11exx\Debug\liblpc_chip_11exx.a(ssp_11xx.o)
                0x00001128                Chip_SSP_ReadFrames_Blocking
 .text.Chip_SSP_SetMaster
                0x000011f8       0x18 C:\Users\Administrator\Documents\GitHub\Loopback_LPC11E36_LPCXpresso\lpc_chip_11exx\Debug\liblpc_chip_11exx.a(ssp_11xx.o)
                0x000011f8                Chip_SSP_SetMaster
 .text.Chip_SSP_SetBitRate
                0x00001210       0x54 C:\Users\Administrator\Documents\GitHub\Loopback_LPC11E36_LPCXpresso\lpc_chip_11exx\Debug\liblpc_chip_11exx.a(ssp_11xx.o)
                0x00001210                Chip_SSP_SetBitRate
 .text.Chip_SSP_Init
                0x00001264       0x5c C:\Users\Administrator\Documents\GitHub\Loopback_LPC11E36_LPCXpresso\lpc_chip_11exx\Debug\liblpc_chip_11exx.a(ssp_11xx.o)
                0x00001264                Chip_SSP_Init
 .text.Chip_SYSCTL_PowerDown
                0x000012c0       0x1c C:\Users\Administrator\Documents\GitHub\Loopback_LPC11E36_LPCXpresso\lpc_chip_11exx\Debug\liblpc_chip_11exx.a(sysctl_11xx.o)
                0x000012c0                Chip_SYSCTL_PowerDown
 .text.Chip_SYSCTL_PowerUp
                0x000012dc       0x24 C:\Users\Administrator\Documents\GitHub\Loopback_LPC11E36_LPCXpresso\lpc_chip_11exx\Debug\liblpc_chip_11exx.a(sysctl_11xx.o)
                0x000012dc                Chip_SYSCTL_PowerUp
 .text.Chip_UART_Init
                0x00001300       0x28 C:\Users\Administrator\Documents\GitHub\Loopback_LPC11E36_LPCXpresso\lpc_chip_11exx\Debug\liblpc_chip_11exx.a(uart_11xx.o)
                0x00001300                Chip_UART_Init
 .text.Chip_UART_Send
                0x00001328       0x20 C:\Users\Administrator\Documents\GitHub\Loopback_LPC11E36_LPCXpresso\lpc_chip_11exx\Debug\liblpc_chip_11exx.a(uart_11xx.o)
                0x00001328                Chip_UART_Send
 .text.Chip_UART_SendBlocking
                0x00001348       0x24 C:\Users\Administrator\Documents\GitHub\Loopback_LPC11E36_LPCXpresso\lpc_chip_11exx\Debug\liblpc_chip_11exx.a(uart_11xx.o)
                0x00001348                Chip_UART_SendBlocking
 .text.Chip_UART_SetBaud
                0x0000136c       0x3c C:\Users\Administrator\Documents\GitHub\Loopback_LPC11E36_LPCXpresso\lpc_chip_11exx\Debug\liblpc_chip_11exx.a(uart_11xx.o)
                0x0000136c                Chip_UART_SetBaud
 .text.__main   0x000013a8       0x12 c:/nxp/lpcxpresso_7.2.0_153/lpcxpresso/tools/bin/../lib/gcc/arm-none-eabi/4.8.3/../../../../arm-none-eabi/lib/armv6-m\libcr_nohost.a(_cr__main.o)
                0x000013a8                __main
 .text.memcpy   0x000013ba        0x8 c:/nxp/lpcxpresso_7.2.0_153/lpcxpresso/tools/bin/../lib/gcc/arm-none-eabi/4.8.3/../../../../arm-none-eabi/lib/armv6-m\libcr_c.a(memcpy.o)
                0x000013ba                memcpy
 .text.memset   0x000013c2        0x8 c:/nxp/lpcxpresso_7.2.0_153/lpcxpresso/tools/bin/../lib/gcc/arm-none-eabi/4.8.3/../../../../arm-none-eabi/lib/armv6-m\libcr_c.a(memset.o)
                0x000013c2                memset
 .text.fp_round
                0x000013ca       0x48 c:/nxp/lpcxpresso_7.2.0_153/lpcxpresso/tools/bin/../lib/gcc/arm-none-eabi/4.8.3/../../../../arm-none-eabi/lib/armv6-m\libcr_c.a(fpprintf.o)
 .text.pr_dec.constprop.1
                0x00001412       0x28 c:/nxp/lpcxpresso_7.2.0_153/lpcxpresso/tools/bin/../lib/gcc/arm-none-eabi/4.8.3/../../../../arm-none-eabi/lib/armv6-m\libcr_c.a(fpprintf.o)
 *fill*         0x0000143a        0x6 
 .text.sprintf  0x00001440       0x70 c:/nxp/lpcxpresso_7.2.0_153/lpcxpresso/tools/bin/../lib/gcc/arm-none-eabi/4.8.3/../../../../arm-none-eabi/lib/armv6-m\libcr_c.a(fpprintf.o)
                0x00001440                sprintf
 .text.fp_display
                0x000014b0      0x980 c:/nxp/lpcxpresso_7.2.0_153/lpcxpresso/tools/bin/../lib/gcc/arm-none-eabi/4.8.3/../../../../arm-none-eabi/lib/armv6-m\libcr_c.a(fpprintf.o)
 .text.vsnprintf
                0x00001e30       0x5c c:/nxp/lpcxpresso_7.2.0_153/lpcxpresso/tools/bin/../lib/gcc/arm-none-eabi/4.8.3/../../../../arm-none-eabi/lib/armv6-m\libcr_c.a(fpprintf.o)
                0x00001e30                vsnprintf
 .text.printf   0x00001e8c       0x50 c:/nxp/lpcxpresso_7.2.0_153/lpcxpresso/tools/bin/../lib/gcc/arm-none-eabi/4.8.3/../../../../arm-none-eabi/lib/armv6-m\libcr_c.a(fpprintf.o)
                0x00001e8c                printf
 .text._initio  0x00001edc       0xa4 c:/nxp/lpcxpresso_7.2.0_153/lpcxpresso/tools/bin/../lib/gcc/arm-none-eabi/4.8.3/../../../../arm-none-eabi/lib/armv6-m\libcr_c.a(initio.o)
                0x00001edc                _initio
 .text.__vfprintf
                0x00001f80      0xd4c c:/nxp/lpcxpresso_7.2.0_153/lpcxpresso/tools/bin/../lib/gcc/arm-none-eabi/4.8.3/../../../../arm-none-eabi/lib/armv6-m\libcr_c.a(printf.o)
                0x00001f80                __vfprintf
 .text.setvbuf  0x00002ccc       0x48 c:/nxp/lpcxpresso_7.2.0_153/lpcxpresso/tools/bin/../lib/gcc/arm-none-eabi/4.8.3/../../../../arm-none-eabi/lib/armv6-m\libcr_c.a(setvbuf.o)
                0x00002ccc                setvbuf
 .text.strlen   0x00002d14       0x54 c:/nxp/lpcxpresso_7.2.0_153/lpcxpresso/tools/bin/../lib/gcc/arm-none-eabi/4.8.3/../../../../arm-none-eabi/lib/armv6-m\libcr_c.a(strlen.o)
                0x00002d14                strlen
 .text._deferredlazyseek
                0x00002d68       0x44 c:/nxp/lpcxpresso_7.2.0_153/lpcxpresso/tools/bin/../lib/gcc/arm-none-eabi/4.8.3/../../../../arm-none-eabi/lib/armv6-m\libcr_c.a(_deferredlazyseek.o)
                0x00002d68                _deferredlazyseek
 .text.__flsbuf
                0x00002dac      0x154 c:/nxp/lpcxpresso_7.2.0_153/lpcxpresso/tools/bin/../lib/gcc/arm-none-eabi/4.8.3/../../../../arm-none-eabi/lib/armv6-m\libcr_c.a(_deferredlazyseek.o)
                0x00002dac                __flsbuf
 .text._fdopen  0x00002f00       0x68 c:/nxp/lpcxpresso_7.2.0_153/lpcxpresso/tools/bin/../lib/gcc/arm-none-eabi/4.8.3/../../../../arm-none-eabi/lib/armv6-m\libcr_c.a(_fdopen.o)
                0x00002f00                _fdopen
 .text._fflush  0x00002f68       0x64 c:/nxp/lpcxpresso_7.2.0_153/lpcxpresso/tools/bin/../lib/gcc/arm-none-eabi/4.8.3/../../../../arm-none-eabi/lib/armv6-m\libcr_c.a(_fflush.o)
                0x00002f68                _fflush
 *fill*         0x00002fcc        0x4 
 .text._frexpl  0x00002fd0       0x80 c:/nxp/lpcxpresso_7.2.0_153/lpcxpresso/tools/bin/../lib/gcc/arm-none-eabi/4.8.3/../../../../arm-none-eabi/lib/armv6-m\libcr_c.a(_frexpl.o)
                0x00002fd0                _frexpl
 .text._ldexpl  0x00003050       0x60 c:/nxp/lpcxpresso_7.2.0_153/lpcxpresso/tools/bin/../lib/gcc/arm-none-eabi/4.8.3/../../../../arm-none-eabi/lib/armv6-m\libcr_c.a(_ldexpl.o)
                0x00003050                _ldexpl
 .text._Cwritebuf
                0x000030b0       0x6c c:/nxp/lpcxpresso_7.2.0_153/lpcxpresso/tools/bin/../lib/gcc/arm-none-eabi/4.8.3/../../../../arm-none-eabi/lib/armv6-m\libcr_c.a(_writebuf.o)
                0x000030b0                _Cwritebuf
 .text.malloc   0x0000311c       0xc0 c:/nxp/lpcxpresso_7.2.0_153/lpcxpresso/tools/bin/../lib/gcc/arm-none-eabi/4.8.3/../../../../arm-none-eabi/lib/armv6-m\libcr_c.a(alloc.o)
                0x0000311c                malloc
 .text.free     0x000031dc        0xe c:/nxp/lpcxpresso_7.2.0_153/lpcxpresso/tools/bin/../lib/gcc/arm-none-eabi/4.8.3/../../../../arm-none-eabi/lib/armv6-m\libcr_c.a(alloc.o)
                0x000031dc                free
 *fill*         0x000031ea        0x2 
 .text._Csys_alloc
                0x000031ec       0x20 c:/nxp/lpcxpresso_7.2.0_153/lpcxpresso/tools/bin/../lib/gcc/arm-none-eabi/4.8.3/../../../../arm-none-eabi/lib/armv6-m\libcr_c.a(alloc.o)
                0x000031ec                _Csys_alloc
 .text.fclose   0x0000320c       0x70 c:/nxp/lpcxpresso_7.2.0_153/lpcxpresso/tools/bin/../lib/gcc/arm-none-eabi/4.8.3/../../../../arm-none-eabi/lib/armv6-m\libcr_c.a(fclose.o)
                0x0000320c                fclose
 .text.fflush   0x0000327c       0x34 c:/nxp/lpcxpresso_7.2.0_153/lpcxpresso/tools/bin/../lib/gcc/arm-none-eabi/4.8.3/../../../../arm-none-eabi/lib/armv6-m\libcr_c.a(fflush.o)
                0x0000327c                fflush
 .text.fseek    0x000032b0       0xf8 c:/nxp/lpcxpresso_7.2.0_153/lpcxpresso/tools/bin/../lib/gcc/arm-none-eabi/4.8.3/../../../../arm-none-eabi/lib/armv6-m\libcr_c.a(fseek.o)
                0x000032b0                fseek
 .text.ftell    0x000033a8       0x4c c:/nxp/lpcxpresso_7.2.0_153/lpcxpresso/tools/bin/../lib/gcc/arm-none-eabi/4.8.3/../../../../arm-none-eabi/lib/armv6-m\libcr_c.a(ftell.o)
                0x000033a8                ftell
 .text.remove   0x000033f4       0x12 c:/nxp/lpcxpresso_7.2.0_153/lpcxpresso/tools/bin/../lib/gcc/arm-none-eabi/4.8.3/../../../../arm-none-eabi/lib/armv6-m\libcr_c.a(remove.o)
                0x000033f4                remove
 *fill*         0x00003406        0x2 
 .text._sbrk    0x00003408       0x40 c:/nxp/lpcxpresso_7.2.0_153/lpcxpresso/tools/bin/../lib/gcc/arm-none-eabi/4.8.3/../../../../arm-none-eabi/lib/armv6-m\libcr_c.a(_cr_sbrk.o)
                0x00003408                _sbrk
 .text._do_fflush
                0x00003448       0x48 c:/nxp/lpcxpresso_7.2.0_153/lpcxpresso/tools/bin/../lib/gcc/arm-none-eabi/4.8.3/../../../../arm-none-eabi/lib/armv6-m\libcr_c.a(_do_fflush.o)
                0x00003448                _do_fflush
 .text.__check_heap_overflow
                0x00003490       0x2c c:/nxp/lpcxpresso_7.2.0_153/lpcxpresso/tools/bin/../lib/gcc/arm-none-eabi/4.8.3/../../../../arm-none-eabi/lib/armv6-m\libcr_c.a(_cr_check_heap.o)
                0x00003490                __check_heap_overflow
 *fill*         0x000034bc        0x4 
 .text.__aeabi_dmul
                0x000034c0      0x188 c:/nxp/lpcxpresso_7.2.0_153/lpcxpresso/tools/bin/../lib/gcc/arm-none-eabi/4.8.3/armv6-m\libcr_eabihelpers.a(double.o)
                0x000034c0                __aeabi_dmul
 .text.__aeabi_ddiv
                0x00003648      0x160 c:/nxp/lpcxpresso_7.2.0_153/lpcxpresso/tools/bin/../lib/gcc/arm-none-eabi/4.8.3/armv6-m\libcr_eabihelpers.a(double.o)
                0x00003648                __aeabi_ddiv
 .text.__aeabi_dsub
                0x000037a8      0x1e8 c:/nxp/lpcxpresso_7.2.0_153/lpcxpresso/tools/bin/../lib/gcc/arm-none-eabi/4.8.3/armv6-m\libcr_eabihelpers.a(double.o)
                0x000037a8                __aeabi_dsub
 .text.__aeabi_dadd
                0x00003990      0x148 c:/nxp/lpcxpresso_7.2.0_153/lpcxpresso/tools/bin/../lib/gcc/arm-none-eabi/4.8.3/armv6-m\libcr_eabihelpers.a(double.o)
                0x00003990                __aeabi_dadd
 .text.__aeabi_d2iz
                0x00003ad8       0x48 c:/nxp/lpcxpresso_7.2.0_153/lpcxpresso/tools/bin/../lib/gcc/arm-none-eabi/4.8.3/armv6-m\libcr_eabihelpers.a(double.o)
                0x00003ad8                __aeabi_d2iz
 .text.__bhs_ui2d
                0x00003b20       0x5e c:/nxp/lpcxpresso_7.2.0_153/lpcxpresso/tools/bin/../lib/gcc/arm-none-eabi/4.8.3/armv6-m\libcr_eabihelpers.a(double.o)
                0x00003b20                __bhs_ui2d
 .text.__aeabi_i2d
                0x00003b7e       0x16 c:/nxp/lpcxpresso_7.2.0_153/lpcxpresso/tools/bin/../lib/gcc/arm-none-eabi/4.8.3/armv6-m\libcr_eabihelpers.a(double.o)
                0x00003b7e                __aeabi_i2d
 .text.__aeabi_dcmpeq
                0x00003b94       0x38 c:/nxp/lpcxpresso_7.2.0_153/lpcxpresso/tools/bin/../lib/gcc/arm-none-eabi/4.8.3/armv6-m\libcr_eabihelpers.a(double.o)
                0x00003b94                __aeabi_dcmpeq
 .text.__aeabi_dcmplt
                0x00003bcc       0x78 c:/nxp/lpcxpresso_7.2.0_153/lpcxpresso/tools/bin/../lib/gcc/arm-none-eabi/4.8.3/armv6-m\libcr_eabihelpers.a(double.o)
                0x00003bcc                __aeabi_dcmplt
 .text.__aeabi_dcmple
                0x00003c44       0x78 c:/nxp/lpcxpresso_7.2.0_153/lpcxpresso/tools/bin/../lib/gcc/arm-none-eabi/4.8.3/armv6-m\libcr_eabihelpers.a(double.o)
                0x00003c44                __aeabi_dcmple
 .text.__aeabi_dcmpge
                0x00003cbc       0x70 c:/nxp/lpcxpresso_7.2.0_153/lpcxpresso/tools/bin/../lib/gcc/arm-none-eabi/4.8.3/armv6-m\libcr_eabihelpers.a(double.o)
                0x00003cbc                __aeabi_dcmpge
 .text.__aeabi_llong_lmul
                0x00003d2c       0x2e c:/nxp/lpcxpresso_7.2.0_153/lpcxpresso/tools/bin/../lib/gcc/arm-none-eabi/4.8.3/armv6-m\libcr_eabihelpers.a(llong.o)
                0x00003d2c                __aeabi_lmul
 .text.__aeabi_memcpy
                0x00003d5a       0x2c c:/nxp/lpcxpresso_7.2.0_153/lpcxpresso/tools/bin/../lib/gcc/arm-none-eabi/4.8.3/armv6-m\libcr_eabihelpers.a(memcpy.o)
                0x00003d5a                __aeabi_memcpy4
                0x00003d5a                __aeabi_memcpy8
                0x00003d5a                __aeabi_memcpy
 .text.__aeabi_memset_lowlevel
                0x00003d86       0x2a c:/nxp/lpcxpresso_7.2.0_153/lpcxpresso/tools/bin/../lib/gcc/arm-none-eabi/4.8.3/armv6-m\libcr_eabihelpers.a(memcpy.o)
                0x00003d86                __aeabi_lowlevel_memset
 .text.__sys_appexit
                0x00003db0        0x2 c:/nxp/lpcxpresso_7.2.0_153/lpcxpresso/tools/bin/../lib/gcc/arm-none-eabi/4.8.3/../../../../arm-none-eabi/lib/armv6-m\libcr_nohost.a(__sys_appexit.o)
                0x00003db0                __sys_appexit
                0x00003db0                __exit
 .text.__sys_close
                0x00003db2        0x6 c:/nxp/lpcxpresso_7.2.0_153/lpcxpresso/tools/bin/../lib/gcc/arm-none-eabi/4.8.3/../../../../arm-none-eabi/lib/armv6-m\libcr_nohost.a(__sys_close.o)
                0x00003db2                __sys_close
 .text.__sys_flen
                0x00003db8        0x6 c:/nxp/lpcxpresso_7.2.0_153/lpcxpresso/tools/bin/../lib/gcc/arm-none-eabi/4.8.3/../../../../arm-none-eabi/lib/armv6-m\libcr_nohost.a(__sys_flen.o)
                0x00003db8                __sys_flen
 .text.__sys_istty
                0x00003dbe        0x6 c:/nxp/lpcxpresso_7.2.0_153/lpcxpresso/tools/bin/../lib/gcc/arm-none-eabi/4.8.3/../../../../arm-none-eabi/lib/armv6-m\libcr_nohost.a(__sys_istty.o)
                0x00003dbe                __sys_istty
 .text.__sys_remove
                0x00003dc4        0x6 c:/nxp/lpcxpresso_7.2.0_153/lpcxpresso/tools/bin/../lib/gcc/arm-none-eabi/4.8.3/../../../../arm-none-eabi/lib/armv6-m\libcr_nohost.a(__sys_remove.o)
                0x00003dc4                __sys_remove
 .text.__sys_seek
                0x00003dca        0x6 c:/nxp/lpcxpresso_7.2.0_153/lpcxpresso/tools/bin/../lib/gcc/arm-none-eabi/4.8.3/../../../../arm-none-eabi/lib/armv6-m\libcr_nohost.a(__sys_seek.o)
                0x00003dca                __sys_seek
 .text.__sys_tmpnam
                0x00003dd0        0x6 c:/nxp/lpcxpresso_7.2.0_153/lpcxpresso/tools/bin/../lib/gcc/arm-none-eabi/4.8.3/../../../../arm-none-eabi/lib/armv6-m\libcr_nohost.a(__sys_tmpnam.o)
                0x00003dd0                __sys_tmpnam
 *(.rodata .rodata.* .constdata .constdata.*)
 *fill*         0x00003dd6        0x2 
 .rodata.ctlwizchip
                0x00003dd8       0x40 ./src/ioLibrary/Ethernet/wizchip_conf.o
 .rodata.ctlnetwork
                0x00003e18       0x18 ./src/ioLibrary/Ethernet/wizchip_conf.o
 .rodata        0x00003e30       0x10 ./src/w5500_init.o
 .rodata.str1.4
                0x00003e40       0x94 ./src/w5500_init.o
 .rodata.ledports
                0x00003ed4        0x4 C:\Users\Administrator\Documents\GitHub\Loopback_LPC11E36_LPCXpresso\wiznet_evb_w5500evb_board\Debug\libwiznet_evb_w5500evb_board.a(board.o)
 .rodata.OscRateIn
                0x00003ed8        0x4 C:\Users\Administrator\Documents\GitHub\Loopback_LPC11E36_LPCXpresso\wiznet_evb_w5500evb_board\Debug\libwiznet_evb_w5500evb_board.a(board.o)
                0x00003ed8                OscRateIn
 .rodata.ledpins
                0x00003edc        0x4 C:\Users\Administrator\Documents\GitHub\Loopback_LPC11E36_LPCXpresso\wiznet_evb_w5500evb_board\Debug\libwiznet_evb_w5500evb_board.a(board.o)
 .rodata.pinmuxing
                0x00003ee0       0x48 C:\Users\Administrator\Documents\GitHub\Loopback_LPC11E36_LPCXpresso\wiznet_evb_w5500evb_board\Debug\libwiznet_evb_w5500evb_board.a(board_sysinit.o)
 .rodata.wdtOSCRate
                0x00003f28       0x40 C:\Users\Administrator\Documents\GitHub\Loopback_LPC11E36_LPCXpresso\lpc_chip_11exx\Debug\liblpc_chip_11exx.a(clock_11xx.o)
 .rodata.str1.1
                0x00003f68       0x34 c:/nxp/lpcxpresso_7.2.0_153/lpcxpresso/tools/bin/../lib/gcc/arm-none-eabi/4.8.3/../../../../arm-none-eabi/lib/armv6-m\libcr_c.a(fpprintf.o)
                                 0x35 (size before relaxing)
 .rodata.str1.1
                0x00003f9c        0x4 c:/nxp/lpcxpresso_7.2.0_153/lpcxpresso/tools/bin/../lib/gcc/arm-none-eabi/4.8.3/../../../../arm-none-eabi/lib/armv6-m\libcr_c.a(initio.o)
 .rodata.str1.1
                0x00003fa0       0x31 c:/nxp/lpcxpresso_7.2.0_153/lpcxpresso/tools/bin/../lib/gcc/arm-none-eabi/4.8.3/../../../../arm-none-eabi/lib/armv6-m\libcr_c.a(printf.o)
                                 0x38 (size before relaxing)
 .rodata.str1.1
                0x00003fd1       0x18 c:/nxp/lpcxpresso_7.2.0_153/lpcxpresso/tools/bin/../lib/gcc/arm-none-eabi/4.8.3/../../../../arm-none-eabi/lib/armv6-m\libcr_c.a(alloc.o)
 *fill*         0x00003fe9        0x7 
 .rodata.__huge_vall
                0x00003ff0        0x8 c:/nxp/lpcxpresso_7.2.0_153/lpcxpresso/tools/bin/../lib/gcc/arm-none-eabi/4.8.3/../../../../arm-none-eabi/lib/armv6-m\libcr_c.a(_hugeval.o)
                0x00003ff0                __huge_vall
                0x00003ff8                . = ALIGN (0x4)

.glue_7         0x00003ff8        0x0
 .glue_7        0x00000000        0x0 linker stubs

.glue_7t        0x00003ff8        0x0
 .glue_7t       0x00000000        0x0 linker stubs

.vfp11_veneer   0x00003ff8        0x0
 .vfp11_veneer  0x00000000        0x0 linker stubs

.v4_bx          0x00003ff8        0x0
 .v4_bx         0x00000000        0x0 linker stubs

.iplt           0x00003ff8        0x0
 .iplt          0x00000000        0x0 ./src/ioLibrary/Internet/DNS/dns.o

.rel.dyn        0x00003ff8        0x0
 .rel.iplt      0x00000000        0x0 ./src/ioLibrary/Internet/DNS/dns.o

.ARM.extab
 *(.ARM.extab* .gnu.linkonce.armextab.*)
                0x00003ff8                __exidx_start = .

.ARM.exidx
 *(.ARM.exidx* .gnu.linkonce.armexidx.*)
                0x00003ff8                __exidx_end = .
                0x00003ff8                _etext = .

.data_RAM2      0x20000000        0x0 load address 0x00003ff8
 FILL mask 0xff
 *(.ramfunc.$RAM2)
 *(.ramfunc.$RamPeriph2)
 *(.data.$RAM2*)
 *(.data.$RamPeriph2*)
                0x20000000                . = ALIGN (0x4)

.data_RAM3      0x20004000        0x0 load address 0x00003ff8
 FILL mask 0xff
 *(.ramfunc.$RAM3)
 *(.ramfunc.$SRAM1_2)
 *(.data.$RAM3*)
 *(.data.$SRAM1_2*)
                0x20004000                . = ALIGN (0x4)

.uninit_RESERVED
                0x10000000        0x0
 *(.bss.$RESERVED*)
                0x10000000                . = ALIGN (0x4)
                0x10000000                _end_uninit_RESERVED = .

.data           0x10000000       0x20 load address 0x00003ff8
 FILL mask 0xff
                0x10000000                _data = .
 *(vtable)
 *(.ramfunc*)
 *(.data*)
 .data.WIZCHIP  0x10000000       0x20 ./src/ioLibrary/Ethernet/wizchip_conf.o
                0x10000000                WIZCHIP
                0x10000020                . = ALIGN (0x4)
                0x10000020                _edata = .

.igot.plt       0x10000020        0x0 load address 0x00004018
 .igot.plt      0x00000000        0x0 ./src/ioLibrary/Internet/DNS/dns.o

.bss_RAM2       0x20000000        0x0
 *(.bss.$RAM2*)
 *(.bss.$RamPeriph2*)
                0x20000000                . = ALIGN (0x4)

.bss_RAM3       0x20004000        0x0
 *(.bss.$RAM3*)
 *(.bss.$SRAM1_2*)
                0x20004000                . = ALIGN (0x4)

.bss            0x10000020      0x164
                0x10000020                _bss = .
 *(.bss*)
 .bss._DHCP_    0x10000020        0x1 ./src/ioLibrary/Ethernet/wizchip_conf.o
 *fill*         0x10000021        0x3 
 .bss._DNS_     0x10000024        0x4 ./src/ioLibrary/Ethernet/wizchip_conf.o
 .bss.errno     0x10000028        0x4 c:/nxp/lpcxpresso_7.2.0_153/lpcxpresso/tools/bin/../lib/gcc/arm-none-eabi/4.8.3/../../../../arm-none-eabi/lib/armv6-m\libcr_c.a(errno.o)
                0x10000028                errno
 *(COMMON)
 COMMON         0x1000002c        0x8 ./src/cr_startup_lpc11exx.o
                0x1000002c                pDivRom_uidiv
                0x10000030                pDivRom_idiv
 COMMON         0x10000034        0x4 C:\Users\Administrator\Documents\GitHub\Loopback_LPC11E36_LPCXpresso\lpc_chip_11exx\Debug\liblpc_chip_11exx.a(chip_11xx.o)
                0x10000034                SystemCoreClock
 COMMON         0x10000038        0x4 c:/nxp/lpcxpresso_7.2.0_153/lpcxpresso/tools/bin/../lib/gcc/arm-none-eabi/4.8.3/../../../../arm-none-eabi/lib/armv6-m\libcr_c.a(initio.o)
                0x10000038                _extra
 COMMON         0x1000003c      0x140 c:/nxp/lpcxpresso_7.2.0_153/lpcxpresso/tools/bin/../lib/gcc/arm-none-eabi/4.8.3/../../../../arm-none-eabi/lib/armv6-m\libcr_c.a(stdio.o)
                0x1000003c                __Ciob
 COMMON         0x1000017c        0x8 c:/nxp/lpcxpresso_7.2.0_153/lpcxpresso/tools/bin/../lib/gcc/arm-none-eabi/4.8.3/../../../../arm-none-eabi/lib/armv6-m\libcr_c.a(__init_alloc.o)
                0x1000017c                __heaps
                0x10000180                __end_of_heap
                0x10000184                . = ALIGN (0x4)
                0x10000184                _ebss = .
                0x10000184                PROVIDE (end, .)

.noinit_RAM2    0x20000000        0x0
 *(.noinit.$RAM2*)
 *(.noinit.$RamPeriph2*)
                0x20000000                . = ALIGN (0x4)

.noinit_RAM3    0x20004000        0x0
 *(.noinit.$RAM3*)
 *(.noinit.$SRAM1_2*)
                0x20004000                . = ALIGN (0x4)

.noinit         0x10000184        0x0
                0x10000184                _noinit = .
 *(.noinit*)
                0x10000184                . = ALIGN (0x4)
                0x10000184                _end_noinit = .
                0x10000184                PROVIDE (_pvHeapStart, .)
                0x10002000                PROVIDE (_vStackTop, (__top_RamLoc8 - 0x0))
OUTPUT(SNTP_LPC11E36_LPCXpresso.axf elf32-littlearm)

.debug_info     0x00000000     0x8ad1
 .debug_info    0x00000000      0x798 ./src/ioLibrary/Ethernet/W5500/w5500.o
 .debug_info    0x00000798     0x114e ./src/ioLibrary/Ethernet/wizchip_conf.o
 .debug_info    0x000018e6      0x654 ./src/PlatformHandler/spi_handler.o
 .debug_info    0x00001f3a      0x1a6 ./src/W5500EVB.o
 .debug_info    0x000020e0       0xa4 ./src/aeabi_romdiv_patch.o
 .debug_info    0x00002184      0x282 ./src/cr_startup_lpc11exx.o
 .debug_info    0x00002406       0x3b ./src/crp.o
 .debug_info    0x00002441       0xc9 ./src/sysinit.o
 .debug_info    0x0000250a      0x858 ./src/w5500_init.o
 .debug_info    0x00002d62      0xb3c C:\Users\Administrator\Documents\GitHub\Loopback_LPC11E36_LPCXpresso\wiznet_evb_w5500evb_board\Debug\libwiznet_evb_w5500evb_board.a(board.o)
 .debug_info    0x0000389e      0xa88 C:\Users\Administrator\Documents\GitHub\Loopback_LPC11E36_LPCXpresso\wiznet_evb_w5500evb_board\Debug\libwiznet_evb_w5500evb_board.a(board_sysinit.o)
 .debug_info    0x00004326       0xdc C:\Users\Administrator\Documents\GitHub\Loopback_LPC11E36_LPCXpresso\lpc_chip_11exx\Debug\liblpc_chip_11exx.a(chip_11xx.o)
 .debug_info    0x00004402      0x8c4 C:\Users\Administrator\Documents\GitHub\Loopback_LPC11E36_LPCXpresso\lpc_chip_11exx\Debug\liblpc_chip_11exx.a(clock_11xx.o)
 .debug_info    0x00004cc6      0x9f9 C:\Users\Administrator\Documents\GitHub\Loopback_LPC11E36_LPCXpresso\lpc_chip_11exx\Debug\liblpc_chip_11exx.a(gpio_11xx_1.o)
 .debug_info    0x000056bf      0x153 C:\Users\Administrator\Documents\GitHub\Loopback_LPC11E36_LPCXpresso\lpc_chip_11exx\Debug\liblpc_chip_11exx.a(iocon_11xx.o)
 .debug_info    0x00005812     0x1ab3 C:\Users\Administrator\Documents\GitHub\Loopback_LPC11E36_LPCXpresso\lpc_chip_11exx\Debug\liblpc_chip_11exx.a(ssp_11xx.o)
 .debug_info    0x000072c5      0x589 C:\Users\Administrator\Documents\GitHub\Loopback_LPC11E36_LPCXpresso\lpc_chip_11exx\Debug\liblpc_chip_11exx.a(sysctl_11xx.o)
 .debug_info    0x0000784e     0x1283 C:\Users\Administrator\Documents\GitHub\Loopback_LPC11E36_LPCXpresso\lpc_chip_11exx\Debug\liblpc_chip_11exx.a(uart_11xx.o)

.debug_abbrev   0x00000000     0x1eb9
 .debug_abbrev  0x00000000      0x20f ./src/ioLibrary/Ethernet/W5500/w5500.o
 .debug_abbrev  0x0000020f      0x302 ./src/ioLibrary/Ethernet/wizchip_conf.o
 .debug_abbrev  0x00000511      0x1e8 ./src/PlatformHandler/spi_handler.o
 .debug_abbrev  0x000006f9      0x113 ./src/W5500EVB.o
 .debug_abbrev  0x0000080c       0x12 ./src/aeabi_romdiv_patch.o
 .debug_abbrev  0x0000081e      0x10a ./src/cr_startup_lpc11exx.o
 .debug_abbrev  0x00000928       0x33 ./src/crp.o
 .debug_abbrev  0x0000095b       0x85 ./src/sysinit.o
 .debug_abbrev  0x000009e0      0x2e2 ./src/w5500_init.o
 .debug_abbrev  0x00000cc2      0x2f4 C:\Users\Administrator\Documents\GitHub\Loopback_LPC11E36_LPCXpresso\wiznet_evb_w5500evb_board\Debug\libwiznet_evb_w5500evb_board.a(board.o)
 .debug_abbrev  0x00000fb6      0x26e C:\Users\Administrator\Documents\GitHub\Loopback_LPC11E36_LPCXpresso\wiznet_evb_w5500evb_board\Debug\libwiznet_evb_w5500evb_board.a(board_sysinit.o)
 .debug_abbrev  0x00001224       0x9b C:\Users\Administrator\Documents\GitHub\Loopback_LPC11E36_LPCXpresso\lpc_chip_11exx\Debug\liblpc_chip_11exx.a(chip_11xx.o)
 .debug_abbrev  0x000012bf      0x1fb C:\Users\Administrator\Documents\GitHub\Loopback_LPC11E36_LPCXpresso\lpc_chip_11exx\Debug\liblpc_chip_11exx.a(clock_11xx.o)
 .debug_abbrev  0x000014ba      0x1a4 C:\Users\Administrator\Documents\GitHub\Loopback_LPC11E36_LPCXpresso\lpc_chip_11exx\Debug\liblpc_chip_11exx.a(gpio_11xx_1.o)
 .debug_abbrev  0x0000165e       0xc8 C:\Users\Administrator\Documents\GitHub\Loopback_LPC11E36_LPCXpresso\lpc_chip_11exx\Debug\liblpc_chip_11exx.a(iocon_11xx.o)
 .debug_abbrev  0x00001726      0x3d9 C:\Users\Administrator\Documents\GitHub\Loopback_LPC11E36_LPCXpresso\lpc_chip_11exx\Debug\liblpc_chip_11exx.a(ssp_11xx.o)
 .debug_abbrev  0x00001aff       0xce C:\Users\Administrator\Documents\GitHub\Loopback_LPC11E36_LPCXpresso\lpc_chip_11exx\Debug\liblpc_chip_11exx.a(sysctl_11xx.o)
 .debug_abbrev  0x00001bcd      0x2ec C:\Users\Administrator\Documents\GitHub\Loopback_LPC11E36_LPCXpresso\lpc_chip_11exx\Debug\liblpc_chip_11exx.a(uart_11xx.o)

.debug_loc      0x00000000     0x37cc
 .debug_loc     0x00000000      0x555 ./src/ioLibrary/Ethernet/W5500/w5500.o
 .debug_loc     0x00000555      0x8b1 ./src/ioLibrary/Ethernet/wizchip_conf.o
 .debug_loc     0x00000e06      0x1df ./src/cr_startup_lpc11exx.o
 .debug_loc     0x00000fe5       0x37 ./src/w5500_init.o
 .debug_loc     0x0000101c      0x35f C:\Users\Administrator\Documents\GitHub\Loopback_LPC11E36_LPCXpresso\wiznet_evb_w5500evb_board\Debug\libwiznet_evb_w5500evb_board.a(board.o)
 .debug_loc     0x0000137b       0x32 C:\Users\Administrator\Documents\GitHub\Loopback_LPC11E36_LPCXpresso\wiznet_evb_w5500evb_board\Debug\libwiznet_evb_w5500evb_board.a(board_sysinit.o)
 .debug_loc     0x000013ad      0x1b4 C:\Users\Administrator\Documents\GitHub\Loopback_LPC11E36_LPCXpresso\lpc_chip_11exx\Debug\liblpc_chip_11exx.a(clock_11xx.o)
 .debug_loc     0x00001561      0x432 C:\Users\Administrator\Documents\GitHub\Loopback_LPC11E36_LPCXpresso\lpc_chip_11exx\Debug\liblpc_chip_11exx.a(gpio_11xx_1.o)
 .debug_loc     0x00001993       0x3a C:\Users\Administrator\Documents\GitHub\Loopback_LPC11E36_LPCXpresso\lpc_chip_11exx\Debug\liblpc_chip_11exx.a(iocon_11xx.o)
 .debug_loc     0x000019cd     0x12e9 C:\Users\Administrator\Documents\GitHub\Loopback_LPC11E36_LPCXpresso\lpc_chip_11exx\Debug\liblpc_chip_11exx.a(ssp_11xx.o)
 .debug_loc     0x00002cb6       0xd0 C:\Users\Administrator\Documents\GitHub\Loopback_LPC11E36_LPCXpresso\lpc_chip_11exx\Debug\liblpc_chip_11exx.a(sysctl_11xx.o)
 .debug_loc     0x00002d86      0xa46 C:\Users\Administrator\Documents\GitHub\Loopback_LPC11E36_LPCXpresso\lpc_chip_11exx\Debug\liblpc_chip_11exx.a(uart_11xx.o)

.debug_aranges  0x00000000      0x5f8
 .debug_aranges
                0x00000000       0x60 ./src/ioLibrary/Ethernet/W5500/w5500.o
 .debug_aranges
                0x00000060      0x120 ./src/ioLibrary/Ethernet/wizchip_conf.o
 .debug_aranges
                0x00000180       0x28 ./src/PlatformHandler/spi_handler.o
 .debug_aranges
                0x000001a8       0x20 ./src/W5500EVB.o
 .debug_aranges
                0x000001c8       0x28 ./src/aeabi_romdiv_patch.o
 .debug_aranges
                0x000001f0       0x60 ./src/cr_startup_lpc11exx.o
 .debug_aranges
                0x00000250       0x18 ./src/crp.o
 .debug_aranges
                0x00000268       0x20 ./src/sysinit.o
 .debug_aranges
                0x00000288       0x58 ./src/w5500_init.o
 .debug_aranges
                0x000002e0       0x80 C:\Users\Administrator\Documents\GitHub\Loopback_LPC11E36_LPCXpresso\wiznet_evb_w5500evb_board\Debug\libwiznet_evb_w5500evb_board.a(board.o)
 .debug_aranges
                0x00000360       0x30 C:\Users\Administrator\Documents\GitHub\Loopback_LPC11E36_LPCXpresso\wiznet_evb_w5500evb_board\Debug\libwiznet_evb_w5500evb_board.a(board_sysinit.o)
 .debug_aranges
                0x00000390       0x20 C:\Users\Administrator\Documents\GitHub\Loopback_LPC11E36_LPCXpresso\lpc_chip_11exx\Debug\liblpc_chip_11exx.a(chip_11xx.o)
 .debug_aranges
                0x000003b0       0x78 C:\Users\Administrator\Documents\GitHub\Loopback_LPC11E36_LPCXpresso\lpc_chip_11exx\Debug\liblpc_chip_11exx.a(clock_11xx.o)
 .debug_aranges
                0x00000428       0x48 C:\Users\Administrator\Documents\GitHub\Loopback_LPC11E36_LPCXpresso\lpc_chip_11exx\Debug\liblpc_chip_11exx.a(gpio_11xx_1.o)
 .debug_aranges
                0x00000470       0x20 C:\Users\Administrator\Documents\GitHub\Loopback_LPC11E36_LPCXpresso\lpc_chip_11exx\Debug\liblpc_chip_11exx.a(iocon_11xx.o)
 .debug_aranges
                0x00000490       0xb0 C:\Users\Administrator\Documents\GitHub\Loopback_LPC11E36_LPCXpresso\lpc_chip_11exx\Debug\liblpc_chip_11exx.a(ssp_11xx.o)
 .debug_aranges
                0x00000540       0x38 C:\Users\Administrator\Documents\GitHub\Loopback_LPC11E36_LPCXpresso\lpc_chip_11exx\Debug\liblpc_chip_11exx.a(sysctl_11xx.o)
 .debug_aranges
                0x00000578       0x80 C:\Users\Administrator\Documents\GitHub\Loopback_LPC11E36_LPCXpresso\lpc_chip_11exx\Debug\liblpc_chip_11exx.a(uart_11xx.o)

.debug_ranges   0x00000000      0x828
 .debug_ranges  0x00000000       0x50 ./src/ioLibrary/Ethernet/W5500/w5500.o
 .debug_ranges  0x00000050      0x110 ./src/ioLibrary/Ethernet/wizchip_conf.o
 .debug_ranges  0x00000160       0x18 ./src/PlatformHandler/spi_handler.o
 .debug_ranges  0x00000178       0x10 ./src/W5500EVB.o
 .debug_ranges  0x00000188       0x20 ./src/aeabi_romdiv_patch.o
 .debug_ranges  0x000001a8       0x50 ./src/cr_startup_lpc11exx.o
 .debug_ranges  0x000001f8       0x10 ./src/sysinit.o
 .debug_ranges  0x00000208       0x48 ./src/w5500_init.o
 .debug_ranges  0x00000250       0xa0 C:\Users\Administrator\Documents\GitHub\Loopback_LPC11E36_LPCXpresso\wiznet_evb_w5500evb_board\Debug\libwiznet_evb_w5500evb_board.a(board.o)
 .debug_ranges  0x000002f0       0x20 C:\Users\Administrator\Documents\GitHub\Loopback_LPC11E36_LPCXpresso\wiznet_evb_w5500evb_board\Debug\libwiznet_evb_w5500evb_board.a(board_sysinit.o)
 .debug_ranges  0x00000310       0x10 C:\Users\Administrator\Documents\GitHub\Loopback_LPC11E36_LPCXpresso\lpc_chip_11exx\Debug\liblpc_chip_11exx.a(chip_11xx.o)
 .debug_ranges  0x00000320       0x68 C:\Users\Administrator\Documents\GitHub\Loopback_LPC11E36_LPCXpresso\lpc_chip_11exx\Debug\liblpc_chip_11exx.a(clock_11xx.o)
 .debug_ranges  0x00000388       0x38 C:\Users\Administrator\Documents\GitHub\Loopback_LPC11E36_LPCXpresso\lpc_chip_11exx\Debug\liblpc_chip_11exx.a(gpio_11xx_1.o)
 .debug_ranges  0x000003c0       0x10 C:\Users\Administrator\Documents\GitHub\Loopback_LPC11E36_LPCXpresso\lpc_chip_11exx\Debug\liblpc_chip_11exx.a(iocon_11xx.o)
 .debug_ranges  0x000003d0      0x3a8 C:\Users\Administrator\Documents\GitHub\Loopback_LPC11E36_LPCXpresso\lpc_chip_11exx\Debug\liblpc_chip_11exx.a(ssp_11xx.o)
 .debug_ranges  0x00000778       0x28 C:\Users\Administrator\Documents\GitHub\Loopback_LPC11E36_LPCXpresso\lpc_chip_11exx\Debug\liblpc_chip_11exx.a(sysctl_11xx.o)
 .debug_ranges  0x000007a0       0x88 C:\Users\Administrator\Documents\GitHub\Loopback_LPC11E36_LPCXpresso\lpc_chip_11exx\Debug\liblpc_chip_11exx.a(uart_11xx.o)

.debug_line     0x00000000     0x36d0
 .debug_line    0x00000000      0x1ca ./src/ioLibrary/Ethernet/W5500/w5500.o
 .debug_line    0x000001ca      0x4a7 ./src/ioLibrary/Ethernet/wizchip_conf.o
 .debug_line    0x00000671      0x16e ./src/PlatformHandler/spi_handler.o
 .debug_line    0x000007df      0x19f ./src/W5500EVB.o
 .debug_line    0x0000097e       0x65 ./src/aeabi_romdiv_patch.o
 .debug_line    0x000009e3       0xad ./src/cr_startup_lpc11exx.o
 .debug_line    0x00000a90       0x2d ./src/crp.o
 .debug_line    0x00000abd      0x15e ./src/sysinit.o
 .debug_line    0x00000c1b      0x1fe ./src/w5500_init.o
 .debug_line    0x00000e19      0x51e C:\Users\Administrator\Documents\GitHub\Loopback_LPC11E36_LPCXpresso\wiznet_evb_w5500evb_board\Debug\libwiznet_evb_w5500evb_board.a(board.o)
 .debug_line    0x00001337      0x43f C:\Users\Administrator\Documents\GitHub\Loopback_LPC11E36_LPCXpresso\wiznet_evb_w5500evb_board\Debug\libwiznet_evb_w5500evb_board.a(board_sysinit.o)
 .debug_line    0x00001776      0x312 C:\Users\Administrator\Documents\GitHub\Loopback_LPC11E36_LPCXpresso\lpc_chip_11exx\Debug\liblpc_chip_11exx.a(chip_11xx.o)
 .debug_line    0x00001a88      0x408 C:\Users\Administrator\Documents\GitHub\Loopback_LPC11E36_LPCXpresso\lpc_chip_11exx\Debug\liblpc_chip_11exx.a(clock_11xx.o)
 .debug_line    0x00001e90      0x3a0 C:\Users\Administrator\Documents\GitHub\Loopback_LPC11E36_LPCXpresso\lpc_chip_11exx\Debug\liblpc_chip_11exx.a(gpio_11xx_1.o)
 .debug_line    0x00002230      0x315 C:\Users\Administrator\Documents\GitHub\Loopback_LPC11E36_LPCXpresso\lpc_chip_11exx\Debug\liblpc_chip_11exx.a(iocon_11xx.o)
 .debug_line    0x00002545      0x923 C:\Users\Administrator\Documents\GitHub\Loopback_LPC11E36_LPCXpresso\lpc_chip_11exx\Debug\liblpc_chip_11exx.a(ssp_11xx.o)
 .debug_line    0x00002e68      0x34f C:\Users\Administrator\Documents\GitHub\Loopback_LPC11E36_LPCXpresso\lpc_chip_11exx\Debug\liblpc_chip_11exx.a(sysctl_11xx.o)
 .debug_line    0x000031b7      0x519 C:\Users\Administrator\Documents\GitHub\Loopback_LPC11E36_LPCXpresso\lpc_chip_11exx\Debug\liblpc_chip_11exx.a(uart_11xx.o)

.debug_str      0x00000000     0xaa91
 .debug_str     0x00000000      0x230 ./src/ioLibrary/Ethernet/W5500/w5500.o
                                0x2de (size before relaxing)
 .debug_str     0x00000230      0x625 ./src/ioLibrary/Ethernet/wizchip_conf.o
                                0x89d (size before relaxing)
 .debug_str     0x00000855      0x301 ./src/PlatformHandler/spi_handler.o
                                0x4c6 (size before relaxing)
 .debug_str     0x00000b56       0x5e ./src/W5500EVB.o
                                0x236 (size before relaxing)
 .debug_str     0x00000bb4      0x170 ./src/cr_startup_lpc11exx.o
                                0x2a7 (size before relaxing)
 .debug_str     0x00000d24       0x16 ./src/crp.o
                                0x133 (size before relaxing)
 .debug_str     0x00000d3a       0x22 ./src/sysinit.o
                                0x1ef (size before relaxing)
 .debug_str     0x00000d5c       0xce ./src/w5500_init.o
                                0x503 (size before relaxing)
 .debug_str     0x00000e2a     0x851b C:\Users\Administrator\Documents\GitHub\Loopback_LPC11E36_LPCXpresso\wiznet_evb_w5500evb_board\Debug\libwiznet_evb_w5500evb_board.a(board.o)
                               0x86ff (size before relaxing)
 .debug_str     0x00009345      0x845 C:\Users\Administrator\Documents\GitHub\Loopback_LPC11E36_LPCXpresso\wiznet_evb_w5500evb_board\Debug\libwiznet_evb_w5500evb_board.a(board_sysinit.o)
                               0x8c06 (size before relaxing)
 .debug_str     0x00009b8a       0x9b C:\Users\Administrator\Documents\GitHub\Loopback_LPC11E36_LPCXpresso\lpc_chip_11exx\Debug\liblpc_chip_11exx.a(chip_11xx.o)
                               0x8044 (size before relaxing)
 .debug_str     0x00009c25      0x3bc C:\Users\Administrator\Documents\GitHub\Loopback_LPC11E36_LPCXpresso\lpc_chip_11exx\Debug\liblpc_chip_11exx.a(clock_11xx.o)
                               0x87ea (size before relaxing)
 .debug_str     0x00009fe1       0xf0 C:\Users\Administrator\Documents\GitHub\Loopback_LPC11E36_LPCXpresso\lpc_chip_11exx\Debug\liblpc_chip_11exx.a(gpio_11xx_1.o)
                               0x869a (size before relaxing)
 .debug_str     0x0000a0d1       0x1b C:\Users\Administrator\Documents\GitHub\Loopback_LPC11E36_LPCXpresso\lpc_chip_11exx\Debug\liblpc_chip_11exx.a(iocon_11xx.o)
                               0x8049 (size before relaxing)
 .debug_str     0x0000a0ec      0x596 C:\Users\Administrator\Documents\GitHub\Loopback_LPC11E36_LPCXpresso\lpc_chip_11exx\Debug\liblpc_chip_11exx.a(ssp_11xx.o)
                               0x8d95 (size before relaxing)
 .debug_str     0x0000a682      0x175 C:\Users\Administrator\Documents\GitHub\Loopback_LPC11E36_LPCXpresso\lpc_chip_11exx\Debug\liblpc_chip_11exx.a(sysctl_11xx.o)
                               0x8434 (size before relaxing)
 .debug_str     0x0000a7f7      0x29a C:\Users\Administrator\Documents\GitHub\Loopback_LPC11E36_LPCXpresso\lpc_chip_11exx\Debug\liblpc_chip_11exx.a(uart_11xx.o)
                               0x88fb (size before relaxing)

.comment        0x00000000       0x70
 .comment       0x00000000       0x70 ./src/ioLibrary/Ethernet/W5500/w5500.o
                                 0x71 (size before relaxing)
 .comment       0x00000000       0x71 ./src/ioLibrary/Ethernet/wizchip_conf.o
 .comment       0x00000000       0x71 ./src/PlatformHandler/spi_handler.o
 .comment       0x00000000       0x71 ./src/W5500EVB.o
 .comment       0x00000000       0x71 ./src/cr_startup_lpc11exx.o
 .comment       0x00000000       0x71 ./src/crp.o
 .comment       0x00000000       0x71 ./src/sysinit.o
 .comment       0x00000000       0x71 ./src/w5500_init.o
 .comment       0x00000000       0x71 C:\Users\Administrator\Documents\GitHub\Loopback_LPC11E36_LPCXpresso\wiznet_evb_w5500evb_board\Debug\libwiznet_evb_w5500evb_board.a(board.o)
 .comment       0x00000000       0x71 C:\Users\Administrator\Documents\GitHub\Loopback_LPC11E36_LPCXpresso\wiznet_evb_w5500evb_board\Debug\libwiznet_evb_w5500evb_board.a(board_sysinit.o)
 .comment       0x00000000       0x71 C:\Users\Administrator\Documents\GitHub\Loopback_LPC11E36_LPCXpresso\lpc_chip_11exx\Debug\liblpc_chip_11exx.a(chip_11xx.o)
 .comment       0x00000000       0x71 C:\Users\Administrator\Documents\GitHub\Loopback_LPC11E36_LPCXpresso\lpc_chip_11exx\Debug\liblpc_chip_11exx.a(clock_11xx.o)
 .comment       0x00000000       0x71 C:\Users\Administrator\Documents\GitHub\Loopback_LPC11E36_LPCXpresso\lpc_chip_11exx\Debug\liblpc_chip_11exx.a(gpio_11xx_1.o)
 .comment       0x00000000       0x71 C:\Users\Administrator\Documents\GitHub\Loopback_LPC11E36_LPCXpresso\lpc_chip_11exx\Debug\liblpc_chip_11exx.a(iocon_11xx.o)
 .comment       0x00000000       0x71 C:\Users\Administrator\Documents\GitHub\Loopback_LPC11E36_LPCXpresso\lpc_chip_11exx\Debug\liblpc_chip_11exx.a(ssp_11xx.o)
 .comment       0x00000000       0x71 C:\Users\Administrator\Documents\GitHub\Loopback_LPC11E36_LPCXpresso\lpc_chip_11exx\Debug\liblpc_chip_11exx.a(sysctl_11xx.o)
 .comment       0x00000000       0x71 C:\Users\Administrator\Documents\GitHub\Loopback_LPC11E36_LPCXpresso\lpc_chip_11exx\Debug\liblpc_chip_11exx.a(uart_11xx.o)
 .comment       0x00000000       0x71 c:/nxp/lpcxpresso_7.2.0_153/lpcxpresso/tools/bin/../lib/gcc/arm-none-eabi/4.8.3/../../../../arm-none-eabi/lib/armv6-m\libcr_nohost.a(_cr__main.o)
 .comment       0x00000000       0x71 c:/nxp/lpcxpresso_7.2.0_153/lpcxpresso/tools/bin/../lib/gcc/arm-none-eabi/4.8.3/../../../../arm-none-eabi/lib/armv6-m\libcr_c.a(memcpy.o)
 .comment       0x00000000       0x71 c:/nxp/lpcxpresso_7.2.0_153/lpcxpresso/tools/bin/../lib/gcc/arm-none-eabi/4.8.3/../../../../arm-none-eabi/lib/armv6-m\libcr_c.a(memset.o)
 .comment       0x00000000       0x71 c:/nxp/lpcxpresso_7.2.0_153/lpcxpresso/tools/bin/../lib/gcc/arm-none-eabi/4.8.3/../../../../arm-none-eabi/lib/armv6-m\libcr_c.a(fpprintf.o)
 .comment       0x00000000       0x71 c:/nxp/lpcxpresso_7.2.0_153/lpcxpresso/tools/bin/../lib/gcc/arm-none-eabi/4.8.3/../../../../arm-none-eabi/lib/armv6-m\libcr_c.a(initio.o)
 .comment       0x00000000       0x71 c:/nxp/lpcxpresso_7.2.0_153/lpcxpresso/tools/bin/../lib/gcc/arm-none-eabi/4.8.3/../../../../arm-none-eabi/lib/armv6-m\libcr_c.a(printf.o)
 .comment       0x00000000       0x71 c:/nxp/lpcxpresso_7.2.0_153/lpcxpresso/tools/bin/../lib/gcc/arm-none-eabi/4.8.3/../../../../arm-none-eabi/lib/armv6-m\libcr_c.a(setvbuf.o)
 .comment       0x00000000       0x71 c:/nxp/lpcxpresso_7.2.0_153/lpcxpresso/tools/bin/../lib/gcc/arm-none-eabi/4.8.3/../../../../arm-none-eabi/lib/armv6-m\libcr_c.a(stdio.o)
 .comment       0x00000000       0x71 c:/nxp/lpcxpresso_7.2.0_153/lpcxpresso/tools/bin/../lib/gcc/arm-none-eabi/4.8.3/../../../../arm-none-eabi/lib/armv6-m\libcr_c.a(strlen.o)
 .comment       0x00000000       0x71 c:/nxp/lpcxpresso_7.2.0_153/lpcxpresso/tools/bin/../lib/gcc/arm-none-eabi/4.8.3/../../../../arm-none-eabi/lib/armv6-m\libcr_c.a(_deferredlazyseek.o)
 .comment       0x00000000       0x71 c:/nxp/lpcxpresso_7.2.0_153/lpcxpresso/tools/bin/../lib/gcc/arm-none-eabi/4.8.3/../../../../arm-none-eabi/lib/armv6-m\libcr_c.a(_fdopen.o)
 .comment       0x00000000       0x71 c:/nxp/lpcxpresso_7.2.0_153/lpcxpresso/tools/bin/../lib/gcc/arm-none-eabi/4.8.3/../../../../arm-none-eabi/lib/armv6-m\libcr_c.a(_fflush.o)
 .comment       0x00000000       0x71 c:/nxp/lpcxpresso_7.2.0_153/lpcxpresso/tools/bin/../lib/gcc/arm-none-eabi/4.8.3/../../../../arm-none-eabi/lib/armv6-m\libcr_c.a(_frexpl.o)
 .comment       0x00000000       0x71 c:/nxp/lpcxpresso_7.2.0_153/lpcxpresso/tools/bin/../lib/gcc/arm-none-eabi/4.8.3/../../../../arm-none-eabi/lib/armv6-m\libcr_c.a(_ldexpl.o)
 .comment       0x00000000       0x71 c:/nxp/lpcxpresso_7.2.0_153/lpcxpresso/tools/bin/../lib/gcc/arm-none-eabi/4.8.3/../../../../arm-none-eabi/lib/armv6-m\libcr_c.a(_writebuf.o)
 .comment       0x00000000       0x71 c:/nxp/lpcxpresso_7.2.0_153/lpcxpresso/tools/bin/../lib/gcc/arm-none-eabi/4.8.3/../../../../arm-none-eabi/lib/armv6-m\libcr_c.a(alloc.o)
 .comment       0x00000000       0x71 c:/nxp/lpcxpresso_7.2.0_153/lpcxpresso/tools/bin/../lib/gcc/arm-none-eabi/4.8.3/../../../../arm-none-eabi/lib/armv6-m\libcr_c.a(errno.o)
 .comment       0x00000000       0x71 c:/nxp/lpcxpresso_7.2.0_153/lpcxpresso/tools/bin/../lib/gcc/arm-none-eabi/4.8.3/../../../../arm-none-eabi/lib/armv6-m\libcr_c.a(fclose.o)
 .comment       0x00000000       0x71 c:/nxp/lpcxpresso_7.2.0_153/lpcxpresso/tools/bin/../lib/gcc/arm-none-eabi/4.8.3/../../../../arm-none-eabi/lib/armv6-m\libcr_c.a(fflush.o)
 .comment       0x00000000       0x71 c:/nxp/lpcxpresso_7.2.0_153/lpcxpresso/tools/bin/../lib/gcc/arm-none-eabi/4.8.3/../../../../arm-none-eabi/lib/armv6-m\libcr_c.a(fseek.o)
 .comment       0x00000000       0x71 c:/nxp/lpcxpresso_7.2.0_153/lpcxpresso/tools/bin/../lib/gcc/arm-none-eabi/4.8.3/../../../../arm-none-eabi/lib/armv6-m\libcr_c.a(ftell.o)
 .comment       0x00000000       0x71 c:/nxp/lpcxpresso_7.2.0_153/lpcxpresso/tools/bin/../lib/gcc/arm-none-eabi/4.8.3/../../../../arm-none-eabi/lib/armv6-m\libcr_c.a(remove.o)
 .comment       0x00000000       0x71 c:/nxp/lpcxpresso_7.2.0_153/lpcxpresso/tools/bin/../lib/gcc/arm-none-eabi/4.8.3/../../../../arm-none-eabi/lib/armv6-m\libcr_c.a(__init_alloc.o)
 .comment       0x00000000       0x71 c:/nxp/lpcxpresso_7.2.0_153/lpcxpresso/tools/bin/../lib/gcc/arm-none-eabi/4.8.3/../../../../arm-none-eabi/lib/armv6-m\libcr_c.a(_cr_sbrk.o)
 .comment       0x00000000       0x71 c:/nxp/lpcxpresso_7.2.0_153/lpcxpresso/tools/bin/../lib/gcc/arm-none-eabi/4.8.3/../../../../arm-none-eabi/lib/armv6-m\libcr_c.a(_do_fflush.o)
 .comment       0x00000000       0x71 c:/nxp/lpcxpresso_7.2.0_153/lpcxpresso/tools/bin/../lib/gcc/arm-none-eabi/4.8.3/../../../../arm-none-eabi/lib/armv6-m\libcr_c.a(_hugeval.o)
 .comment       0x00000000       0x71 c:/nxp/lpcxpresso_7.2.0_153/lpcxpresso/tools/bin/../lib/gcc/arm-none-eabi/4.8.3/../../../../arm-none-eabi/lib/armv6-m\libcr_c.a(_cr_check_heap.o)
 .comment       0x00000000       0x71 c:/nxp/lpcxpresso_7.2.0_153/lpcxpresso/tools/bin/../lib/gcc/arm-none-eabi/4.8.3/armv6-m\libcr_eabihelpers.a(double.o)
 .comment       0x00000000       0x71 c:/nxp/lpcxpresso_7.2.0_153/lpcxpresso/tools/bin/../lib/gcc/arm-none-eabi/4.8.3/../../../../arm-none-eabi/lib/armv6-m\libcr_nohost.a(__sys_appexit.o)
 .comment       0x00000000       0x71 c:/nxp/lpcxpresso_7.2.0_153/lpcxpresso/tools/bin/../lib/gcc/arm-none-eabi/4.8.3/../../../../arm-none-eabi/lib/armv6-m\libcr_nohost.a(__sys_close.o)
 .comment       0x00000000       0x71 c:/nxp/lpcxpresso_7.2.0_153/lpcxpresso/tools/bin/../lib/gcc/arm-none-eabi/4.8.3/../../../../arm-none-eabi/lib/armv6-m\libcr_nohost.a(__sys_flen.o)
 .comment       0x00000000       0x71 c:/nxp/lpcxpresso_7.2.0_153/lpcxpresso/tools/bin/../lib/gcc/arm-none-eabi/4.8.3/../../../../arm-none-eabi/lib/armv6-m\libcr_nohost.a(__sys_istty.o)
 .comment       0x00000000       0x71 c:/nxp/lpcxpresso_7.2.0_153/lpcxpresso/tools/bin/../lib/gcc/arm-none-eabi/4.8.3/../../../../arm-none-eabi/lib/armv6-m\libcr_nohost.a(__sys_remove.o)
 .comment       0x00000000       0x71 c:/nxp/lpcxpresso_7.2.0_153/lpcxpresso/tools/bin/../lib/gcc/arm-none-eabi/4.8.3/../../../../arm-none-eabi/lib/armv6-m\libcr_nohost.a(__sys_seek.o)
 .comment       0x00000000       0x71 c:/nxp/lpcxpresso_7.2.0_153/lpcxpresso/tools/bin/../lib/gcc/arm-none-eabi/4.8.3/../../../../arm-none-eabi/lib/armv6-m\libcr_nohost.a(__sys_tmpnam.o)

.ARM.attributes
                0x00000000       0x2f
 .ARM.attributes
                0x00000000       0x31 ./src/ioLibrary/Ethernet/W5500/w5500.o
 .ARM.attributes
                0x00000031       0x31 ./src/ioLibrary/Ethernet/wizchip_conf.o
 .ARM.attributes
                0x00000062       0x31 ./src/PlatformHandler/spi_handler.o
 .ARM.attributes
                0x00000093       0x31 ./src/W5500EVB.o
 .ARM.attributes
                0x000000c4       0x21 ./src/aeabi_romdiv_patch.o
 .ARM.attributes
                0x000000e5       0x31 ./src/cr_startup_lpc11exx.o
 .ARM.attributes
                0x00000116       0x31 ./src/crp.o
 .ARM.attributes
                0x00000147       0x31 ./src/sysinit.o
 .ARM.attributes
                0x00000178       0x31 ./src/w5500_init.o
 .ARM.attributes
                0x000001a9       0x31 C:\Users\Administrator\Documents\GitHub\Loopback_LPC11E36_LPCXpresso\wiznet_evb_w5500evb_board\Debug\libwiznet_evb_w5500evb_board.a(board.o)
 .ARM.attributes
                0x000001da       0x31 C:\Users\Administrator\Documents\GitHub\Loopback_LPC11E36_LPCXpresso\wiznet_evb_w5500evb_board\Debug\libwiznet_evb_w5500evb_board.a(board_sysinit.o)
 .ARM.attributes
                0x0000020b       0x31 C:\Users\Administrator\Documents\GitHub\Loopback_LPC11E36_LPCXpresso\lpc_chip_11exx\Debug\liblpc_chip_11exx.a(chip_11xx.o)
 .ARM.attributes
                0x0000023c       0x31 C:\Users\Administrator\Documents\GitHub\Loopback_LPC11E36_LPCXpresso\lpc_chip_11exx\Debug\liblpc_chip_11exx.a(clock_11xx.o)
 .ARM.attributes
                0x0000026d       0x31 C:\Users\Administrator\Documents\GitHub\Loopback_LPC11E36_LPCXpresso\lpc_chip_11exx\Debug\liblpc_chip_11exx.a(gpio_11xx_1.o)
 .ARM.attributes
                0x0000029e       0x31 C:\Users\Administrator\Documents\GitHub\Loopback_LPC11E36_LPCXpresso\lpc_chip_11exx\Debug\liblpc_chip_11exx.a(iocon_11xx.o)
 .ARM.attributes
                0x000002cf       0x31 C:\Users\Administrator\Documents\GitHub\Loopback_LPC11E36_LPCXpresso\lpc_chip_11exx\Debug\liblpc_chip_11exx.a(ssp_11xx.o)
 .ARM.attributes
                0x00000300       0x31 C:\Users\Administrator\Documents\GitHub\Loopback_LPC11E36_LPCXpresso\lpc_chip_11exx\Debug\liblpc_chip_11exx.a(sysctl_11xx.o)
 .ARM.attributes
                0x00000331       0x31 C:\Users\Administrator\Documents\GitHub\Loopback_LPC11E36_LPCXpresso\lpc_chip_11exx\Debug\liblpc_chip_11exx.a(uart_11xx.o)
 .ARM.attributes
                0x00000362       0x31 c:/nxp/lpcxpresso_7.2.0_153/lpcxpresso/tools/bin/../lib/gcc/arm-none-eabi/4.8.3/../../../../arm-none-eabi/lib/armv6-m\libcr_nohost.a(_cr__main.o)
 .ARM.attributes
                0x00000393       0x31 c:/nxp/lpcxpresso_7.2.0_153/lpcxpresso/tools/bin/../lib/gcc/arm-none-eabi/4.8.3/../../../../arm-none-eabi/lib/armv6-m\libcr_c.a(memcpy.o)
 .ARM.attributes
                0x000003c4       0x31 c:/nxp/lpcxpresso_7.2.0_153/lpcxpresso/tools/bin/../lib/gcc/arm-none-eabi/4.8.3/../../../../arm-none-eabi/lib/armv6-m\libcr_c.a(memset.o)
 .ARM.attributes
                0x000003f5       0x31 c:/nxp/lpcxpresso_7.2.0_153/lpcxpresso/tools/bin/../lib/gcc/arm-none-eabi/4.8.3/../../../../arm-none-eabi/lib/armv6-m\libcr_c.a(fpprintf.o)
 .ARM.attributes
                0x00000426       0x31 c:/nxp/lpcxpresso_7.2.0_153/lpcxpresso/tools/bin/../lib/gcc/arm-none-eabi/4.8.3/../../../../arm-none-eabi/lib/armv6-m\libcr_c.a(initio.o)
 .ARM.attributes
                0x00000457       0x31 c:/nxp/lpcxpresso_7.2.0_153/lpcxpresso/tools/bin/../lib/gcc/arm-none-eabi/4.8.3/../../../../arm-none-eabi/lib/armv6-m\libcr_c.a(printf.o)
 .ARM.attributes
                0x00000488       0x31 c:/nxp/lpcxpresso_7.2.0_153/lpcxpresso/tools/bin/../lib/gcc/arm-none-eabi/4.8.3/../../../../arm-none-eabi/lib/armv6-m\libcr_c.a(setvbuf.o)
 .ARM.attributes
                0x000004b9       0x31 c:/nxp/lpcxpresso_7.2.0_153/lpcxpresso/tools/bin/../lib/gcc/arm-none-eabi/4.8.3/../../../../arm-none-eabi/lib/armv6-m\libcr_c.a(stdio.o)
 .ARM.attributes
                0x000004ea       0x31 c:/nxp/lpcxpresso_7.2.0_153/lpcxpresso/tools/bin/../lib/gcc/arm-none-eabi/4.8.3/../../../../arm-none-eabi/lib/armv6-m\libcr_c.a(strlen.o)
 .ARM.attributes
                0x0000051b       0x31 c:/nxp/lpcxpresso_7.2.0_153/lpcxpresso/tools/bin/../lib/gcc/arm-none-eabi/4.8.3/../../../../arm-none-eabi/lib/armv6-m\libcr_c.a(_deferredlazyseek.o)
 .ARM.attributes
                0x0000054c       0x31 c:/nxp/lpcxpresso_7.2.0_153/lpcxpresso/tools/bin/../lib/gcc/arm-none-eabi/4.8.3/../../../../arm-none-eabi/lib/armv6-m\libcr_c.a(_fdopen.o)
 .ARM.attributes
                0x0000057d       0x31 c:/nxp/lpcxpresso_7.2.0_153/lpcxpresso/tools/bin/../lib/gcc/arm-none-eabi/4.8.3/../../../../arm-none-eabi/lib/armv6-m\libcr_c.a(_fflush.o)
 .ARM.attributes
                0x000005ae       0x31 c:/nxp/lpcxpresso_7.2.0_153/lpcxpresso/tools/bin/../lib/gcc/arm-none-eabi/4.8.3/../../../../arm-none-eabi/lib/armv6-m\libcr_c.a(_frexpl.o)
 .ARM.attributes
                0x000005df       0x31 c:/nxp/lpcxpresso_7.2.0_153/lpcxpresso/tools/bin/../lib/gcc/arm-none-eabi/4.8.3/../../../../arm-none-eabi/lib/armv6-m\libcr_c.a(_ldexpl.o)
 .ARM.attributes
                0x00000610       0x31 c:/nxp/lpcxpresso_7.2.0_153/lpcxpresso/tools/bin/../lib/gcc/arm-none-eabi/4.8.3/../../../../arm-none-eabi/lib/armv6-m\libcr_c.a(_writebuf.o)
 .ARM.attributes
                0x00000641       0x31 c:/nxp/lpcxpresso_7.2.0_153/lpcxpresso/tools/bin/../lib/gcc/arm-none-eabi/4.8.3/../../../../arm-none-eabi/lib/armv6-m\libcr_c.a(alloc.o)
 .ARM.attributes
                0x00000672       0x31 c:/nxp/lpcxpresso_7.2.0_153/lpcxpresso/tools/bin/../lib/gcc/arm-none-eabi/4.8.3/../../../../arm-none-eabi/lib/armv6-m\libcr_c.a(errno.o)
 .ARM.attributes
                0x000006a3       0x31 c:/nxp/lpcxpresso_7.2.0_153/lpcxpresso/tools/bin/../lib/gcc/arm-none-eabi/4.8.3/../../../../arm-none-eabi/lib/armv6-m\libcr_c.a(fclose.o)
 .ARM.attributes
                0x000006d4       0x31 c:/nxp/lpcxpresso_7.2.0_153/lpcxpresso/tools/bin/../lib/gcc/arm-none-eabi/4.8.3/../../../../arm-none-eabi/lib/armv6-m\libcr_c.a(fflush.o)
 .ARM.attributes
                0x00000705       0x31 c:/nxp/lpcxpresso_7.2.0_153/lpcxpresso/tools/bin/../lib/gcc/arm-none-eabi/4.8.3/../../../../arm-none-eabi/lib/armv6-m\libcr_c.a(fseek.o)
 .ARM.attributes
                0x00000736       0x31 c:/nxp/lpcxpresso_7.2.0_153/lpcxpresso/tools/bin/../lib/gcc/arm-none-eabi/4.8.3/../../../../arm-none-eabi/lib/armv6-m\libcr_c.a(ftell.o)
 .ARM.attributes
                0x00000767       0x31 c:/nxp/lpcxpresso_7.2.0_153/lpcxpresso/tools/bin/../lib/gcc/arm-none-eabi/4.8.3/../../../../arm-none-eabi/lib/armv6-m\libcr_c.a(remove.o)
 .ARM.attributes
                0x00000798       0x31 c:/nxp/lpcxpresso_7.2.0_153/lpcxpresso/tools/bin/../lib/gcc/arm-none-eabi/4.8.3/../../../../arm-none-eabi/lib/armv6-m\libcr_c.a(__init_alloc.o)
 .ARM.attributes
                0x000007c9       0x31 c:/nxp/lpcxpresso_7.2.0_153/lpcxpresso/tools/bin/../lib/gcc/arm-none-eabi/4.8.3/../../../../arm-none-eabi/lib/armv6-m\libcr_c.a(_cr_sbrk.o)
 .ARM.attributes
                0x000007fa       0x31 c:/nxp/lpcxpresso_7.2.0_153/lpcxpresso/tools/bin/../lib/gcc/arm-none-eabi/4.8.3/../../../../arm-none-eabi/lib/armv6-m\libcr_c.a(_do_fflush.o)
 .ARM.attributes
                0x0000082b       0x31 c:/nxp/lpcxpresso_7.2.0_153/lpcxpresso/tools/bin/../lib/gcc/arm-none-eabi/4.8.3/../../../../arm-none-eabi/lib/armv6-m\libcr_c.a(_hugeval.o)
 .ARM.attributes
                0x0000085c       0x31 c:/nxp/lpcxpresso_7.2.0_153/lpcxpresso/tools/bin/../lib/gcc/arm-none-eabi/4.8.3/../../../../arm-none-eabi/lib/armv6-m\libcr_c.a(_cr_check_heap.o)
 .ARM.attributes
                0x0000088d       0x31 c:/nxp/lpcxpresso_7.2.0_153/lpcxpresso/tools/bin/../lib/gcc/arm-none-eabi/4.8.3/armv6-m\libcr_eabihelpers.a(double.o)
 .ARM.attributes
                0x000008be       0x21 c:/nxp/lpcxpresso_7.2.0_153/lpcxpresso/tools/bin/../lib/gcc/arm-none-eabi/4.8.3/armv6-m\libcr_eabihelpers.a(llong.o)
 .ARM.attributes
                0x000008df       0x21 c:/nxp/lpcxpresso_7.2.0_153/lpcxpresso/tools/bin/../lib/gcc/arm-none-eabi/4.8.3/armv6-m\libcr_eabihelpers.a(memcpy.o)
 .ARM.attributes
                0x00000900       0x31 c:/nxp/lpcxpresso_7.2.0_153/lpcxpresso/tools/bin/../lib/gcc/arm-none-eabi/4.8.3/../../../../arm-none-eabi/lib/armv6-m\libcr_nohost.a(__sys_appexit.o)
 .ARM.attributes
                0x00000931       0x31 c:/nxp/lpcxpresso_7.2.0_153/lpcxpresso/tools/bin/../lib/gcc/arm-none-eabi/4.8.3/../../../../arm-none-eabi/lib/armv6-m\libcr_nohost.a(__sys_close.o)
 .ARM.attributes
                0x00000962       0x31 c:/nxp/lpcxpresso_7.2.0_153/lpcxpresso/tools/bin/../lib/gcc/arm-none-eabi/4.8.3/../../../../arm-none-eabi/lib/armv6-m\libcr_nohost.a(__sys_flen.o)
 .ARM.attributes
                0x00000993       0x31 c:/nxp/lpcxpresso_7.2.0_153/lpcxpresso/tools/bin/../lib/gcc/arm-none-eabi/4.8.3/../../../../arm-none-eabi/lib/armv6-m\libcr_nohost.a(__sys_istty.o)
 .ARM.attributes
                0x000009c4       0x31 c:/nxp/lpcxpresso_7.2.0_153/lpcxpresso/tools/bin/../lib/gcc/arm-none-eabi/4.8.3/../../../../arm-none-eabi/lib/armv6-m\libcr_nohost.a(__sys_remove.o)
 .ARM.attributes
                0x000009f5       0x31 c:/nxp/lpcxpresso_7.2.0_153/lpcxpresso/tools/bin/../lib/gcc/arm-none-eabi/4.8.3/../../../../arm-none-eabi/lib/armv6-m\libcr_nohost.a(__sys_seek.o)
 .ARM.attributes
                0x00000a26       0x31 c:/nxp/lpcxpresso_7.2.0_153/lpcxpresso/tools/bin/../lib/gcc/arm-none-eabi/4.8.3/../../../../arm-none-eabi/lib/armv6-m\libcr_nohost.a(__sys_tmpnam.o)

.debug_frame    0x00000000      0xd68
 .debug_frame   0x00000000      0x144 ./src/ioLibrary/Ethernet/W5500/w5500.o
 .debug_frame   0x00000144      0x2f0 ./src/ioLibrary/Ethernet/wizchip_conf.o
 .debug_frame   0x00000434       0x40 ./src/PlatformHandler/spi_handler.o
 .debug_frame   0x00000474       0x28 ./src/W5500EVB.o
 .debug_frame   0x0000049c       0xb4 ./src/cr_startup_lpc11exx.o
 .debug_frame   0x00000550       0x28 ./src/sysinit.o
 .debug_frame   0x00000578       0xd0 ./src/w5500_init.o
 .debug_frame   0x00000648      0x130 C:\Users\Administrator\Documents\GitHub\Loopback_LPC11E36_LPCXpresso\wiznet_evb_w5500evb_board\Debug\libwiznet_evb_w5500evb_board.a(board.o)
 .debug_frame   0x00000778       0x5c C:\Users\Administrator\Documents\GitHub\Loopback_LPC11E36_LPCXpresso\wiznet_evb_w5500evb_board\Debug\libwiznet_evb_w5500evb_board.a(board_sysinit.o)
 .debug_frame   0x000007d4       0x28 C:\Users\Administrator\Documents\GitHub\Loopback_LPC11E36_LPCXpresso\lpc_chip_11exx\Debug\liblpc_chip_11exx.a(chip_11xx.o)
 .debug_frame   0x000007fc       0xf8 C:\Users\Administrator\Documents\GitHub\Loopback_LPC11E36_LPCXpresso\lpc_chip_11exx\Debug\liblpc_chip_11exx.a(clock_11xx.o)
 .debug_frame   0x000008f4       0x80 C:\Users\Administrator\Documents\GitHub\Loopback_LPC11E36_LPCXpresso\lpc_chip_11exx\Debug\liblpc_chip_11exx.a(gpio_11xx_1.o)
 .debug_frame   0x00000974       0x20 C:\Users\Administrator\Documents\GitHub\Loopback_LPC11E36_LPCXpresso\lpc_chip_11exx\Debug\liblpc_chip_11exx.a(iocon_11xx.o)
 .debug_frame   0x00000994      0x1f0 C:\Users\Administrator\Documents\GitHub\Loopback_LPC11E36_LPCXpresso\lpc_chip_11exx\Debug\liblpc_chip_11exx.a(ssp_11xx.o)
 .debug_frame   0x00000b84       0x58 C:\Users\Administrator\Documents\GitHub\Loopback_LPC11E36_LPCXpresso\lpc_chip_11exx\Debug\liblpc_chip_11exx.a(sysctl_11xx.o)
 .debug_frame   0x00000bdc      0x18c C:\Users\Administrator\Documents\GitHub\Loopback_LPC11E36_LPCXpresso\lpc_chip_11exx\Debug\liblpc_chip_11exx.a(uart_11xx.o)

.debug_macro    0x00000000     0x2daa
 .debug_macro   0x00000000      0x1da C:\Users\Administrator\Documents\GitHub\Loopback_LPC11E36_LPCXpresso\wiznet_evb_w5500evb_board\Debug\libwiznet_evb_w5500evb_board.a(board.o)
 .debug_macro   0x000001da      0x81a C:\Users\Administrator\Documents\GitHub\Loopback_LPC11E36_LPCXpresso\wiznet_evb_w5500evb_board\Debug\libwiznet_evb_w5500evb_board.a(board.o)
 .debug_macro   0x000009f4       0x10 C:\Users\Administrator\Documents\GitHub\Loopback_LPC11E36_LPCXpresso\wiznet_evb_w5500evb_board\Debug\libwiznet_evb_w5500evb_board.a(board.o)
 .debug_macro   0x00000a04      0x122 C:\Users\Administrator\Documents\GitHub\Loopback_LPC11E36_LPCXpresso\wiznet_evb_w5500evb_board\Debug\libwiznet_evb_w5500evb_board.a(board.o)
 .debug_macro   0x00000b26      0x5b9 C:\Users\Administrator\Documents\GitHub\Loopback_LPC11E36_LPCXpresso\wiznet_evb_w5500evb_board\Debug\libwiznet_evb_w5500evb_board.a(board.o)
 .debug_macro   0x000010df       0x22 C:\Users\Administrator\Documents\GitHub\Loopback_LPC11E36_LPCXpresso\wiznet_evb_w5500evb_board\Debug\libwiznet_evb_w5500evb_board.a(board.o)
 .debug_macro   0x00001101       0x7b C:\Users\Administrator\Documents\GitHub\Loopback_LPC11E36_LPCXpresso\wiznet_evb_w5500evb_board\Debug\libwiznet_evb_w5500evb_board.a(board.o)
 .debug_macro   0x0000117c       0x10 C:\Users\Administrator\Documents\GitHub\Loopback_LPC11E36_LPCXpresso\wiznet_evb_w5500evb_board\Debug\libwiznet_evb_w5500evb_board.a(board.o)
 .debug_macro   0x0000118c       0x1f C:\Users\Administrator\Documents\GitHub\Loopback_LPC11E36_LPCXpresso\wiznet_evb_w5500evb_board\Debug\libwiznet_evb_w5500evb_board.a(board.o)
 .debug_macro   0x000011ab       0x3a C:\Users\Administrator\Documents\GitHub\Loopback_LPC11E36_LPCXpresso\wiznet_evb_w5500evb_board\Debug\libwiznet_evb_w5500evb_board.a(board.o)
 .debug_macro   0x000011e5       0x1f C:\Users\Administrator\Documents\GitHub\Loopback_LPC11E36_LPCXpresso\wiznet_evb_w5500evb_board\Debug\libwiznet_evb_w5500evb_board.a(board.o)
 .debug_macro   0x00001204      0x242 C:\Users\Administrator\Documents\GitHub\Loopback_LPC11E36_LPCXpresso\wiznet_evb_w5500evb_board\Debug\libwiznet_evb_w5500evb_board.a(board.o)
 .debug_macro   0x00001446      0x12c C:\Users\Administrator\Documents\GitHub\Loopback_LPC11E36_LPCXpresso\wiznet_evb_w5500evb_board\Debug\libwiznet_evb_w5500evb_board.a(board.o)
 .debug_macro   0x00001572       0x2e C:\Users\Administrator\Documents\GitHub\Loopback_LPC11E36_LPCXpresso\wiznet_evb_w5500evb_board\Debug\libwiznet_evb_w5500evb_board.a(board.o)
 .debug_macro   0x000015a0       0xd5 C:\Users\Administrator\Documents\GitHub\Loopback_LPC11E36_LPCXpresso\wiznet_evb_w5500evb_board\Debug\libwiznet_evb_w5500evb_board.a(board.o)
 .debug_macro   0x00001675       0x10 C:\Users\Administrator\Documents\GitHub\Loopback_LPC11E36_LPCXpresso\wiznet_evb_w5500evb_board\Debug\libwiznet_evb_w5500evb_board.a(board.o)
 .debug_macro   0x00001685      0x137 C:\Users\Administrator\Documents\GitHub\Loopback_LPC11E36_LPCXpresso\wiznet_evb_w5500evb_board\Debug\libwiznet_evb_w5500evb_board.a(board.o)
 .debug_macro   0x000017bc       0x4c C:\Users\Administrator\Documents\GitHub\Loopback_LPC11E36_LPCXpresso\wiznet_evb_w5500evb_board\Debug\libwiznet_evb_w5500evb_board.a(board.o)
 .debug_macro   0x00001808       0x16 C:\Users\Administrator\Documents\GitHub\Loopback_LPC11E36_LPCXpresso\wiznet_evb_w5500evb_board\Debug\libwiznet_evb_w5500evb_board.a(board.o)
 .debug_macro   0x0000181e      0x31a C:\Users\Administrator\Documents\GitHub\Loopback_LPC11E36_LPCXpresso\wiznet_evb_w5500evb_board\Debug\libwiznet_evb_w5500evb_board.a(board.o)
 .debug_macro   0x00001b38       0x4f C:\Users\Administrator\Documents\GitHub\Loopback_LPC11E36_LPCXpresso\wiznet_evb_w5500evb_board\Debug\libwiznet_evb_w5500evb_board.a(board.o)
 .debug_macro   0x00001b87       0xb8 C:\Users\Administrator\Documents\GitHub\Loopback_LPC11E36_LPCXpresso\wiznet_evb_w5500evb_board\Debug\libwiznet_evb_w5500evb_board.a(board.o)
 .debug_macro   0x00001c3f       0x18 C:\Users\Administrator\Documents\GitHub\Loopback_LPC11E36_LPCXpresso\wiznet_evb_w5500evb_board\Debug\libwiznet_evb_w5500evb_board.a(board.o)
 .debug_macro   0x00001c57       0xca C:\Users\Administrator\Documents\GitHub\Loopback_LPC11E36_LPCXpresso\wiznet_evb_w5500evb_board\Debug\libwiznet_evb_w5500evb_board.a(board.o)
 .debug_macro   0x00001d21       0x7c C:\Users\Administrator\Documents\GitHub\Loopback_LPC11E36_LPCXpresso\wiznet_evb_w5500evb_board\Debug\libwiznet_evb_w5500evb_board.a(board.o)
 .debug_macro   0x00001d9d       0x1c C:\Users\Administrator\Documents\GitHub\Loopback_LPC11E36_LPCXpresso\wiznet_evb_w5500evb_board\Debug\libwiznet_evb_w5500evb_board.a(board.o)
 .debug_macro   0x00001db9       0x40 C:\Users\Administrator\Documents\GitHub\Loopback_LPC11E36_LPCXpresso\wiznet_evb_w5500evb_board\Debug\libwiznet_evb_w5500evb_board.a(board.o)
 .debug_macro   0x00001df9      0x18a C:\Users\Administrator\Documents\GitHub\Loopback_LPC11E36_LPCXpresso\wiznet_evb_w5500evb_board\Debug\libwiznet_evb_w5500evb_board.a(board.o)
 .debug_macro   0x00001f83       0x88 C:\Users\Administrator\Documents\GitHub\Loopback_LPC11E36_LPCXpresso\wiznet_evb_w5500evb_board\Debug\libwiznet_evb_w5500evb_board.a(board.o)
 .debug_macro   0x0000200b       0x40 C:\Users\Administrator\Documents\GitHub\Loopback_LPC11E36_LPCXpresso\wiznet_evb_w5500evb_board\Debug\libwiznet_evb_w5500evb_board.a(board.o)
 .debug_macro   0x0000204b       0x2e C:\Users\Administrator\Documents\GitHub\Loopback_LPC11E36_LPCXpresso\wiznet_evb_w5500evb_board\Debug\libwiznet_evb_w5500evb_board.a(board.o)
 .debug_macro   0x00002079       0x28 C:\Users\Administrator\Documents\GitHub\Loopback_LPC11E36_LPCXpresso\wiznet_evb_w5500evb_board\Debug\libwiznet_evb_w5500evb_board.a(board.o)
 .debug_macro   0x000020a1       0x9a C:\Users\Administrator\Documents\GitHub\Loopback_LPC11E36_LPCXpresso\wiznet_evb_w5500evb_board\Debug\libwiznet_evb_w5500evb_board.a(board.o)
 .debug_macro   0x0000213b       0x20 C:\Users\Administrator\Documents\GitHub\Loopback_LPC11E36_LPCXpresso\wiznet_evb_w5500evb_board\Debug\libwiznet_evb_w5500evb_board.a(board.o)
 .debug_macro   0x0000215b       0x12 C:\Users\Administrator\Documents\GitHub\Loopback_LPC11E36_LPCXpresso\wiznet_evb_w5500evb_board\Debug\libwiznet_evb_w5500evb_board.a(board.o)
 .debug_macro   0x0000216d      0x1bd C:\Users\Administrator\Documents\GitHub\Loopback_LPC11E36_LPCXpresso\wiznet_evb_w5500evb_board\Debug\libwiznet_evb_w5500evb_board.a(board_sysinit.o)
 .debug_macro   0x0000232a      0x17a C:\Users\Administrator\Documents\GitHub\Loopback_LPC11E36_LPCXpresso\lpc_chip_11exx\Debug\liblpc_chip_11exx.a(chip_11xx.o)
 .debug_macro   0x000024a4      0x17a C:\Users\Administrator\Documents\GitHub\Loopback_LPC11E36_LPCXpresso\lpc_chip_11exx\Debug\liblpc_chip_11exx.a(clock_11xx.o)
 .debug_macro   0x0000261e      0x17a C:\Users\Administrator\Documents\GitHub\Loopback_LPC11E36_LPCXpresso\lpc_chip_11exx\Debug\liblpc_chip_11exx.a(gpio_11xx_1.o)
 .debug_macro   0x00002798      0x17a C:\Users\Administrator\Documents\GitHub\Loopback_LPC11E36_LPCXpresso\lpc_chip_11exx\Debug\liblpc_chip_11exx.a(iocon_11xx.o)
 .debug_macro   0x00002912      0x17a C:\Users\Administrator\Documents\GitHub\Loopback_LPC11E36_LPCXpresso\lpc_chip_11exx\Debug\liblpc_chip_11exx.a(ssp_11xx.o)
 .debug_macro   0x00002a8c      0x1a4 C:\Users\Administrator\Documents\GitHub\Loopback_LPC11E36_LPCXpresso\lpc_chip_11exx\Debug\liblpc_chip_11exx.a(sysctl_11xx.o)
 .debug_macro   0x00002c30      0x17a C:\Users\Administrator\Documents\GitHub\Loopback_LPC11E36_LPCXpresso\lpc_chip_11exx\Debug\liblpc_chip_11exx.a(uart_11xx.o)
