Archive member included because of file (symbol)

C:\Users\Administrator\Documents\GitHub\Loopback_LPC11E36_LPCXpresso\wiznet_evb_w5500evb_board\Debug\libwiznet_evb_w5500evb_board.a(board.o)
                              ./src/W5500EVB.o (Board_LED_Set)
C:\Users\Administrator\Documents\GitHub\Loopback_LPC11E36_LPCXpresso\wiznet_evb_w5500evb_board\Debug\libwiznet_evb_w5500evb_board.a(board_sysinit.o)
                              ./src/sysinit.o (Board_SystemInit)
C:\Users\Administrator\Documents\GitHub\Loopback_LPC11E36_LPCXpresso\lpc_chip_11exx\Debug\liblpc_chip_11exx.a(chip_11xx.o)
                              ./src/W5500EVB.o (SystemCoreClockUpdate)
C:\Users\Administrator\Documents\GitHub\Loopback_LPC11E36_LPCXpresso\lpc_chip_11exx\Debug\liblpc_chip_11exx.a(clock_11xx.o)
                              C:\Users\Administrator\Documents\GitHub\Loopback_LPC11E36_LPCXpresso\wiznet_evb_w5500evb_board\Debug\libwiznet_evb_w5500evb_board.a(board_sysinit.o) (Chip_Clock_SetSystemPLLSource)
C:\Users\Administrator\Documents\GitHub\Loopback_LPC11E36_LPCXpresso\lpc_chip_11exx\Debug\liblpc_chip_11exx.a(gpio_11xx_1.o)
                              C:\Users\Administrator\Documents\GitHub\Loopback_LPC11E36_LPCXpresso\wiznet_evb_w5500evb_board\Debug\libwiznet_evb_w5500evb_board.a(board.o) (Chip_GPIO_Init)
C:\Users\Administrator\Documents\GitHub\Loopback_LPC11E36_LPCXpresso\lpc_chip_11exx\Debug\liblpc_chip_11exx.a(iocon_11xx.o)
                              ./src/PlatformHandler/spi_handler.o (Chip_IOCON_PinMuxSet)
C:\Users\Administrator\Documents\GitHub\Loopback_LPC11E36_LPCXpresso\lpc_chip_11exx\Debug\liblpc_chip_11exx.a(ssp_11xx.o)
                              ./src/w5500_init.o (Chip_SSP_WriteFrames_Blocking)
C:\Users\Administrator\Documents\GitHub\Loopback_LPC11E36_LPCXpresso\lpc_chip_11exx\Debug\liblpc_chip_11exx.a(sysctl_11xx.o)
                              C:\Users\Administrator\Documents\GitHub\Loopback_LPC11E36_LPCXpresso\wiznet_evb_w5500evb_board\Debug\libwiznet_evb_w5500evb_board.a(board_sysinit.o) (Chip_SYSCTL_PowerDown)
C:\Users\Administrator\Documents\GitHub\Loopback_LPC11E36_LPCXpresso\lpc_chip_11exx\Debug\liblpc_chip_11exx.a(uart_11xx.o)
                              C:\Users\Administrator\Documents\GitHub\Loopback_LPC11E36_LPCXpresso\wiznet_evb_w5500evb_board\Debug\libwiznet_evb_w5500evb_board.a(board.o) (Chip_UART_Init)
C:\Users\Administrator\Documents\GitHub\Loopback_LPC11E36_LPCXpresso\lpc_chip_11exx\Debug\liblpc_chip_11exx.a(ring_buffer.o)
                              C:\Users\Administrator\Documents\GitHub\Loopback_LPC11E36_LPCXpresso\lpc_chip_11exx\Debug\liblpc_chip_11exx.a(uart_11xx.o) (RingBuffer_Insert)
c:/nxp/lpcxpresso_7.2.0_153/lpcxpresso/tools/bin/../lib/gcc/arm-none-eabi/4.8.3/../../../../arm-none-eabi/lib/armv6-m\libcr_nohost.a(_cr__main.o)
                              ./src/cr_startup_lpc11exx.o (__main)
c:/nxp/lpcxpresso_7.2.0_153/lpcxpresso/tools/bin/../lib/gcc/arm-none-eabi/4.8.3/../../../../arm-none-eabi/lib/armv6-m\libcr_c.a(memcpy.o)
                              ./src/W5500EVB.o (memcpy)
c:/nxp/lpcxpresso_7.2.0_153/lpcxpresso/tools/bin/../lib/gcc/arm-none-eabi/4.8.3/../../../../arm-none-eabi/lib/armv6-m\libcr_c.a(memset.o)
                              ./src/ioLibrary/Internet/DNS/dns.o (memset)
c:/nxp/lpcxpresso_7.2.0_153/lpcxpresso/tools/bin/../lib/gcc/arm-none-eabi/4.8.3/../../../../arm-none-eabi/lib/armv6-m\libcr_c.a(fpprintf.o)
                              ./src/Application/loopback.o (printf)
c:/nxp/lpcxpresso_7.2.0_153/lpcxpresso/tools/bin/../lib/gcc/arm-none-eabi/4.8.3/../../../../arm-none-eabi/lib/armv6-m\libcr_c.a(initio.o)
                              c:/nxp/lpcxpresso_7.2.0_153/lpcxpresso/tools/bin/../lib/gcc/arm-none-eabi/4.8.3/../../../../arm-none-eabi/lib/armv6-m\libcr_nohost.a(_cr__main.o) (_initio)
c:/nxp/lpcxpresso_7.2.0_153/lpcxpresso/tools/bin/../lib/gcc/arm-none-eabi/4.8.3/../../../../arm-none-eabi/lib/armv6-m\libcr_c.a(printf.o)
                              c:/nxp/lpcxpresso_7.2.0_153/lpcxpresso/tools/bin/../lib/gcc/arm-none-eabi/4.8.3/../../../../arm-none-eabi/lib/armv6-m\libcr_c.a(fpprintf.o) (__vfprintf)
c:/nxp/lpcxpresso_7.2.0_153/lpcxpresso/tools/bin/../lib/gcc/arm-none-eabi/4.8.3/../../../../arm-none-eabi/lib/armv6-m\libcr_c.a(setvbuf.o)
                              c:/nxp/lpcxpresso_7.2.0_153/lpcxpresso/tools/bin/../lib/gcc/arm-none-eabi/4.8.3/../../../../arm-none-eabi/lib/armv6-m\libcr_c.a(initio.o) (setvbuf)
c:/nxp/lpcxpresso_7.2.0_153/lpcxpresso/tools/bin/../lib/gcc/arm-none-eabi/4.8.3/../../../../arm-none-eabi/lib/armv6-m\libcr_c.a(stdio.o)
                              c:/nxp/lpcxpresso_7.2.0_153/lpcxpresso/tools/bin/../lib/gcc/arm-none-eabi/4.8.3/../../../../arm-none-eabi/lib/armv6-m\libcr_c.a(fpprintf.o) (__Ciob)
c:/nxp/lpcxpresso_7.2.0_153/lpcxpresso/tools/bin/../lib/gcc/arm-none-eabi/4.8.3/../../../../arm-none-eabi/lib/armv6-m\libcr_c.a(strchr.o)
                              ./src/ioLibrary/Internet/DNS/dns.o (strchr)
[...]
Memory Configuration

Name             Origin             Length             Attributes
MFlash96         0x00000000         0x00018000         xr
RamLoc8          0x10000000         0x00002000         xrw
RamPeriph2       0x20000000         0x00000800         xrw
SRAM1_2          0x20004000         0x00000800         xrw
*default*        0x00000000         0xffffffff

Linker script and memory map

LOAD ./src/ioLibrary/Internet/DNS/dns.o
LOAD ./src/ioLibrary/Internet/DHCP/dhcp.o
LOAD ./src/ioLibrary/Ethernet/W5500/w5500.o
LOAD ./src/ioLibrary/Ethernet/socket.o
LOAD ./src/ioLibrary/Ethernet/wizchip_conf.o
LOAD ./src/PlatformHandler/spi_handler.o
LOAD ./src/Application/loopback.o
LOAD ./src/W5500EVB.o
LOAD ./src/aeabi_romdiv_patch.o
LOAD ./src/cr_startup_lpc11exx.o
LOAD ./src/crp.o
LOAD ./src/sysinit.o
LOAD ./src/w5500_init.o
LOAD C:\Users\Administrator\Documents\GitHub\Loopback_LPC11E36_LPCXpresso\wiznet_evb_w5500evb_board\Debug\libwiznet_evb_w5500evb_board.a
LOAD C:\Users\Administrator\Documents\GitHub\Loopback_LPC11E36_LPCXpresso\lpc_chip_11exx\Debug\liblpc_chip_11exx.a
START GROUP
LOAD c:/nxp/lpcxpresso_7.2.0_153/lpcxpresso/tools/bin/../lib/gcc/arm-none-eabi/4.8.3/../../../../arm-none-eabi/lib/armv6-m\libcr_nohost.a
LOAD c:/nxp/lpcxpresso_7.2.0_153/lpcxpresso/tools/bin/../lib/gcc/arm-none-eabi/4.8.3/../../../../arm-none-eabi/lib/armv6-m\libcr_c.a
LOAD c:/nxp/lpcxpresso_7.2.0_153/lpcxpresso/tools/bin/../lib/gcc/arm-none-eabi/4.8.3/armv6-m\libcr_eabihelpers.a
END GROUP
                0x00018000                __top_MFlash96 = 0x18000
                0x10002000                __top_RamLoc8 = 0x10002000
                0x20000800                __top_RamPeriph2 = 0x20000800
                0x20004800                __top_SRAM1_2 = 0x20004800

.text           0x00000000     0x4c40
 FILL mask 0xff
                0x00000000                __vectors_start__ = ABSOLUTE (.)
 *(.isr_vector)
 .isr_vector    0x00000000       0xc0 ./src/cr_startup_lpc11exx.o
                0x00000000                g_pfnVectors
                0x000000c0                . = ALIGN (0x4)
                0x000000c0                __section_table_start = .
                0x000000c0                __data_section_table = .
                0x000000c0        0x4 LONG 0x4c40 LOADADDR (.data)
                0x000000c4        0x4 LONG 0x10000000 ADDR (.data)
                0x000000c8        0x4 LONG 0x24 SIZEOF (.data)
                0x000000cc        0x4 LONG 0x4c40 LOADADDR (.data_RAM2)
                0x000000d0        0x4 LONG 0x20000000 ADDR (.data_RAM2)
                0x000000d4        0x4 LONG 0x0 SIZEOF (.data_RAM2)
                0x000000d8        0x4 LONG 0x4c40 LOADADDR (.data_RAM3)
                0x000000dc        0x4 LONG 0x20004000 ADDR (.data_RAM3)
                0x000000e0        0x4 LONG 0x0 SIZEOF (.data_RAM3)
                0x000000e4                __data_section_table_end = .
                0x000000e4                __bss_section_table = .
                0x000000e4        0x4 LONG 0x10000024 ADDR (.bss)
                0x000000e8        0x4 LONG 0x214 SIZEOF (.bss)
                0x000000ec        0x4 LONG 0x20000000 ADDR (.bss_RAM2)
                0x000000f0        0x4 LONG 0x0 SIZEOF (.bss_RAM2)
                0x000000f4        0x4 LONG 0x20004000 ADDR (.bss_RAM3)
                0x000000f8        0x4 LONG 0x0 SIZEOF (.bss_RAM3)
                0x000000fc                __bss_section_table_end = .
                0x000000fc                __section_table_end = .
 *(.after_vectors*)
 .after_vectors
                0x000000fc       0xbc ./src/cr_startup_lpc11exx.o
                0x000000fc                NMI_Handler
                0x00000100                HardFault_Handler
                0x00000104                SVC_Handler
                0x00000108                PendSV_Handler
                0x0000010c                SysTick_Handler
                0x00000110                UART_IRQHandler
                0x00000110                TIMER32_0_IRQHandler
                0x00000110                FLEX_INT7_IRQHandler
                0x00000110                FMC_IRQHandler
                0x00000110                TIMER32_1_IRQHandler
                0x00000110                FLEX_INT1_IRQHandler
                0x00000110                IntDefaultHandler
                0x00000110                SSP0_IRQHandler
                0x00000110                FLEX_INT6_IRQHandler
                0x00000110                FLEX_INT0_IRQHandler
                0x00000110                FLEX_INT2_IRQHandler
                0x00000110                TIMER16_1_IRQHandler
                0x00000110                FLEX_INT5_IRQHandler
                0x00000110                ADC_IRQHandler
                0x00000110                SSP1_IRQHandler
                0x00000110                FLEX_INT3_IRQHandler
                0x00000110                BOD_IRQHandler
                0x00000110                I2C_IRQHandler
                0x00000110                WDT_IRQHandler
                0x00000110                TIMER16_0_IRQHandler
                0x00000110                GINT0_IRQHandler
                0x00000110                FLEX_INT4_IRQHandler
                0x00000110                GINT1_IRQHandler
                0x00000114                data_init
                0x0000012c                bss_init
                0x00000140                ResetISR
                0x000002fc                . = 0x2fc
 *fill*         0x000001b8      0x144 ff
                0x000002fc                PROVIDE (__CRP_WORD_START__, .)
 *(.crp)
 .crp           0x000002fc        0x4 ./src/crp.o
                0x000002fc                CRP_WORD
                0x00000300                PROVIDE (__CRP_WORD_END__, .)
                0x00000001                ASSERT (! ((__CRP_WORD_START__ == __CRP_WORD_END__)), Linker CRP Enabled, but no CRP_WORD provided within application)
 *(.text*)
 .text.get16    0x00000300        0xc ./src/ioLibrary/Internet/DNS/dns.o
                0x00000300                get16
 .text.put16    0x0000030c        0xc ./src/ioLibrary/Internet/DNS/dns.o
                0x0000030c                put16
 .text.parse_name
                0x00000318       0xb0 ./src/ioLibrary/Internet/DNS/dns.o
                0x00000318                parse_name
 .text.dns_question
                0x000003c8       0x20 ./src/ioLibrary/Internet/DNS/dns.o
                0x000003c8                dns_question
 .text.dns_answer
                0x000003e8       0xc4 ./src/ioLibrary/Internet/DNS/dns.o
                0x000003e8                dns_answer
 .text.parseDNSMSG
                0x000004ac       0xdc ./src/ioLibrary/Internet/DNS/dns.o
                0x000004ac                parseDNSMSG
 .text.dns_makequery
                0x00000588       0xcc ./src/ioLibrary/Internet/DNS/dns.o
                0x00000588                dns_makequery
 .text.check_DNS_timeout
                0x00000654       0x34 ./src/ioLibrary/Internet/DNS/dns.o
                0x00000654                check_DNS_timeout
 .text.DNS_init
                0x00000688       0x20 ./src/ioLibrary/Internet/DNS/dns.o
                0x00000688                DNS_init
 .text.DNS_run  0x000006a8       0xb4 ./src/ioLibrary/Internet/DNS/dns.o
                0x000006a8                DNS_run
 .text.WIZCHIP_READ
                0x0000075c       0x3c ./src/ioLibrary/Ethernet/W5500/w5500.o
                0x0000075c                WIZCHIP_READ
 .text.WIZCHIP_WRITE
                0x00000798       0x40 ./src/ioLibrary/Ethernet/W5500/w5500.o
                0x00000798                WIZCHIP_WRITE
 .text.WIZCHIP_READ_BUF
                0x000007d8       0x58 ./src/ioLibrary/Ethernet/W5500/w5500.o
                0x000007d8                WIZCHIP_READ_BUF
 .text.WIZCHIP_WRITE_BUF
                0x00000830       0x5c ./src/ioLibrary/Ethernet/W5500/w5500.o
                0x00000830                WIZCHIP_WRITE_BUF
 .text.getSn_TX_FSR
                0x0000088c       0x48 ./src/ioLibrary/Ethernet/W5500/w5500.o
                0x0000088c                getSn_TX_FSR
 .text.getSn_RX_RSR
                0x000008d4       0x48 ./src/ioLibrary/Ethernet/W5500/w5500.o
                0x000008d4                getSn_RX_RSR
 .text.wiz_send_data
                0x0000091c       0x70 ./src/ioLibrary/Ethernet/W5500/w5500.o
                0x0000091c                wiz_send_data
 .text.wiz_recv_data
                0x0000098c       0x70 ./src/ioLibrary/Ethernet/W5500/w5500.o
                0x0000098c                wiz_recv_data
 .text.wiz_recv_ignore
                0x000009fc       0x3c ./src/ioLibrary/Ethernet/W5500/w5500.o
                0x000009fc                wiz_recv_ignore
 .text.close    0x00000a38       0x70 ./src/ioLibrary/Ethernet/socket.o
                0x00000a38                close
 .text.socket   0x00000aa8      0x130 ./src/ioLibrary/Ethernet/socket.o
                0x00000aa8                socket
 .text.sendto   0x00000bd8      0x16c ./src/ioLibrary/Ethernet/socket.o
                0x00000bd8                sendto
 .text.recvfrom
                0x00000d44      0x20c ./src/ioLibrary/Ethernet/socket.o
                0x00000d44                recvfrom
 .text.wizchip_cris_enter
                0x00000f50        0x4 ./src/ioLibrary/Ethernet/wizchip_conf.o
                0x00000f50                wizchip_cris_enter
 .text.wizchip_cris_exit
                0x00000f54        0x4 ./src/ioLibrary/Ethernet/wizchip_conf.o
                0x00000f54                wizchip_cris_exit
 .text.wizchip_cs_select
                0x00000f58        0x4 ./src/ioLibrary/Ethernet/wizchip_conf.o
                0x00000f58                wizchip_cs_select
 .text.wizchip_cs_deselect
                0x00000f5c        0x4 ./src/ioLibrary/Ethernet/wizchip_conf.o
                0x00000f5c                wizchip_cs_deselect
 .text.wizchip_bus_readbyte
                0x00000f60        0x8 ./src/ioLibrary/Ethernet/wizchip_conf.o
                0x00000f60                wizchip_bus_readbyte
 .text.wizchip_bus_writebyte
                0x00000f68        0x4 ./src/ioLibrary/Ethernet/wizchip_conf.o
                0x00000f68                wizchip_bus_writebyte
 .text.wizchip_spi_readbyte
                0x00000f6c        0x4 ./src/ioLibrary/Ethernet/wizchip_conf.o
                0x00000f6c                wizchip_spi_readbyte
 .text.wizchip_spi_writebyte
                0x00000f70        0x4 ./src/ioLibrary/Ethernet/wizchip_conf.o
                0x00000f70                wizchip_spi_writebyte
 .text.reg_wizchip_cs_cbfunc
                0x00000f74       0x28 ./src/ioLibrary/Ethernet/wizchip_conf.o
                0x00000f74                reg_wizchip_cs_cbfunc
 .text.reg_wizchip_spi_cbfunc
                0x00000f9c       0x38 ./src/ioLibrary/Ethernet/wizchip_conf.o
                0x00000f9c                reg_wizchip_spi_cbfunc
 .text.wizchip_sw_reset
                0x00000fd4       0x78 ./src/ioLibrary/Ethernet/wizchip_conf.o
                0x00000fd4                wizchip_sw_reset
 .text.wizchip_init
                0x0000104c       0xa0 ./src/ioLibrary/Ethernet/wizchip_conf.o
                0x0000104c                wizchip_init
 .text.wizchip_clrinterrupt
                0x000010ec       0x1c ./src/ioLibrary/Ethernet/wizchip_conf.o
                0x000010ec                wizchip_clrinterrupt
 .text.wizchip_getinterrupt
                0x00001108       0x24 ./src/ioLibrary/Ethernet/wizchip_conf.o
                0x00001108                wizchip_getinterrupt
 .text.wizchip_setinterruptmask
                0x0000112c       0x1c ./src/ioLibrary/Ethernet/wizchip_conf.o
                0x0000112c                wizchip_setinterruptmask
 .text.wizchip_getinterruptmask
                0x00001148       0x1c ./src/ioLibrary/Ethernet/wizchip_conf.o
                0x00001148                wizchip_getinterruptmask
 .text.wizphy_getphylink
                0x00001164       0x10 ./src/ioLibrary/Ethernet/wizchip_conf.o
                0x00001164                wizphy_getphylink
 .text.wizphy_getphypmode
                0x00001174       0x18 ./src/ioLibrary/Ethernet/wizchip_conf.o
                0x00001174                wizphy_getphypmode
 .text.wizphy_reset
                0x0000118c       0x2c ./src/ioLibrary/Ethernet/wizchip_conf.o
                0x0000118c                wizphy_reset
 .text.wizphy_setphyconf
                0x000011b8       0x48 ./src/ioLibrary/Ethernet/wizchip_conf.o
                0x000011b8                wizphy_setphyconf
 .text.wizphy_getphyconf
                0x00001200       0x58 ./src/ioLibrary/Ethernet/wizchip_conf.o
                0x00001200                wizphy_getphyconf
 .text.wizphy_setphypmode
                0x00001258       0x5c ./src/ioLibrary/Ethernet/wizchip_conf.o
                0x00001258                wizphy_setphypmode
 .text.ctlwizchip
                0x000012b4      0x110 ./src/ioLibrary/Ethernet/wizchip_conf.o
                0x000012b4                ctlwizchip
 .text.wizchip_setnetinfo
                0x000013c4       0x5c ./src/ioLibrary/Ethernet/wizchip_conf.o
                0x000013c4                wizchip_setnetinfo
 .text.wizchip_getnetinfo
                0x00001420       0x5c ./src/ioLibrary/Ethernet/wizchip_conf.o
                0x00001420                wizchip_getnetinfo
 .text.wizchip_setnetmode
                0x0000147c       0x28 ./src/ioLibrary/Ethernet/wizchip_conf.o
                0x0000147c                wizchip_setnetmode
 .text.wizchip_getnetmode
                0x000014a4        0xc ./src/ioLibrary/Ethernet/wizchip_conf.o
                0x000014a4                wizchip_getnetmode
 .text.wizchip_settimeout
                0x000014b0       0x28 ./src/ioLibrary/Ethernet/wizchip_conf.o
                0x000014b0                wizchip_settimeout
 .text.wizchip_gettimeout
                0x000014d8       0x28 ./src/ioLibrary/Ethernet/wizchip_conf.o
                0x000014d8                wizchip_gettimeout
 .text.ctlnetwork
                0x00001500       0x54 ./src/ioLibrary/Ethernet/wizchip_conf.o
                0x00001500                ctlnetwork
 .text.Init_SSP_PinMux
                0x00001554       0x58 ./src/PlatformHandler/spi_handler.o
 .text.SPI_Init
                0x000015ac       0x3c ./src/PlatformHandler/spi_handler.o
                0x000015ac                SPI_Init
 .text.main     0x000015e8       0x5c ./src/W5500EVB.o
                0x000015e8                main
 .text.__aeabi_idiv
                0x00001644       0x10 ./src/aeabi_romdiv_patch.o
                0x00001644                __aeabi_idivmod
                0x00001644                __aeabi_idiv
 .text.__aeabi_uidiv
                0x00001654       0x10 ./src/aeabi_romdiv_patch.o
                0x00001654                __aeabi_uidivmod
                0x00001654                __aeabi_uidiv
 .text.SystemInit
                0x00001664        0x8 ./src/sysinit.o
                0x00001664                SystemInit
 .text.wizchip_select
                0x0000166c        0xc ./src/w5500_init.o
 .text.wizchip_deselect
                0x00001678        0xc ./src/w5500_init.o
 .text.wizchip_write
                0x00001684       0x1c ./src/w5500_init.o
 .text.wizchip_read
                0x000016a0       0x1c ./src/w5500_init.o
 .text.delay_cnt
                0x000016bc       0x18 ./src/w5500_init.o
                0x000016bc                delay_cnt
 .text.display_net_info
                0x000016d4       0x80 ./src/w5500_init.o
                0x000016d4                display_net_info
 .text.Net_Conf
                0x00001754       0x60 ./src/w5500_init.o
                0x00001754                Net_Conf
 .text.W5500_Init
                0x000017b4       0x70 ./src/w5500_init.o
                0x000017b4                W5500_Init
 .text.Board_LED_Init
                0x00001824       0x4c C:\Users\Administrator\Documents\GitHub\Loopback_LPC11E36_LPCXpresso\wiznet_evb_w5500evb_board\Debug\libwiznet_evb_w5500evb_board.a(board.o)
 .text.Board_UARTPutChar
                0x00001870       0x1c C:\Users\Administrator\Documents\GitHub\Loopback_LPC11E36_LPCXpresso\wiznet_evb_w5500evb_board\Debug\libwiznet_evb_w5500evb_board.a(board.o)
                0x00001870                Board_UARTPutChar
 .text.__sys_write
                0x0000188c       0x1c C:\Users\Administrator\Documents\GitHub\Loopback_LPC11E36_LPCXpresso\wiznet_evb_w5500evb_board\Debug\libwiznet_evb_w5500evb_board.a(board.o)
                0x0000188c                __sys_write
 .text.Board_Debug_Init
                0x000018a8       0x44 C:\Users\Administrator\Documents\GitHub\Loopback_LPC11E36_LPCXpresso\wiznet_evb_w5500evb_board\Debug\libwiznet_evb_w5500evb_board.a(board.o)
                0x000018a8                Board_Debug_Init
 .text.Board_LED_Set
                0x000018ec       0x24 C:\Users\Administrator\Documents\GitHub\Loopback_LPC11E36_LPCXpresso\wiznet_evb_w5500evb_board\Debug\libwiznet_evb_w5500evb_board.a(board.o)
                0x000018ec                Board_LED_Set
 .text.Board_Init
                0x00001910       0x2c C:\Users\Administrator\Documents\GitHub\Loopback_LPC11E36_LPCXpresso\wiznet_evb_w5500evb_board\Debug\libwiznet_evb_w5500evb_board.a(board.o)
                0x00001910                Board_Init
 .text.SystemSetupClocking
                0x0000193c       0x64 C:\Users\Administrator\Documents\GitHub\Loopback_LPC11E36_LPCXpresso\wiznet_evb_w5500evb_board\Debug\libwiznet_evb_w5500evb_board.a(board_sysinit.o)
 .text.SystemSetupMuxing
                0x000019a0       0x3c C:\Users\Administrator\Documents\GitHub\Loopback_LPC11E36_LPCXpresso\wiznet_evb_w5500evb_board\Debug\libwiznet_evb_w5500evb_board.a(board_sysinit.o)
 .text.Board_SystemInit
                0x000019dc       0x20 C:\Users\Administrator\Documents\GitHub\Loopback_LPC11E36_LPCXpresso\wiznet_evb_w5500evb_board\Debug\libwiznet_evb_w5500evb_board.a(board_sysinit.o)
                0x000019dc                Board_SystemInit
 .text.SystemCoreClockUpdate
                0x000019fc       0x10 C:\Users\Administrator\Documents\GitHub\Loopback_LPC11E36_LPCXpresso\lpc_chip_11exx\Debug\liblpc_chip_11exx.a(chip_11xx.o)
                0x000019fc                SystemCoreClockUpdate
 .text.Chip_Clock_GetWDTLFORate
                0x00001a0c       0x20 C:\Users\Administrator\Documents\GitHub\Loopback_LPC11E36_LPCXpresso\lpc_chip_11exx\Debug\liblpc_chip_11exx.a(clock_11xx.o)
 .text.Chip_Clock_GetPLLFreq
                0x00001a2c        0xc C:\Users\Administrator\Documents\GitHub\Loopback_LPC11E36_LPCXpresso\lpc_chip_11exx\Debug\liblpc_chip_11exx.a(clock_11xx.o)
 .text.Chip_Clock_SetSystemPLLSource
                0x00001a38       0x14 C:\Users\Administrator\Documents\GitHub\Loopback_LPC11E36_LPCXpresso\lpc_chip_11exx\Debug\liblpc_chip_11exx.a(clock_11xx.o)
                0x00001a38                Chip_Clock_SetSystemPLLSource
 .text.Chip_Clock_SetMainClockSource
                0x00001a4c       0x14 C:\Users\Administrator\Documents\GitHub\Loopback_LPC11E36_LPCXpresso\lpc_chip_11exx\Debug\liblpc_chip_11exx.a(clock_11xx.o)
                0x00001a4c                Chip_Clock_SetMainClockSource
 .text.Chip_Clock_GetWDTOSCRate
                0x00001a60       0x10 C:\Users\Administrator\Documents\GitHub\Loopback_LPC11E36_LPCXpresso\lpc_chip_11exx\Debug\liblpc_chip_11exx.a(clock_11xx.o)
                0x00001a60                Chip_Clock_GetWDTOSCRate
 .text.Chip_Clock_GetSystemPLLInClockRate
                0x00001a70       0x2c C:\Users\Administrator\Documents\GitHub\Loopback_LPC11E36_LPCXpresso\lpc_chip_11exx\Debug\liblpc_chip_11exx.a(clock_11xx.o)
                0x00001a70                Chip_Clock_GetSystemPLLInClockRate
 .text.Chip_Clock_GetSystemPLLOutClockRate
                0x00001a9c       0x18 C:\Users\Administrator\Documents\GitHub\Loopback_LPC11E36_LPCXpresso\lpc_chip_11exx\Debug\liblpc_chip_11exx.a(clock_11xx.o)
                0x00001a9c                Chip_Clock_GetSystemPLLOutClockRate
 .text.Chip_Clock_GetMainClockRate
                0x00001ab4       0x40 C:\Users\Administrator\Documents\GitHub\Loopback_LPC11E36_LPCXpresso\lpc_chip_11exx\Debug\liblpc_chip_11exx.a(clock_11xx.o)
                0x00001ab4                Chip_Clock_GetMainClockRate
 .text.Chip_Clock_GetSystemClockRate
                0x00001af4       0x14 C:\Users\Administrator\Documents\GitHub\Loopback_LPC11E36_LPCXpresso\lpc_chip_11exx\Debug\liblpc_chip_11exx.a(clock_11xx.o)
                0x00001af4                Chip_Clock_GetSystemClockRate
 .text.Chip_GPIO_Init
                0x00001b08       0x14 C:\Users\Administrator\Documents\GitHub\Loopback_LPC11E36_LPCXpresso\lpc_chip_11exx\Debug\liblpc_chip_11exx.a(gpio_11xx_1.o)
                0x00001b08                Chip_GPIO_Init
 .text.Chip_IOCON_PinMuxSet
                0x00001b1c       0x14 C:\Users\Administrator\Documents\GitHub\Loopback_LPC11E36_LPCXpresso\lpc_chip_11exx\Debug\liblpc_chip_11exx.a(iocon_11xx.o)
                0x00001b1c                Chip_IOCON_PinMuxSet
 .text.Chip_SSP_GetClockIndex
                0x00001b30       0x14 C:\Users\Administrator\Documents\GitHub\Loopback_LPC11E36_LPCXpresso\lpc_chip_11exx\Debug\liblpc_chip_11exx.a(ssp_11xx.o)
 .text.Chip_SSP_GetResetIndex
                0x00001b44       0x10 C:\Users\Administrator\Documents\GitHub\Loopback_LPC11E36_LPCXpresso\lpc_chip_11exx\Debug\liblpc_chip_11exx.a(ssp_11xx.o)
 .text.Chip_SSP_SetSSPClkDivider
                0x00001b54       0x20 C:\Users\Administrator\Documents\GitHub\Loopback_LPC11E36_LPCXpresso\lpc_chip_11exx\Debug\liblpc_chip_11exx.a(ssp_11xx.o)
 .text.Chip_SSP_GetPCLKkRate
                0x00001b74       0x30 C:\Users\Administrator\Documents\GitHub\Loopback_LPC11E36_LPCXpresso\lpc_chip_11exx\Debug\liblpc_chip_11exx.a(ssp_11xx.o)
 .text.Chip_SSP_SetClockRate
                0x00001ba4       0x18 C:\Users\Administrator\Documents\GitHub\Loopback_LPC11E36_LPCXpresso\lpc_chip_11exx\Debug\liblpc_chip_11exx.a(ssp_11xx.o)
                0x00001ba4                Chip_SSP_SetClockRate
 .text.Chip_SSP_WriteFrames_Blocking
                0x00001bbc       0xb8 C:\Users\Administrator\Documents\GitHub\Loopback_LPC11E36_LPCXpresso\lpc_chip_11exx\Debug\liblpc_chip_11exx.a(ssp_11xx.o)
                0x00001bbc                Chip_SSP_WriteFrames_Blocking
 .text.Chip_SSP_ReadFrames_Blocking
                0x00001c74       0xd0 C:\Users\Administrator\Documents\GitHub\Loopback_LPC11E36_LPCXpresso\lpc_chip_11exx\Debug\liblpc_chip_11exx.a(ssp_11xx.o)
                0x00001c74                Chip_SSP_ReadFrames_Blocking
 .text.Chip_SSP_SetMaster
                0x00001d44       0x18 C:\Users\Administrator\Documents\GitHub\Loopback_LPC11E36_LPCXpresso\lpc_chip_11exx\Debug\liblpc_chip_11exx.a(ssp_11xx.o)
                0x00001d44                Chip_SSP_SetMaster
 .text.Chip_SSP_SetBitRate
                0x00001d5c       0x54 C:\Users\Administrator\Documents\GitHub\Loopback_LPC11E36_LPCXpresso\lpc_chip_11exx\Debug\liblpc_chip_11exx.a(ssp_11xx.o)
                0x00001d5c                Chip_SSP_SetBitRate
 .text.Chip_SSP_Init
                0x00001db0       0x5c C:\Users\Administrator\Documents\GitHub\Loopback_LPC11E36_LPCXpresso\lpc_chip_11exx\Debug\liblpc_chip_11exx.a(ssp_11xx.o)
                0x00001db0                Chip_SSP_Init
 .text.Chip_SYSCTL_PowerDown
                0x00001e0c       0x1c C:\Users\Administrator\Documents\GitHub\Loopback_LPC11E36_LPCXpresso\lpc_chip_11exx\Debug\liblpc_chip_11exx.a(sysctl_11xx.o)
                0x00001e0c                Chip_SYSCTL_PowerDown
 .text.Chip_SYSCTL_PowerUp
                0x00001e28       0x24 C:\Users\Administrator\Documents\GitHub\Loopback_LPC11E36_LPCXpresso\lpc_chip_11exx\Debug\liblpc_chip_11exx.a(sysctl_11xx.o)
                0x00001e28                Chip_SYSCTL_PowerUp
 .text.Chip_UART_Init
                0x00001e4c       0x28 C:\Users\Administrator\Documents\GitHub\Loopback_LPC11E36_LPCXpresso\lpc_chip_11exx\Debug\liblpc_chip_11exx.a(uart_11xx.o)
                0x00001e4c                Chip_UART_Init
 .text.Chip_UART_Send
                0x00001e74       0x20 C:\Users\Administrator\Documents\GitHub\Loopback_LPC11E36_LPCXpresso\lpc_chip_11exx\Debug\liblpc_chip_11exx.a(uart_11xx.o)
                0x00001e74                Chip_UART_Send
 .text.Chip_UART_SendBlocking
                0x00001e94       0x24 C:\Users\Administrator\Documents\GitHub\Loopback_LPC11E36_LPCXpresso\lpc_chip_11exx\Debug\liblpc_chip_11exx.a(uart_11xx.o)
                0x00001e94                Chip_UART_SendBlocking
 .text.Chip_UART_SetBaud
                0x00001eb8       0x3c C:\Users\Administrator\Documents\GitHub\Loopback_LPC11E36_LPCXpresso\lpc_chip_11exx\Debug\liblpc_chip_11exx.a(uart_11xx.o)
                0x00001eb8                Chip_UART_SetBaud
 .text.__main   0x00001ef4       0x12 c:/nxp/lpcxpresso_7.2.0_153/lpcxpresso/tools/bin/../lib/gcc/arm-none-eabi/4.8.3/../../../../arm-none-eabi/lib/armv6-m\libcr_nohost.a(_cr__main.o)
                0x00001ef4                __main
 .text.memcpy   0x00001f06        0x8 c:/nxp/lpcxpresso_7.2.0_153/lpcxpresso/tools/bin/../lib/gcc/arm-none-eabi/4.8.3/../../../../arm-none-eabi/lib/armv6-m\libcr_c.a(memcpy.o)
                0x00001f06                memcpy
 .text.memset   0x00001f0e        0x8 c:/nxp/lpcxpresso_7.2.0_153/lpcxpresso/tools/bin/../lib/gcc/arm-none-eabi/4.8.3/../../../../arm-none-eabi/lib/armv6-m\libcr_c.a(memset.o)
                0x00001f0e                memset
 .text.fp_round
                0x00001f16       0x48 c:/nxp/lpcxpresso_7.2.0_153/lpcxpresso/tools/bin/../lib/gcc/arm-none-eabi/4.8.3/../../../../arm-none-eabi/lib/armv6-m\libcr_c.a(fpprintf.o)
 .text.pr_dec.constprop.1
                0x00001f5e       0x28 c:/nxp/lpcxpresso_7.2.0_153/lpcxpresso/tools/bin/../lib/gcc/arm-none-eabi/4.8.3/../../../../arm-none-eabi/lib/armv6-m\libcr_c.a(fpprintf.o)
 *fill*         0x00001f86        0x2 
 .text.sprintf  0x00001f88       0x70 c:/nxp/lpcxpresso_7.2.0_153/lpcxpresso/tools/bin/../lib/gcc/arm-none-eabi/4.8.3/../../../../arm-none-eabi/lib/armv6-m\libcr_c.a(fpprintf.o)
                0x00001f88                sprintf
 .text.fp_display
                0x00001ff8      0x980 c:/nxp/lpcxpresso_7.2.0_153/lpcxpresso/tools/bin/../lib/gcc/arm-none-eabi/4.8.3/../../../../arm-none-eabi/lib/armv6-m\libcr_c.a(fpprintf.o)
 .text.vsnprintf
                0x00002978       0x5c c:/nxp/lpcxpresso_7.2.0_153/lpcxpresso/tools/bin/../lib/gcc/arm-none-eabi/4.8.3/../../../../arm-none-eabi/lib/armv6-m\libcr_c.a(fpprintf.o)
                0x00002978                vsnprintf
 .text.printf   0x000029d4       0x50 c:/nxp/lpcxpresso_7.2.0_153/lpcxpresso/tools/bin/../lib/gcc/arm-none-eabi/4.8.3/../../../../arm-none-eabi/lib/armv6-m\libcr_c.a(fpprintf.o)
                0x000029d4                printf
 .text._initio  0x00002a24       0xa4 c:/nxp/lpcxpresso_7.2.0_153/lpcxpresso/tools/bin/../lib/gcc/arm-none-eabi/4.8.3/../../../../arm-none-eabi/lib/armv6-m\libcr_c.a(initio.o)
                0x00002a24                _initio
 .text.__vfprintf
                0x00002ac8      0xd4c c:/nxp/lpcxpresso_7.2.0_153/lpcxpresso/tools/bin/../lib/gcc/arm-none-eabi/4.8.3/../../../../arm-none-eabi/lib/armv6-m\libcr_c.a(printf.o)
                0x00002ac8                __vfprintf
 .text.setvbuf  0x00003814       0x48 c:/nxp/lpcxpresso_7.2.0_153/lpcxpresso/tools/bin/../lib/gcc/arm-none-eabi/4.8.3/../../../../arm-none-eabi/lib/armv6-m\libcr_c.a(setvbuf.o)
                0x00003814                setvbuf
 .text.strchr   0x0000385c       0x14 c:/nxp/lpcxpresso_7.2.0_153/lpcxpresso/tools/bin/../lib/gcc/arm-none-eabi/4.8.3/../../../../arm-none-eabi/lib/armv6-m\libcr_c.a(strchr.o)
                0x0000385c                strchr
 .text.strcpy   0x00003870       0x44 c:/nxp/lpcxpresso_7.2.0_153/lpcxpresso/tools/bin/../lib/gcc/arm-none-eabi/4.8.3/../../../../arm-none-eabi/lib/armv6-m\libcr_c.a(strcpy.o)
                0x00003870                strcpy
 .text.strlen   0x000038b4       0x54 c:/nxp/lpcxpresso_7.2.0_153/lpcxpresso/tools/bin/../lib/gcc/arm-none-eabi/4.8.3/../../../../arm-none-eabi/lib/armv6-m\libcr_c.a(strlen.o)
                0x000038b4                strlen
 .text.strncpy  0x00003908       0x58 c:/nxp/lpcxpresso_7.2.0_153/lpcxpresso/tools/bin/../lib/gcc/arm-none-eabi/4.8.3/../../../../arm-none-eabi/lib/armv6-m\libcr_c.a(strncpy.o)
                0x00003908                strncpy
 .text._deferredlazyseek
                0x00003960       0x44 c:/nxp/lpcxpresso_7.2.0_153/lpcxpresso/tools/bin/../lib/gcc/arm-none-eabi/4.8.3/../../../../arm-none-eabi/lib/armv6-m\libcr_c.a(_deferredlazyseek.o)
                0x00003960                _deferredlazyseek
 .text.__flsbuf
                0x000039a4      0x154 c:/nxp/lpcxpresso_7.2.0_153/lpcxpresso/tools/bin/../lib/gcc/arm-none-eabi/4.8.3/../../../../arm-none-eabi/lib/armv6-m\libcr_c.a(_deferredlazyseek.o)
                0x000039a4                __flsbuf
 .text._fdopen  0x00003af8       0x68 c:/nxp/lpcxpresso_7.2.0_153/lpcxpresso/tools/bin/../lib/gcc/arm-none-eabi/4.8.3/../../../../arm-none-eabi/lib/armv6-m\libcr_c.a(_fdopen.o)
                0x00003af8                _fdopen
 .text._fflush  0x00003b60       0x64 c:/nxp/lpcxpresso_7.2.0_153/lpcxpresso/tools/bin/../lib/gcc/arm-none-eabi/4.8.3/../../../../arm-none-eabi/lib/armv6-m\libcr_c.a(_fflush.o)
                0x00003b60                _fflush
 *fill*         0x00003bc4        0x4 
 .text._frexpl  0x00003bc8       0x80 c:/nxp/lpcxpresso_7.2.0_153/lpcxpresso/tools/bin/../lib/gcc/arm-none-eabi/4.8.3/../../../../arm-none-eabi/lib/armv6-m\libcr_c.a(_frexpl.o)
                0x00003bc8                _frexpl
 .text._ldexpl  0x00003c48       0x60 c:/nxp/lpcxpresso_7.2.0_153/lpcxpresso/tools/bin/../lib/gcc/arm-none-eabi/4.8.3/../../../../arm-none-eabi/lib/armv6-m\libcr_c.a(_ldexpl.o)
                0x00003c48                _ldexpl
 .text._Cwritebuf
                0x00003ca8       0x6c c:/nxp/lpcxpresso_7.2.0_153/lpcxpresso/tools/bin/../lib/gcc/arm-none-eabi/4.8.3/../../../../arm-none-eabi/lib/armv6-m\libcr_c.a(_writebuf.o)
                0x00003ca8                _Cwritebuf
 .text.malloc   0x00003d14       0xc0 c:/nxp/lpcxpresso_7.2.0_153/lpcxpresso/tools/bin/../lib/gcc/arm-none-eabi/4.8.3/../../../../arm-none-eabi/lib/armv6-m\libcr_c.a(alloc.o)
                0x00003d14                malloc
 .text.free     0x00003dd4        0xe c:/nxp/lpcxpresso_7.2.0_153/lpcxpresso/tools/bin/../lib/gcc/arm-none-eabi/4.8.3/../../../../arm-none-eabi/lib/armv6-m\libcr_c.a(alloc.o)
                0x00003dd4                free
 *fill*         0x00003de2        0x2 
 .text._Csys_alloc
                0x00003de4       0x20 c:/nxp/lpcxpresso_7.2.0_153/lpcxpresso/tools/bin/../lib/gcc/arm-none-eabi/4.8.3/../../../../arm-none-eabi/lib/armv6-m\libcr_c.a(alloc.o)
                0x00003de4                _Csys_alloc
 .text.fclose   0x00003e04       0x70 c:/nxp/lpcxpresso_7.2.0_153/lpcxpresso/tools/bin/../lib/gcc/arm-none-eabi/4.8.3/../../../../arm-none-eabi/lib/armv6-m\libcr_c.a(fclose.o)
                0x00003e04                fclose
 .text.fflush   0x00003e74       0x34 c:/nxp/lpcxpresso_7.2.0_153/lpcxpresso/tools/bin/../lib/gcc/arm-none-eabi/4.8.3/../../../../arm-none-eabi/lib/armv6-m\libcr_c.a(fflush.o)
                0x00003e74                fflush
 .text.fseek    0x00003ea8       0xf8 c:/nxp/lpcxpresso_7.2.0_153/lpcxpresso/tools/bin/../lib/gcc/arm-none-eabi/4.8.3/../../../../arm-none-eabi/lib/armv6-m\libcr_c.a(fseek.o)
                0x00003ea8                fseek
 .text.ftell    0x00003fa0       0x4c c:/nxp/lpcxpresso_7.2.0_153/lpcxpresso/tools/bin/../lib/gcc/arm-none-eabi/4.8.3/../../../../arm-none-eabi/lib/armv6-m\libcr_c.a(ftell.o)
                0x00003fa0                ftell
 .text.remove   0x00003fec       0x12 c:/nxp/lpcxpresso_7.2.0_153/lpcxpresso/tools/bin/../lib/gcc/arm-none-eabi/4.8.3/../../../../arm-none-eabi/lib/armv6-m\libcr_c.a(remove.o)
                0x00003fec                remove
 *fill*         0x00003ffe        0x2 
 .text._sbrk    0x00004000       0x40 c:/nxp/lpcxpresso_7.2.0_153/lpcxpresso/tools/bin/../lib/gcc/arm-none-eabi/4.8.3/../../../../arm-none-eabi/lib/armv6-m\libcr_c.a(_cr_sbrk.o)
                0x00004000                _sbrk
 .text._do_fflush
                0x00004040       0x48 c:/nxp/lpcxpresso_7.2.0_153/lpcxpresso/tools/bin/../lib/gcc/arm-none-eabi/4.8.3/../../../../arm-none-eabi/lib/armv6-m\libcr_c.a(_do_fflush.o)
                0x00004040                _do_fflush
 .text.__check_heap_overflow
                0x00004088       0x2c c:/nxp/lpcxpresso_7.2.0_153/lpcxpresso/tools/bin/../lib/gcc/arm-none-eabi/4.8.3/../../../../arm-none-eabi/lib/armv6-m\libcr_c.a(_cr_check_heap.o)
                0x00004088                __check_heap_overflow
 *fill*         0x000040b4        0x4 
 .text.__aeabi_dmul
                0x000040b8      0x188 c:/nxp/lpcxpresso_7.2.0_153/lpcxpresso/tools/bin/../lib/gcc/arm-none-eabi/4.8.3/armv6-m\libcr_eabihelpers.a(double.o)
                0x000040b8                __aeabi_dmul
 .text.__aeabi_ddiv
                0x00004240      0x160 c:/nxp/lpcxpresso_7.2.0_153/lpcxpresso/tools/bin/../lib/gcc/arm-none-eabi/4.8.3/armv6-m\libcr_eabihelpers.a(double.o)
                0x00004240                __aeabi_ddiv
 .text.__aeabi_dsub
                0x000043a0      0x1e8 c:/nxp/lpcxpresso_7.2.0_153/lpcxpresso/tools/bin/../lib/gcc/arm-none-eabi/4.8.3/armv6-m\libcr_eabihelpers.a(double.o)
                0x000043a0                __aeabi_dsub
 .text.__aeabi_dadd
                0x00004588      0x148 c:/nxp/lpcxpresso_7.2.0_153/lpcxpresso/tools/bin/../lib/gcc/arm-none-eabi/4.8.3/armv6-m\libcr_eabihelpers.a(double.o)
                0x00004588                __aeabi_dadd
 .text.__aeabi_d2iz
                0x000046d0       0x48 c:/nxp/lpcxpresso_7.2.0_153/lpcxpresso/tools/bin/../lib/gcc/arm-none-eabi/4.8.3/armv6-m\libcr_eabihelpers.a(double.o)
                0x000046d0                __aeabi_d2iz
 .text.__bhs_ui2d
                0x00004718       0x5e c:/nxp/lpcxpresso_7.2.0_153/lpcxpresso/tools/bin/../lib/gcc/arm-none-eabi/4.8.3/armv6-m\libcr_eabihelpers.a(double.o)
                0x00004718                __bhs_ui2d
 .text.__aeabi_i2d
                0x00004776       0x16 c:/nxp/lpcxpresso_7.2.0_153/lpcxpresso/tools/bin/../lib/gcc/arm-none-eabi/4.8.3/armv6-m\libcr_eabihelpers.a(double.o)
                0x00004776                __aeabi_i2d
 .text.__aeabi_dcmpeq
                0x0000478c       0x38 c:/nxp/lpcxpresso_7.2.0_153/lpcxpresso/tools/bin/../lib/gcc/arm-none-eabi/4.8.3/armv6-m\libcr_eabihelpers.a(double.o)
                0x0000478c                __aeabi_dcmpeq
 .text.__aeabi_dcmplt
                0x000047c4       0x78 c:/nxp/lpcxpresso_7.2.0_153/lpcxpresso/tools/bin/../lib/gcc/arm-none-eabi/4.8.3/armv6-m\libcr_eabihelpers.a(double.o)
                0x000047c4                __aeabi_dcmplt
 .text.__aeabi_dcmple
                0x0000483c       0x78 c:/nxp/lpcxpresso_7.2.0_153/lpcxpresso/tools/bin/../lib/gcc/arm-none-eabi/4.8.3/armv6-m\libcr_eabihelpers.a(double.o)
                0x0000483c                __aeabi_dcmple
 .text.__aeabi_dcmpge
                0x000048b4       0x70 c:/nxp/lpcxpresso_7.2.0_153/lpcxpresso/tools/bin/../lib/gcc/arm-none-eabi/4.8.3/armv6-m\libcr_eabihelpers.a(double.o)
                0x000048b4                __aeabi_dcmpge
 .text.__aeabi_llong_lmul
                0x00004924       0x2e c:/nxp/lpcxpresso_7.2.0_153/lpcxpresso/tools/bin/../lib/gcc/arm-none-eabi/4.8.3/armv6-m\libcr_eabihelpers.a(llong.o)
                0x00004924                __aeabi_lmul
 .text.__aeabi_memcpy
                0x00004952       0x2c c:/nxp/lpcxpresso_7.2.0_153/lpcxpresso/tools/bin/../lib/gcc/arm-none-eabi/4.8.3/armv6-m\libcr_eabihelpers.a(memcpy.o)
                0x00004952                __aeabi_memcpy4
                0x00004952                __aeabi_memcpy8
                0x00004952                __aeabi_memcpy
 .text.__aeabi_memset_lowlevel
                0x0000497e       0x2a c:/nxp/lpcxpresso_7.2.0_153/lpcxpresso/tools/bin/../lib/gcc/arm-none-eabi/4.8.3/armv6-m\libcr_eabihelpers.a(memcpy.o)
                0x0000497e                __aeabi_lowlevel_memset
 .text.__sys_appexit
                0x000049a8        0x2 c:/nxp/lpcxpresso_7.2.0_153/lpcxpresso/tools/bin/../lib/gcc/arm-none-eabi/4.8.3/../../../../arm-none-eabi/lib/armv6-m\libcr_nohost.a(__sys_appexit.o)
                0x000049a8                __sys_appexit
                0x000049a8                __exit
 .text.__sys_close
                0x000049aa        0x6 c:/nxp/lpcxpresso_7.2.0_153/lpcxpresso/tools/bin/../lib/gcc/arm-none-eabi/4.8.3/../../../../arm-none-eabi/lib/armv6-m\libcr_nohost.a(__sys_close.o)
                0x000049aa                __sys_close
 .text.__sys_flen
                0x000049b0        0x6 c:/nxp/lpcxpresso_7.2.0_153/lpcxpresso/tools/bin/../lib/gcc/arm-none-eabi/4.8.3/../../../../arm-none-eabi/lib/armv6-m\libcr_nohost.a(__sys_flen.o)
                0x000049b0                __sys_flen
 .text.__sys_istty
                0x000049b6        0x6 c:/nxp/lpcxpresso_7.2.0_153/lpcxpresso/tools/bin/../lib/gcc/arm-none-eabi/4.8.3/../../../../arm-none-eabi/lib/armv6-m\libcr_nohost.a(__sys_istty.o)
                0x000049b6                __sys_istty
 .text.__sys_remove
                0x000049bc        0x6 c:/nxp/lpcxpresso_7.2.0_153/lpcxpresso/tools/bin/../lib/gcc/arm-none-eabi/4.8.3/../../../../arm-none-eabi/lib/armv6-m\libcr_nohost.a(__sys_remove.o)
                0x000049bc                __sys_remove
 .text.__sys_seek
                0x000049c2        0x6 c:/nxp/lpcxpresso_7.2.0_153/lpcxpresso/tools/bin/../lib/gcc/arm-none-eabi/4.8.3/../../../../arm-none-eabi/lib/armv6-m\libcr_nohost.a(__sys_seek.o)
                0x000049c2                __sys_seek
 .text.__sys_tmpnam
                0x000049c8        0x6 c:/nxp/lpcxpresso_7.2.0_153/lpcxpresso/tools/bin/../lib/gcc/arm-none-eabi/4.8.3/../../../../arm-none-eabi/lib/armv6-m\libcr_nohost.a(__sys_tmpnam.o)
                0x000049c8                __sys_tmpnam
 *(.rodata .rodata.* .constdata .constdata.*)
 *fill*         0x000049ce        0x2 
 .rodata.dns_answer
                0x000049d0       0x40 ./src/ioLibrary/Internet/DNS/dns.o
 .rodata.ctlwizchip
                0x00004a10       0x40 ./src/ioLibrary/Ethernet/wizchip_conf.o
 .rodata.ctlnetwork
                0x00004a50       0x18 ./src/ioLibrary/Ethernet/wizchip_conf.o
 .rodata        0x00004a68        0x4 ./src/W5500EVB.o
 .rodata.str1.4
                0x00004a6c        0xf ./src/W5500EVB.o
                                 0x10 (size before relaxing)
 *fill*         0x00004a7b        0x1 
 .rodata        0x00004a7c       0x10 ./src/w5500_init.o
 .rodata.str1.4
                0x00004a8c       0x94 ./src/w5500_init.o
 .rodata.ledports
                0x00004b20        0x4 C:\Users\Administrator\Documents\GitHub\Loopback_LPC11E36_LPCXpresso\wiznet_evb_w5500evb_board\Debug\libwiznet_evb_w5500evb_board.a(board.o)
 .rodata.OscRateIn
                0x00004b24        0x4 C:\Users\Administrator\Documents\GitHub\Loopback_LPC11E36_LPCXpresso\wiznet_evb_w5500evb_board\Debug\libwiznet_evb_w5500evb_board.a(board.o)
                0x00004b24                OscRateIn
 .rodata.ledpins
                0x00004b28        0x4 C:\Users\Administrator\Documents\GitHub\Loopback_LPC11E36_LPCXpresso\wiznet_evb_w5500evb_board\Debug\libwiznet_evb_w5500evb_board.a(board.o)
 .rodata.pinmuxing
                0x00004b2c       0x48 C:\Users\Administrator\Documents\GitHub\Loopback_LPC11E36_LPCXpresso\wiznet_evb_w5500evb_board\Debug\libwiznet_evb_w5500evb_board.a(board_sysinit.o)
 .rodata.wdtOSCRate
                0x00004b74       0x40 C:\Users\Administrator\Documents\GitHub\Loopback_LPC11E36_LPCXpresso\lpc_chip_11exx\Debug\liblpc_chip_11exx.a(clock_11xx.o)
 .rodata.str1.1
                0x00004bb4       0x34 c:/nxp/lpcxpresso_7.2.0_153/lpcxpresso/tools/bin/../lib/gcc/arm-none-eabi/4.8.3/../../../../arm-none-eabi/lib/armv6-m\libcr_c.a(fpprintf.o)
                                 0x35 (size before relaxing)
 .rodata.str1.1
                0x00004be8        0x4 c:/nxp/lpcxpresso_7.2.0_153/lpcxpresso/tools/bin/../lib/gcc/arm-none-eabi/4.8.3/../../../../arm-none-eabi/lib/armv6-m\libcr_c.a(initio.o)
 .rodata.str1.1
                0x00004bec       0x31 c:/nxp/lpcxpresso_7.2.0_153/lpcxpresso/tools/bin/../lib/gcc/arm-none-eabi/4.8.3/../../../../arm-none-eabi/lib/armv6-m\libcr_c.a(printf.o)
                                 0x38 (size before relaxing)
 .rodata.str1.1
                0x00004c1d       0x18 c:/nxp/lpcxpresso_7.2.0_153/lpcxpresso/tools/bin/../lib/gcc/arm-none-eabi/4.8.3/../../../../arm-none-eabi/lib/armv6-m\libcr_c.a(alloc.o)
 *fill*         0x00004c35        0x3 
 .rodata.__huge_vall
                0x00004c38        0x8 c:/nxp/lpcxpresso_7.2.0_153/lpcxpresso/tools/bin/../lib/gcc/arm-none-eabi/4.8.3/../../../../arm-none-eabi/lib/armv6-m\libcr_c.a(_hugeval.o)
                0x00004c38                __huge_vall
                0x00004c40                . = ALIGN (0x4)

.glue_7         0x00004c40        0x0
 .glue_7        0x00000000        0x0 linker stubs

.glue_7t        0x00004c40        0x0
 .glue_7t       0x00000000        0x0 linker stubs

.vfp11_veneer   0x00004c40        0x0
 .vfp11_veneer  0x00000000        0x0 linker stubs

.v4_bx          0x00004c40        0x0
 .v4_bx         0x00000000        0x0 linker stubs

.iplt           0x00004c40        0x0
 .iplt          0x00000000        0x0 ./src/ioLibrary/Internet/DNS/dns.o

.rel.dyn        0x00004c40        0x0
 .rel.iplt      0x00000000        0x0 ./src/ioLibrary/Internet/DNS/dns.o

.ARM.extab
 *(.ARM.extab* .gnu.linkonce.armextab.*)
                0x00004c40                __exidx_start = .

.ARM.exidx
 *(.ARM.exidx* .gnu.linkonce.armexidx.*)
                0x00004c40                __exidx_end = .
                0x00004c40                _etext = .

.data_RAM2      0x20000000        0x0 load address 0x00004c40
 FILL mask 0xff
 *(.ramfunc.$RAM2)
 *(.ramfunc.$RamPeriph2)
 *(.data.$RAM2*)
 *(.data.$RamPeriph2*)
                0x20000000                . = ALIGN (0x4)

.data_RAM3      0x20004000        0x0 load address 0x00004c40
 FILL mask 0xff
 *(.ramfunc.$RAM3)
 *(.ramfunc.$SRAM1_2)
 *(.data.$RAM3*)
 *(.data.$SRAM1_2*)
                0x20004000                . = ALIGN (0x4)

.uninit_RESERVED
                0x10000000        0x0
 *(.bss.$RESERVED*)
                0x10000000                . = ALIGN (0x4)
                0x10000000                _end_uninit_RESERVED = .

.data           0x10000000       0x24 load address 0x00004c40
 FILL mask 0xff
                0x10000000                _data = .
 *(vtable)
 *(.ramfunc*)
 *(.data*)
 .data.sock_any_port
                0x10000000        0x2 ./src/ioLibrary/Ethernet/socket.o
 *fill*         0x10000002        0x2 
 .data.WIZCHIP  0x10000004       0x20 ./src/ioLibrary/Ethernet/wizchip_conf.o
                0x10000004                WIZCHIP
                0x10000024                . = ALIGN (0x4)
                0x10000024                _edata = .

.igot.plt       0x10000024        0x0 load address 0x00004c64
 .igot.plt      0x00000000        0x0 ./src/ioLibrary/Internet/DNS/dns.o

.bss_RAM2       0x20000000        0x0
 *(.bss.$RAM2*)
 *(.bss.$RamPeriph2*)
                0x20000000                . = ALIGN (0x4)

.bss_RAM3       0x20004000        0x0
 *(.bss.$RAM3*)
 *(.bss.$SRAM1_2*)
                0x20004000                . = ALIGN (0x4)

.bss            0x10000024      0x214
                0x10000024                _bss = .
 *(.bss*)
 .bss.retry_count.4379
                0x10000024        0x1 ./src/ioLibrary/Internet/DNS/dns.o
 *fill*         0x10000025        0x1 
 .bss.sock_io_mode
                0x10000026        0x2 ./src/ioLibrary/Ethernet/socket.o
 .bss.sock_is_sending
                0x10000028        0x2 ./src/ioLibrary/Ethernet/socket.o
 *fill*         0x1000002a        0x2 
 .bss.sock_pack_info
                0x1000002c        0x8 ./src/ioLibrary/Ethernet/socket.o
 .bss.sock_remained_size
                0x10000034       0x10 ./src/ioLibrary/Ethernet/socket.o
 .bss._DHCP_    0x10000044        0x1 ./src/ioLibrary/Ethernet/wizchip_conf.o
 *fill*         0x10000045        0x3 
 .bss._DNS_     0x10000048        0x4 ./src/ioLibrary/Ethernet/wizchip_conf.o
 .bss.errno     0x1000004c        0x4 c:/nxp/lpcxpresso_7.2.0_153/lpcxpresso/tools/bin/../lib/gcc/arm-none-eabi/4.8.3/../../../../arm-none-eabi/lib/armv6-m\libcr_c.a(errno.o)
                0x1000004c                errno
 *(COMMON)
 COMMON         0x10000050        0xe ./src/ioLibrary/Internet/DNS/dns.o
                0x10000050                DNS_SOCKET
                0x10000054                dns_1s_tick
                0x10000058                pDNSMSG
                0x1000005c                DNS_MSGID
 *fill*         0x1000005e        0x2 
 COMMON         0x10000060       0x80 ./src/W5500EVB.o
                0x10000060                gDATABUF
 COMMON         0x100000e0        0x8 ./src/cr_startup_lpc11exx.o
                0x100000e0                pDivRom_uidiv
                0x100000e4                pDivRom_idiv
 COMMON         0x100000e8        0x4 C:\Users\Administrator\Documents\GitHub\Loopback_LPC11E36_LPCXpresso\lpc_chip_11exx\Debug\liblpc_chip_11exx.a(chip_11xx.o)
                0x100000e8                SystemCoreClock
 COMMON         0x100000ec        0x4 c:/nxp/lpcxpresso_7.2.0_153/lpcxpresso/tools/bin/../lib/gcc/arm-none-eabi/4.8.3/../../../../arm-none-eabi/lib/armv6-m\libcr_c.a(initio.o)
                0x100000ec                _extra
 COMMON         0x100000f0      0x140 c:/nxp/lpcxpresso_7.2.0_153/lpcxpresso/tools/bin/../lib/gcc/arm-none-eabi/4.8.3/../../../../arm-none-eabi/lib/armv6-m\libcr_c.a(stdio.o)
                0x100000f0                __Ciob
 COMMON         0x10000230        0x8 c:/nxp/lpcxpresso_7.2.0_153/lpcxpresso/tools/bin/../lib/gcc/arm-none-eabi/4.8.3/../../../../arm-none-eabi/lib/armv6-m\libcr_c.a(__init_alloc.o)
                0x10000230                __heaps
                0x10000234                __end_of_heap
                0x10000238                . = ALIGN (0x4)
                0x10000238                _ebss = .
                0x10000238                PROVIDE (end, .)

.noinit_RAM2    0x20000000        0x0
 *(.noinit.$RAM2*)
 *(.noinit.$RamPeriph2*)
                0x20000000                . = ALIGN (0x4)

.noinit_RAM3    0x20004000        0x0
 *(.noinit.$RAM3*)
 *(.noinit.$SRAM1_2*)
                0x20004000                . = ALIGN (0x4)

.noinit         0x10000238        0x0
                0x10000238                _noinit = .
 *(.noinit*)
                0x10000238                . = ALIGN (0x4)
                0x10000238                _end_noinit = .
                0x10000238                PROVIDE (_pvHeapStart, .)
                0x10002000                PROVIDE (_vStackTop, (__top_RamLoc8 - 0x0))
OUTPUT(DNS_LPC11E36_LPCXpresso.axf elf32-littlearm)

.debug_info     0x00000000     0xa7b3
 .debug_info    0x00000000      0xaa6 ./src/ioLibrary/Internet/DNS/dns.o
 .debug_info    0x00000aa6      0x798 ./src/ioLibrary/Ethernet/W5500/w5500.o
 .debug_info    0x0000123e     0x1130 ./src/ioLibrary/Ethernet/socket.o
 .debug_info    0x0000236e     0x114e ./src/ioLibrary/Ethernet/wizchip_conf.o
 .debug_info    0x000034bc      0x654 ./src/PlatformHandler/spi_handler.o
 .debug_info    0x00003b10      0x2b3 ./src/W5500EVB.o
 .debug_info    0x00003dc3       0xa3 ./src/aeabi_romdiv_patch.o
 .debug_info    0x00003e66      0x282 ./src/cr_startup_lpc11exx.o
 .debug_info    0x000040e8       0x3b ./src/crp.o
 .debug_info    0x00004123       0xc9 ./src/sysinit.o
 .debug_info    0x000041ec      0x858 ./src/w5500_init.o
 .debug_info    0x00004a44      0xb3c C:\Users\Administrator\Documents\GitHub\Loopback_LPC11E36_LPCXpresso\wiznet_evb_w5500evb_board\Debug\libwiznet_evb_w5500evb_board.a(board.o)
 .debug_info    0x00005580      0xa88 C:\Users\Administrator\Documents\GitHub\Loopback_LPC11E36_LPCXpresso\wiznet_evb_w5500evb_board\Debug\libwiznet_evb_w5500evb_board.a(board_sysinit.o)
 .debug_info    0x00006008       0xdc C:\Users\Administrator\Documents\GitHub\Loopback_LPC11E36_LPCXpresso\lpc_chip_11exx\Debug\liblpc_chip_11exx.a(chip_11xx.o)
 .debug_info    0x000060e4      0x8c4 C:\Users\Administrator\Documents\GitHub\Loopback_LPC11E36_LPCXpresso\lpc_chip_11exx\Debug\liblpc_chip_11exx.a(clock_11xx.o)
 .debug_info    0x000069a8      0x9f9 C:\Users\Administrator\Documents\GitHub\Loopback_LPC11E36_LPCXpresso\lpc_chip_11exx\Debug\liblpc_chip_11exx.a(gpio_11xx_1.o)
 .debug_info    0x000073a1      0x153 C:\Users\Administrator\Documents\GitHub\Loopback_LPC11E36_LPCXpresso\lpc_chip_11exx\Debug\liblpc_chip_11exx.a(iocon_11xx.o)
 .debug_info    0x000074f4     0x1ab3 C:\Users\Administrator\Documents\GitHub\Loopback_LPC11E36_LPCXpresso\lpc_chip_11exx\Debug\liblpc_chip_11exx.a(ssp_11xx.o)
 .debug_info    0x00008fa7      0x589 C:\Users\Administrator\Documents\GitHub\Loopback_LPC11E36_LPCXpresso\lpc_chip_11exx\Debug\liblpc_chip_11exx.a(sysctl_11xx.o)
 .debug_info    0x00009530     0x1283 C:\Users\Administrator\Documents\GitHub\Loopback_LPC11E36_LPCXpresso\lpc_chip_11exx\Debug\liblpc_chip_11exx.a(uart_11xx.o)

.debug_abbrev   0x00000000     0x230e
 .debug_abbrev  0x00000000      0x23e ./src/ioLibrary/Internet/DNS/dns.o
 .debug_abbrev  0x0000023e      0x20f ./src/ioLibrary/Ethernet/W5500/w5500.o
 .debug_abbrev  0x0000044d      0x1d1 ./src/ioLibrary/Ethernet/socket.o
 .debug_abbrev  0x0000061e      0x302 ./src/ioLibrary/Ethernet/wizchip_conf.o
 .debug_abbrev  0x00000920      0x1e8 ./src/PlatformHandler/spi_handler.o
 .debug_abbrev  0x00000b08      0x159 ./src/W5500EVB.o
 .debug_abbrev  0x00000c61       0x12 ./src/aeabi_romdiv_patch.o
 .debug_abbrev  0x00000c73      0x10a ./src/cr_startup_lpc11exx.o
 .debug_abbrev  0x00000d7d       0x33 ./src/crp.o
 .debug_abbrev  0x00000db0       0x85 ./src/sysinit.o
 .debug_abbrev  0x00000e35      0x2e2 ./src/w5500_init.o
 .debug_abbrev  0x00001117      0x2f4 C:\Users\Administrator\Documents\GitHub\Loopback_LPC11E36_LPCXpresso\wiznet_evb_w5500evb_board\Debug\libwiznet_evb_w5500evb_board.a(board.o)
 .debug_abbrev  0x0000140b      0x26e C:\Users\Administrator\Documents\GitHub\Loopback_LPC11E36_LPCXpresso\wiznet_evb_w5500evb_board\Debug\libwiznet_evb_w5500evb_board.a(board_sysinit.o)
 .debug_abbrev  0x00001679       0x9b C:\Users\Administrator\Documents\GitHub\Loopback_LPC11E36_LPCXpresso\lpc_chip_11exx\Debug\liblpc_chip_11exx.a(chip_11xx.o)
 .debug_abbrev  0x00001714      0x1fb C:\Users\Administrator\Documents\GitHub\Loopback_LPC11E36_LPCXpresso\lpc_chip_11exx\Debug\liblpc_chip_11exx.a(clock_11xx.o)
 .debug_abbrev  0x0000190f      0x1a4 C:\Users\Administrator\Documents\GitHub\Loopback_LPC11E36_LPCXpresso\lpc_chip_11exx\Debug\liblpc_chip_11exx.a(gpio_11xx_1.o)
 .debug_abbrev  0x00001ab3       0xc8 C:\Users\Administrator\Documents\GitHub\Loopback_LPC11E36_LPCXpresso\lpc_chip_11exx\Debug\liblpc_chip_11exx.a(iocon_11xx.o)
 .debug_abbrev  0x00001b7b      0x3d9 C:\Users\Administrator\Documents\GitHub\Loopback_LPC11E36_LPCXpresso\lpc_chip_11exx\Debug\liblpc_chip_11exx.a(ssp_11xx.o)
 .debug_abbrev  0x00001f54       0xce C:\Users\Administrator\Documents\GitHub\Loopback_LPC11E36_LPCXpresso\lpc_chip_11exx\Debug\liblpc_chip_11exx.a(sysctl_11xx.o)
 .debug_abbrev  0x00002022      0x2ec C:\Users\Administrator\Documents\GitHub\Loopback_LPC11E36_LPCXpresso\lpc_chip_11exx\Debug\liblpc_chip_11exx.a(uart_11xx.o)

.debug_loc      0x00000000     0x53e2
 .debug_loc     0x00000000      0xa3a ./src/ioLibrary/Internet/DNS/dns.o
 .debug_loc     0x00000a3a      0x555 ./src/ioLibrary/Ethernet/W5500/w5500.o
 .debug_loc     0x00000f8f     0x11dc ./src/ioLibrary/Ethernet/socket.o
 .debug_loc     0x0000216b      0x8b1 ./src/ioLibrary/Ethernet/wizchip_conf.o
 .debug_loc     0x00002a1c      0x1df ./src/cr_startup_lpc11exx.o
 .debug_loc     0x00002bfb       0x37 ./src/w5500_init.o
 .debug_loc     0x00002c32      0x35f C:\Users\Administrator\Documents\GitHub\Loopback_LPC11E36_LPCXpresso\wiznet_evb_w5500evb_board\Debug\libwiznet_evb_w5500evb_board.a(board.o)
 .debug_loc     0x00002f91       0x32 C:\Users\Administrator\Documents\GitHub\Loopback_LPC11E36_LPCXpresso\wiznet_evb_w5500evb_board\Debug\libwiznet_evb_w5500evb_board.a(board_sysinit.o)
 .debug_loc     0x00002fc3      0x1b4 C:\Users\Administrator\Documents\GitHub\Loopback_LPC11E36_LPCXpresso\lpc_chip_11exx\Debug\liblpc_chip_11exx.a(clock_11xx.o)
 .debug_loc     0x00003177      0x432 C:\Users\Administrator\Documents\GitHub\Loopback_LPC11E36_LPCXpresso\lpc_chip_11exx\Debug\liblpc_chip_11exx.a(gpio_11xx_1.o)
 .debug_loc     0x000035a9       0x3a C:\Users\Administrator\Documents\GitHub\Loopback_LPC11E36_LPCXpresso\lpc_chip_11exx\Debug\liblpc_chip_11exx.a(iocon_11xx.o)
 .debug_loc     0x000035e3     0x12e9 C:\Users\Administrator\Documents\GitHub\Loopback_LPC11E36_LPCXpresso\lpc_chip_11exx\Debug\liblpc_chip_11exx.a(ssp_11xx.o)
 .debug_loc     0x000048cc       0xd0 C:\Users\Administrator\Documents\GitHub\Loopback_LPC11E36_LPCXpresso\lpc_chip_11exx\Debug\liblpc_chip_11exx.a(sysctl_11xx.o)
 .debug_loc     0x0000499c      0xa46 C:\Users\Administrator\Documents\GitHub\Loopback_LPC11E36_LPCXpresso\lpc_chip_11exx\Debug\liblpc_chip_11exx.a(uart_11xx.o)

.debug_aranges  0x00000000      0x6e0
 .debug_aranges
                0x00000000       0x70 ./src/ioLibrary/Internet/DNS/dns.o
 .debug_aranges
                0x00000070       0x60 ./src/ioLibrary/Ethernet/W5500/w5500.o
 .debug_aranges
                0x000000d0       0x78 ./src/ioLibrary/Ethernet/socket.o
 .debug_aranges
                0x00000148      0x120 ./src/ioLibrary/Ethernet/wizchip_conf.o
 .debug_aranges
                0x00000268       0x28 ./src/PlatformHandler/spi_handler.o
 .debug_aranges
                0x00000290       0x20 ./src/W5500EVB.o
 .debug_aranges
                0x000002b0       0x28 ./src/aeabi_romdiv_patch.o
 .debug_aranges
                0x000002d8       0x60 ./src/cr_startup_lpc11exx.o
 .debug_aranges
                0x00000338       0x18 ./src/crp.o
 .debug_aranges
                0x00000350       0x20 ./src/sysinit.o
 .debug_aranges
                0x00000370       0x58 ./src/w5500_init.o
 .debug_aranges
                0x000003c8       0x80 C:\Users\Administrator\Documents\GitHub\Loopback_LPC11E36_LPCXpresso\wiznet_evb_w5500evb_board\Debug\libwiznet_evb_w5500evb_board.a(board.o)
 .debug_aranges
                0x00000448       0x30 C:\Users\Administrator\Documents\GitHub\Loopback_LPC11E36_LPCXpresso\wiznet_evb_w5500evb_board\Debug\libwiznet_evb_w5500evb_board.a(board_sysinit.o)
 .debug_aranges
                0x00000478       0x20 C:\Users\Administrator\Documents\GitHub\Loopback_LPC11E36_LPCXpresso\lpc_chip_11exx\Debug\liblpc_chip_11exx.a(chip_11xx.o)
 .debug_aranges
                0x00000498       0x78 C:\Users\Administrator\Documents\GitHub\Loopback_LPC11E36_LPCXpresso\lpc_chip_11exx\Debug\liblpc_chip_11exx.a(clock_11xx.o)
 .debug_aranges
                0x00000510       0x48 C:\Users\Administrator\Documents\GitHub\Loopback_LPC11E36_LPCXpresso\lpc_chip_11exx\Debug\liblpc_chip_11exx.a(gpio_11xx_1.o)
 .debug_aranges
                0x00000558       0x20 C:\Users\Administrator\Documents\GitHub\Loopback_LPC11E36_LPCXpresso\lpc_chip_11exx\Debug\liblpc_chip_11exx.a(iocon_11xx.o)
 .debug_aranges
                0x00000578       0xb0 C:\Users\Administrator\Documents\GitHub\Loopback_LPC11E36_LPCXpresso\lpc_chip_11exx\Debug\liblpc_chip_11exx.a(ssp_11xx.o)
 .debug_aranges
                0x00000628       0x38 C:\Users\Administrator\Documents\GitHub\Loopback_LPC11E36_LPCXpresso\lpc_chip_11exx\Debug\liblpc_chip_11exx.a(sysctl_11xx.o)
 .debug_aranges
                0x00000660       0x80 C:\Users\Administrator\Documents\GitHub\Loopback_LPC11E36_LPCXpresso\lpc_chip_11exx\Debug\liblpc_chip_11exx.a(uart_11xx.o)

.debug_ranges   0x00000000      0x908
 .debug_ranges  0x00000000       0x60 ./src/ioLibrary/Internet/DNS/dns.o
 .debug_ranges  0x00000060       0x50 ./src/ioLibrary/Ethernet/W5500/w5500.o
 .debug_ranges  0x000000b0       0x80 ./src/ioLibrary/Ethernet/socket.o
 .debug_ranges  0x00000130      0x110 ./src/ioLibrary/Ethernet/wizchip_conf.o
 .debug_ranges  0x00000240       0x18 ./src/PlatformHandler/spi_handler.o
 .debug_ranges  0x00000258       0x10 ./src/W5500EVB.o
 .debug_ranges  0x00000268       0x20 ./src/aeabi_romdiv_patch.o
 .debug_ranges  0x00000288       0x50 ./src/cr_startup_lpc11exx.o
 .debug_ranges  0x000002d8       0x10 ./src/sysinit.o
 .debug_ranges  0x000002e8       0x48 ./src/w5500_init.o
 .debug_ranges  0x00000330       0xa0 C:\Users\Administrator\Documents\GitHub\Loopback_LPC11E36_LPCXpresso\wiznet_evb_w5500evb_board\Debug\libwiznet_evb_w5500evb_board.a(board.o)
 .debug_ranges  0x000003d0       0x20 C:\Users\Administrator\Documents\GitHub\Loopback_LPC11E36_LPCXpresso\wiznet_evb_w5500evb_board\Debug\libwiznet_evb_w5500evb_board.a(board_sysinit.o)
 .debug_ranges  0x000003f0       0x10 C:\Users\Administrator\Documents\GitHub\Loopback_LPC11E36_LPCXpresso\lpc_chip_11exx\Debug\liblpc_chip_11exx.a(chip_11xx.o)
 .debug_ranges  0x00000400       0x68 C:\Users\Administrator\Documents\GitHub\Loopback_LPC11E36_LPCXpresso\lpc_chip_11exx\Debug\liblpc_chip_11exx.a(clock_11xx.o)
 .debug_ranges  0x00000468       0x38 C:\Users\Administrator\Documents\GitHub\Loopback_LPC11E36_LPCXpresso\lpc_chip_11exx\Debug\liblpc_chip_11exx.a(gpio_11xx_1.o)
 .debug_ranges  0x000004a0       0x10 C:\Users\Administrator\Documents\GitHub\Loopback_LPC11E36_LPCXpresso\lpc_chip_11exx\Debug\liblpc_chip_11exx.a(iocon_11xx.o)
 .debug_ranges  0x000004b0      0x3a8 C:\Users\Administrator\Documents\GitHub\Loopback_LPC11E36_LPCXpresso\lpc_chip_11exx\Debug\liblpc_chip_11exx.a(ssp_11xx.o)
 .debug_ranges  0x00000858       0x28 C:\Users\Administrator\Documents\GitHub\Loopback_LPC11E36_LPCXpresso\lpc_chip_11exx\Debug\liblpc_chip_11exx.a(sysctl_11xx.o)
 .debug_ranges  0x00000880       0x88 C:\Users\Administrator\Documents\GitHub\Loopback_LPC11E36_LPCXpresso\lpc_chip_11exx\Debug\liblpc_chip_11exx.a(uart_11xx.o)

.debug_line     0x00000000     0x3ea6
 .debug_line    0x00000000      0x32f ./src/ioLibrary/Internet/DNS/dns.o
 .debug_line    0x0000032f      0x1ca ./src/ioLibrary/Ethernet/W5500/w5500.o
 .debug_line    0x000004f9      0x47d ./src/ioLibrary/Ethernet/socket.o
 .debug_line    0x00000976      0x4a7 ./src/ioLibrary/Ethernet/wizchip_conf.o
 .debug_line    0x00000e1d      0x16e ./src/PlatformHandler/spi_handler.o
 .debug_line    0x00000f8b      0x1c9 ./src/W5500EVB.o
 .debug_line    0x00001154       0x65 ./src/aeabi_romdiv_patch.o
 .debug_line    0x000011b9       0xad ./src/cr_startup_lpc11exx.o
 .debug_line    0x00001266       0x2d ./src/crp.o
 .debug_line    0x00001293      0x15e ./src/sysinit.o
 .debug_line    0x000013f1      0x1fe ./src/w5500_init.o
 .debug_line    0x000015ef      0x51e C:\Users\Administrator\Documents\GitHub\Loopback_LPC11E36_LPCXpresso\wiznet_evb_w5500evb_board\Debug\libwiznet_evb_w5500evb_board.a(board.o)
 .debug_line    0x00001b0d      0x43f C:\Users\Administrator\Documents\GitHub\Loopback_LPC11E36_LPCXpresso\wiznet_evb_w5500evb_board\Debug\libwiznet_evb_w5500evb_board.a(board_sysinit.o)
 .debug_line    0x00001f4c      0x312 C:\Users\Administrator\Documents\GitHub\Loopback_LPC11E36_LPCXpresso\lpc_chip_11exx\Debug\liblpc_chip_11exx.a(chip_11xx.o)
 .debug_line    0x0000225e      0x408 C:\Users\Administrator\Documents\GitHub\Loopback_LPC11E36_LPCXpresso\lpc_chip_11exx\Debug\liblpc_chip_11exx.a(clock_11xx.o)
 .debug_line    0x00002666      0x3a0 C:\Users\Administrator\Documents\GitHub\Loopback_LPC11E36_LPCXpresso\lpc_chip_11exx\Debug\liblpc_chip_11exx.a(gpio_11xx_1.o)
 .debug_line    0x00002a06      0x315 C:\Users\Administrator\Documents\GitHub\Loopback_LPC11E36_LPCXpresso\lpc_chip_11exx\Debug\liblpc_chip_11exx.a(iocon_11xx.o)
 .debug_line    0x00002d1b      0x923 C:\Users\Administrator\Documents\GitHub\Loopback_LPC11E36_LPCXpresso\lpc_chip_11exx\Debug\liblpc_chip_11exx.a(ssp_11xx.o)
 .debug_line    0x0000363e      0x34f C:\Users\Administrator\Documents\GitHub\Loopback_LPC11E36_LPCXpresso\lpc_chip_11exx\Debug\liblpc_chip_11exx.a(sysctl_11xx.o)
 .debug_line    0x0000398d      0x519 C:\Users\Administrator\Documents\GitHub\Loopback_LPC11E36_LPCXpresso\lpc_chip_11exx\Debug\liblpc_chip_11exx.a(uart_11xx.o)

.debug_str      0x00000000     0xae8b
 .debug_str     0x00000000      0x2e7 ./src/ioLibrary/Internet/DNS/dns.o
                                0x397 (size before relaxing)
 .debug_str     0x000002e7       0xf0 ./src/ioLibrary/Ethernet/W5500/w5500.o
                                0x2dd (size before relaxing)
 .debug_str     0x000003d7      0x25c ./src/ioLibrary/Ethernet/socket.o
                                0x4c9 (size before relaxing)
 .debug_str     0x00000633      0x625 ./src/ioLibrary/Ethernet/wizchip_conf.o
                                0x89c (size before relaxing)
 .debug_str     0x00000c58      0x2fc ./src/PlatformHandler/spi_handler.o
                                0x4c5 (size before relaxing)
 .debug_str     0x00000f54       0x6c ./src/W5500EVB.o
                                0x26e (size before relaxing)
 .debug_str     0x00000fc0      0x170 ./src/cr_startup_lpc11exx.o
                                0x2a6 (size before relaxing)
 .debug_str     0x00001130       0x16 ./src/crp.o
                                0x132 (size before relaxing)
 .debug_str     0x00001146       0x22 ./src/sysinit.o
                                0x1ee (size before relaxing)
 .debug_str     0x00001168       0xc7 ./src/w5500_init.o
                                0x502 (size before relaxing)
 .debug_str     0x0000122f     0x851b C:\Users\Administrator\Documents\GitHub\Loopback_LPC11E36_LPCXpresso\wiznet_evb_w5500evb_board\Debug\libwiznet_evb_w5500evb_board.a(board.o)
                               0x86ff (size before relaxing)
 .debug_str     0x0000974a      0x845 C:\Users\Administrator\Documents\GitHub\Loopback_LPC11E36_LPCXpresso\wiznet_evb_w5500evb_board\Debug\libwiznet_evb_w5500evb_board.a(board_sysinit.o)
                               0x8c06 (size before relaxing)
 .debug_str     0x00009f8f       0x9b C:\Users\Administrator\Documents\GitHub\Loopback_LPC11E36_LPCXpresso\lpc_chip_11exx\Debug\liblpc_chip_11exx.a(chip_11xx.o)
                               0x8044 (size before relaxing)
 .debug_str     0x0000a02a      0x3bc C:\Users\Administrator\Documents\GitHub\Loopback_LPC11E36_LPCXpresso\lpc_chip_11exx\Debug\liblpc_chip_11exx.a(clock_11xx.o)
                               0x87ea (size before relaxing)
 .debug_str     0x0000a3e6       0xf0 C:\Users\Administrator\Documents\GitHub\Loopback_LPC11E36_LPCXpresso\lpc_chip_11exx\Debug\liblpc_chip_11exx.a(gpio_11xx_1.o)
                               0x869a (size before relaxing)
 .debug_str     0x0000a4d6       0x1b C:\Users\Administrator\Documents\GitHub\Loopback_LPC11E36_LPCXpresso\lpc_chip_11exx\Debug\liblpc_chip_11exx.a(iocon_11xx.o)
                               0x8049 (size before relaxing)
 .debug_str     0x0000a4f1      0x596 C:\Users\Administrator\Documents\GitHub\Loopback_LPC11E36_LPCXpresso\lpc_chip_11exx\Debug\liblpc_chip_11exx.a(ssp_11xx.o)
                               0x8d95 (size before relaxing)
 .debug_str     0x0000aa87      0x175 C:\Users\Administrator\Documents\GitHub\Loopback_LPC11E36_LPCXpresso\lpc_chip_11exx\Debug\liblpc_chip_11exx.a(sysctl_11xx.o)
                               0x8434 (size before relaxing)
 .debug_str     0x0000abfc      0x28f C:\Users\Administrator\Documents\GitHub\Loopback_LPC11E36_LPCXpresso\lpc_chip_11exx\Debug\liblpc_chip_11exx.a(uart_11xx.o)
                               0x88fb (size before relaxing)

.comment        0x00000000       0x70
 .comment       0x00000000       0x70 ./src/ioLibrary/Internet/DNS/dns.o
                                 0x71 (size before relaxing)
 .comment       0x00000000       0x71 ./src/ioLibrary/Ethernet/W5500/w5500.o
 .comment       0x00000000       0x71 ./src/ioLibrary/Ethernet/socket.o
 .comment       0x00000000       0x71 ./src/ioLibrary/Ethernet/wizchip_conf.o
 .comment       0x00000000       0x71 ./src/PlatformHandler/spi_handler.o
 .comment       0x00000000       0x71 ./src/W5500EVB.o
 .comment       0x00000000       0x71 ./src/cr_startup_lpc11exx.o
 .comment       0x00000000       0x71 ./src/crp.o
 .comment       0x00000000       0x71 ./src/sysinit.o
 .comment       0x00000000       0x71 ./src/w5500_init.o
 .comment       0x00000000       0x71 C:\Users\Administrator\Documents\GitHub\Loopback_LPC11E36_LPCXpresso\wiznet_evb_w5500evb_board\Debug\libwiznet_evb_w5500evb_board.a(board.o)
 .comment       0x00000000       0x71 C:\Users\Administrator\Documents\GitHub\Loopback_LPC11E36_LPCXpresso\wiznet_evb_w5500evb_board\Debug\libwiznet_evb_w5500evb_board.a(board_sysinit.o)
 .comment       0x00000000       0x71 C:\Users\Administrator\Documents\GitHub\Loopback_LPC11E36_LPCXpresso\lpc_chip_11exx\Debug\liblpc_chip_11exx.a(chip_11xx.o)
 .comment       0x00000000       0x71 C:\Users\Administrator\Documents\GitHub\Loopback_LPC11E36_LPCXpresso\lpc_chip_11exx\Debug\liblpc_chip_11exx.a(clock_11xx.o)
 .comment       0x00000000       0x71 C:\Users\Administrator\Documents\GitHub\Loopback_LPC11E36_LPCXpresso\lpc_chip_11exx\Debug\liblpc_chip_11exx.a(gpio_11xx_1.o)
 .comment       0x00000000       0x71 C:\Users\Administrator\Documents\GitHub\Loopback_LPC11E36_LPCXpresso\lpc_chip_11exx\Debug\liblpc_chip_11exx.a(iocon_11xx.o)
 .comment       0x00000000       0x71 C:\Users\Administrator\Documents\GitHub\Loopback_LPC11E36_LPCXpresso\lpc_chip_11exx\Debug\liblpc_chip_11exx.a(ssp_11xx.o)
 .comment       0x00000000       0x71 C:\Users\Administrator\Documents\GitHub\Loopback_LPC11E36_LPCXpresso\lpc_chip_11exx\Debug\liblpc_chip_11exx.a(sysctl_11xx.o)
 .comment       0x00000000       0x71 C:\Users\Administrator\Documents\GitHub\Loopback_LPC11E36_LPCXpresso\lpc_chip_11exx\Debug\liblpc_chip_11exx.a(uart_11xx.o)
 .comment       0x00000000       0x71 c:/nxp/lpcxpresso_7.2.0_153/lpcxpresso/tools/bin/../lib/gcc/arm-none-eabi/4.8.3/../../../../arm-none-eabi/lib/armv6-m\libcr_nohost.a(_cr__main.o)
 .comment       0x00000000       0x71 c:/nxp/lpcxpresso_7.2.0_153/lpcxpresso/tools/bin/../lib/gcc/arm-none-eabi/4.8.3/../../../../arm-none-eabi/lib/armv6-m\libcr_c.a(memcpy.o)
 .comment       0x00000000       0x71 c:/nxp/lpcxpresso_7.2.0_153/lpcxpresso/tools/bin/../lib/gcc/arm-none-eabi/4.8.3/../../../../arm-none-eabi/lib/armv6-m\libcr_c.a(memset.o)
 .comment       0x00000000       0x71 c:/nxp/lpcxpresso_7.2.0_153/lpcxpresso/tools/bin/../lib/gcc/arm-none-eabi/4.8.3/../../../../arm-none-eabi/lib/armv6-m\libcr_c.a(fpprintf.o)
 .comment       0x00000000       0x71 c:/nxp/lpcxpresso_7.2.0_153/lpcxpresso/tools/bin/../lib/gcc/arm-none-eabi/4.8.3/../../../../arm-none-eabi/lib/armv6-m\libcr_c.a(initio.o)
 .comment       0x00000000       0x71 c:/nxp/lpcxpresso_7.2.0_153/lpcxpresso/tools/bin/../lib/gcc/arm-none-eabi/4.8.3/../../../../arm-none-eabi/lib/armv6-m\libcr_c.a(printf.o)
 .comment       0x00000000       0x71 c:/nxp/lpcxpresso_7.2.0_153/lpcxpresso/tools/bin/../lib/gcc/arm-none-eabi/4.8.3/../../../../arm-none-eabi/lib/armv6-m\libcr_c.a(setvbuf.o)
 .comment       0x00000000       0x71 c:/nxp/lpcxpresso_7.2.0_153/lpcxpresso/tools/bin/../lib/gcc/arm-none-eabi/4.8.3/../../../../arm-none-eabi/lib/armv6-m\libcr_c.a(stdio.o)
 .comment       0x00000000       0x71 c:/nxp/lpcxpresso_7.2.0_153/lpcxpresso/tools/bin/../lib/gcc/arm-none-eabi/4.8.3/../../../../arm-none-eabi/lib/armv6-m\libcr_c.a(strchr.o)
 .comment       0x00000000       0x71 c:/nxp/lpcxpresso_7.2.0_153/lpcxpresso/tools/bin/../lib/gcc/arm-none-eabi/4.8.3/../../../../arm-none-eabi/lib/armv6-m\libcr_c.a(strcpy.o)
 .comment       0x00000000       0x71 c:/nxp/lpcxpresso_7.2.0_153/lpcxpresso/tools/bin/../lib/gcc/arm-none-eabi/4.8.3/../../../../arm-none-eabi/lib/armv6-m\libcr_c.a(strlen.o)
 .comment       0x00000000       0x71 c:/nxp/lpcxpresso_7.2.0_153/lpcxpresso/tools/bin/../lib/gcc/arm-none-eabi/4.8.3/../../../../arm-none-eabi/lib/armv6-m\libcr_c.a(strncpy.o)
 .comment       0x00000000       0x71 c:/nxp/lpcxpresso_7.2.0_153/lpcxpresso/tools/bin/../lib/gcc/arm-none-eabi/4.8.3/../../../../arm-none-eabi/lib/armv6-m\libcr_c.a(_deferredlazyseek.o)
 .comment       0x00000000       0x71 c:/nxp/lpcxpresso_7.2.0_153/lpcxpresso/tools/bin/../lib/gcc/arm-none-eabi/4.8.3/../../../../arm-none-eabi/lib/armv6-m\libcr_c.a(_fdopen.o)
 .comment       0x00000000       0x71 c:/nxp/lpcxpresso_7.2.0_153/lpcxpresso/tools/bin/../lib/gcc/arm-none-eabi/4.8.3/../../../../arm-none-eabi/lib/armv6-m\libcr_c.a(_fflush.o)
 .comment       0x00000000       0x71 c:/nxp/lpcxpresso_7.2.0_153/lpcxpresso/tools/bin/../lib/gcc/arm-none-eabi/4.8.3/../../../../arm-none-eabi/lib/armv6-m\libcr_c.a(_frexpl.o)
 .comment       0x00000000       0x71 c:/nxp/lpcxpresso_7.2.0_153/lpcxpresso/tools/bin/../lib/gcc/arm-none-eabi/4.8.3/../../../../arm-none-eabi/lib/armv6-m\libcr_c.a(_ldexpl.o)
 .comment       0x00000000       0x71 c:/nxp/lpcxpresso_7.2.0_153/lpcxpresso/tools/bin/../lib/gcc/arm-none-eabi/4.8.3/../../../../arm-none-eabi/lib/armv6-m\libcr_c.a(_writebuf.o)
 .comment       0x00000000       0x71 c:/nxp/lpcxpresso_7.2.0_153/lpcxpresso/tools/bin/../lib/gcc/arm-none-eabi/4.8.3/../../../../arm-none-eabi/lib/armv6-m\libcr_c.a(alloc.o)
 .comment       0x00000000       0x71 c:/nxp/lpcxpresso_7.2.0_153/lpcxpresso/tools/bin/../lib/gcc/arm-none-eabi/4.8.3/../../../../arm-none-eabi/lib/armv6-m\libcr_c.a(errno.o)
 .comment       0x00000000       0x71 c:/nxp/lpcxpresso_7.2.0_153/lpcxpresso/tools/bin/../lib/gcc/arm-none-eabi/4.8.3/../../../../arm-none-eabi/lib/armv6-m\libcr_c.a(fclose.o)
 .comment       0x00000000       0x71 c:/nxp/lpcxpresso_7.2.0_153/lpcxpresso/tools/bin/../lib/gcc/arm-none-eabi/4.8.3/../../../../arm-none-eabi/lib/armv6-m\libcr_c.a(fflush.o)
 .comment       0x00000000       0x71 c:/nxp/lpcxpresso_7.2.0_153/lpcxpresso/tools/bin/../lib/gcc/arm-none-eabi/4.8.3/../../../../arm-none-eabi/lib/armv6-m\libcr_c.a(fseek.o)
 .comment       0x00000000       0x71 c:/nxp/lpcxpresso_7.2.0_153/lpcxpresso/tools/bin/../lib/gcc/arm-none-eabi/4.8.3/../../../../arm-none-eabi/lib/armv6-m\libcr_c.a(ftell.o)
 .comment       0x00000000       0x71 c:/nxp/lpcxpresso_7.2.0_153/lpcxpresso/tools/bin/../lib/gcc/arm-none-eabi/4.8.3/../../../../arm-none-eabi/lib/armv6-m\libcr_c.a(remove.o)
 .comment       0x00000000       0x71 c:/nxp/lpcxpresso_7.2.0_153/lpcxpresso/tools/bin/../lib/gcc/arm-none-eabi/4.8.3/../../../../arm-none-eabi/lib/armv6-m\libcr_c.a(__init_alloc.o)
 .comment       0x00000000       0x71 c:/nxp/lpcxpresso_7.2.0_153/lpcxpresso/tools/bin/../lib/gcc/arm-none-eabi/4.8.3/../../../../arm-none-eabi/lib/armv6-m\libcr_c.a(_cr_sbrk.o)
 .comment       0x00000000       0x71 c:/nxp/lpcxpresso_7.2.0_153/lpcxpresso/tools/bin/../lib/gcc/arm-none-eabi/4.8.3/../../../../arm-none-eabi/lib/armv6-m\libcr_c.a(_do_fflush.o)
 .comment       0x00000000       0x71 c:/nxp/lpcxpresso_7.2.0_153/lpcxpresso/tools/bin/../lib/gcc/arm-none-eabi/4.8.3/../../../../arm-none-eabi/lib/armv6-m\libcr_c.a(_hugeval.o)
 .comment       0x00000000       0x71 c:/nxp/lpcxpresso_7.2.0_153/lpcxpresso/tools/bin/../lib/gcc/arm-none-eabi/4.8.3/../../../../arm-none-eabi/lib/armv6-m\libcr_c.a(_cr_check_heap.o)
 .comment       0x00000000       0x71 c:/nxp/lpcxpresso_7.2.0_153/lpcxpresso/tools/bin/../lib/gcc/arm-none-eabi/4.8.3/armv6-m\libcr_eabihelpers.a(double.o)
 .comment       0x00000000       0x71 c:/nxp/lpcxpresso_7.2.0_153/lpcxpresso/tools/bin/../lib/gcc/arm-none-eabi/4.8.3/../../../../arm-none-eabi/lib/armv6-m\libcr_nohost.a(__sys_appexit.o)
 .comment       0x00000000       0x71 c:/nxp/lpcxpresso_7.2.0_153/lpcxpresso/tools/bin/../lib/gcc/arm-none-eabi/4.8.3/../../../../arm-none-eabi/lib/armv6-m\libcr_nohost.a(__sys_close.o)
 .comment       0x00000000       0x71 c:/nxp/lpcxpresso_7.2.0_153/lpcxpresso/tools/bin/../lib/gcc/arm-none-eabi/4.8.3/../../../../arm-none-eabi/lib/armv6-m\libcr_nohost.a(__sys_flen.o)
 .comment       0x00000000       0x71 c:/nxp/lpcxpresso_7.2.0_153/lpcxpresso/tools/bin/../lib/gcc/arm-none-eabi/4.8.3/../../../../arm-none-eabi/lib/armv6-m\libcr_nohost.a(__sys_istty.o)
 .comment       0x00000000       0x71 c:/nxp/lpcxpresso_7.2.0_153/lpcxpresso/tools/bin/../lib/gcc/arm-none-eabi/4.8.3/../../../../arm-none-eabi/lib/armv6-m\libcr_nohost.a(__sys_remove.o)
 .comment       0x00000000       0x71 c:/nxp/lpcxpresso_7.2.0_153/lpcxpresso/tools/bin/../lib/gcc/arm-none-eabi/4.8.3/../../../../arm-none-eabi/lib/armv6-m\libcr_nohost.a(__sys_seek.o)
 .comment       0x00000000       0x71 c:/nxp/lpcxpresso_7.2.0_153/lpcxpresso/tools/bin/../lib/gcc/arm-none-eabi/4.8.3/../../../../arm-none-eabi/lib/armv6-m\libcr_nohost.a(__sys_tmpnam.o)

.ARM.attributes
                0x00000000       0x2f
 .ARM.attributes
                0x00000000       0x31 ./src/ioLibrary/Internet/DNS/dns.o
 .ARM.attributes
                0x00000031       0x31 ./src/ioLibrary/Ethernet/W5500/w5500.o
 .ARM.attributes
                0x00000062       0x31 ./src/ioLibrary/Ethernet/socket.o
 .ARM.attributes
                0x00000093       0x31 ./src/ioLibrary/Ethernet/wizchip_conf.o
 .ARM.attributes
                0x000000c4       0x31 ./src/PlatformHandler/spi_handler.o
 .ARM.attributes
                0x000000f5       0x31 ./src/W5500EVB.o
 .ARM.attributes
                0x00000126       0x21 ./src/aeabi_romdiv_patch.o
 .ARM.attributes
                0x00000147       0x31 ./src/cr_startup_lpc11exx.o
 .ARM.attributes
                0x00000178       0x31 ./src/crp.o
 .ARM.attributes
                0x000001a9       0x31 ./src/sysinit.o
 .ARM.attributes
                0x000001da       0x31 ./src/w5500_init.o
 .ARM.attributes
                0x0000020b       0x31 C:\Users\Administrator\Documents\GitHub\Loopback_LPC11E36_LPCXpresso\wiznet_evb_w5500evb_board\Debug\libwiznet_evb_w5500evb_board.a(board.o)
 .ARM.attributes
                0x0000023c       0x31 C:\Users\Administrator\Documents\GitHub\Loopback_LPC11E36_LPCXpresso\wiznet_evb_w5500evb_board\Debug\libwiznet_evb_w5500evb_board.a(board_sysinit.o)
 .ARM.attributes
                0x0000026d       0x31 C:\Users\Administrator\Documents\GitHub\Loopback_LPC11E36_LPCXpresso\lpc_chip_11exx\Debug\liblpc_chip_11exx.a(chip_11xx.o)
 .ARM.attributes
                0x0000029e       0x31 C:\Users\Administrator\Documents\GitHub\Loopback_LPC11E36_LPCXpresso\lpc_chip_11exx\Debug\liblpc_chip_11exx.a(clock_11xx.o)
 .ARM.attributes
                0x000002cf       0x31 C:\Users\Administrator\Documents\GitHub\Loopback_LPC11E36_LPCXpresso\lpc_chip_11exx\Debug\liblpc_chip_11exx.a(gpio_11xx_1.o)
 .ARM.attributes
                0x00000300       0x31 C:\Users\Administrator\Documents\GitHub\Loopback_LPC11E36_LPCXpresso\lpc_chip_11exx\Debug\liblpc_chip_11exx.a(iocon_11xx.o)
 .ARM.attributes
                0x00000331       0x31 C:\Users\Administrator\Documents\GitHub\Loopback_LPC11E36_LPCXpresso\lpc_chip_11exx\Debug\liblpc_chip_11exx.a(ssp_11xx.o)
 .ARM.attributes
                0x00000362       0x31 C:\Users\Administrator\Documents\GitHub\Loopback_LPC11E36_LPCXpresso\lpc_chip_11exx\Debug\liblpc_chip_11exx.a(sysctl_11xx.o)
 .ARM.attributes
                0x00000393       0x31 C:\Users\Administrator\Documents\GitHub\Loopback_LPC11E36_LPCXpresso\lpc_chip_11exx\Debug\liblpc_chip_11exx.a(uart_11xx.o)
 .ARM.attributes
                0x000003c4       0x31 c:/nxp/lpcxpresso_7.2.0_153/lpcxpresso/tools/bin/../lib/gcc/arm-none-eabi/4.8.3/../../../../arm-none-eabi/lib/armv6-m\libcr_nohost.a(_cr__main.o)
 .ARM.attributes
                0x000003f5       0x31 c:/nxp/lpcxpresso_7.2.0_153/lpcxpresso/tools/bin/../lib/gcc/arm-none-eabi/4.8.3/../../../../arm-none-eabi/lib/armv6-m\libcr_c.a(memcpy.o)
 .ARM.attributes
                0x00000426       0x31 c:/nxp/lpcxpresso_7.2.0_153/lpcxpresso/tools/bin/../lib/gcc/arm-none-eabi/4.8.3/../../../../arm-none-eabi/lib/armv6-m\libcr_c.a(memset.o)
 .ARM.attributes
                0x00000457       0x31 c:/nxp/lpcxpresso_7.2.0_153/lpcxpresso/tools/bin/../lib/gcc/arm-none-eabi/4.8.3/../../../../arm-none-eabi/lib/armv6-m\libcr_c.a(fpprintf.o)
 .ARM.attributes
                0x00000488       0x31 c:/nxp/lpcxpresso_7.2.0_153/lpcxpresso/tools/bin/../lib/gcc/arm-none-eabi/4.8.3/../../../../arm-none-eabi/lib/armv6-m\libcr_c.a(initio.o)
 .ARM.attributes
                0x000004b9       0x31 c:/nxp/lpcxpresso_7.2.0_153/lpcxpresso/tools/bin/../lib/gcc/arm-none-eabi/4.8.3/../../../../arm-none-eabi/lib/armv6-m\libcr_c.a(printf.o)
 .ARM.attributes
                0x000004ea       0x31 c:/nxp/lpcxpresso_7.2.0_153/lpcxpresso/tools/bin/../lib/gcc/arm-none-eabi/4.8.3/../../../../arm-none-eabi/lib/armv6-m\libcr_c.a(setvbuf.o)
 .ARM.attributes
                0x0000051b       0x31 c:/nxp/lpcxpresso_7.2.0_153/lpcxpresso/tools/bin/../lib/gcc/arm-none-eabi/4.8.3/../../../../arm-none-eabi/lib/armv6-m\libcr_c.a(stdio.o)
 .ARM.attributes
                0x0000054c       0x31 c:/nxp/lpcxpresso_7.2.0_153/lpcxpresso/tools/bin/../lib/gcc/arm-none-eabi/4.8.3/../../../../arm-none-eabi/lib/armv6-m\libcr_c.a(strchr.o)
 .ARM.attributes
                0x0000057d       0x31 c:/nxp/lpcxpresso_7.2.0_153/lpcxpresso/tools/bin/../lib/gcc/arm-none-eabi/4.8.3/../../../../arm-none-eabi/lib/armv6-m\libcr_c.a(strcpy.o)
 .ARM.attributes
                0x000005ae       0x31 c:/nxp/lpcxpresso_7.2.0_153/lpcxpresso/tools/bin/../lib/gcc/arm-none-eabi/4.8.3/../../../../arm-none-eabi/lib/armv6-m\libcr_c.a(strlen.o)
 .ARM.attributes
                0x000005df       0x31 c:/nxp/lpcxpresso_7.2.0_153/lpcxpresso/tools/bin/../lib/gcc/arm-none-eabi/4.8.3/../../../../arm-none-eabi/lib/armv6-m\libcr_c.a(strncpy.o)
 .ARM.attributes
                0x00000610       0x31 c:/nxp/lpcxpresso_7.2.0_153/lpcxpresso/tools/bin/../lib/gcc/arm-none-eabi/4.8.3/../../../../arm-none-eabi/lib/armv6-m\libcr_c.a(_deferredlazyseek.o)
 .ARM.attributes
                0x00000641       0x31 c:/nxp/lpcxpresso_7.2.0_153/lpcxpresso/tools/bin/../lib/gcc/arm-none-eabi/4.8.3/../../../../arm-none-eabi/lib/armv6-m\libcr_c.a(_fdopen.o)
 .ARM.attributes
                0x00000672       0x31 c:/nxp/lpcxpresso_7.2.0_153/lpcxpresso/tools/bin/../lib/gcc/arm-none-eabi/4.8.3/../../../../arm-none-eabi/lib/armv6-m\libcr_c.a(_fflush.o)
 .ARM.attributes
                0x000006a3       0x31 c:/nxp/lpcxpresso_7.2.0_153/lpcxpresso/tools/bin/../lib/gcc/arm-none-eabi/4.8.3/../../../../arm-none-eabi/lib/armv6-m\libcr_c.a(_frexpl.o)
 .ARM.attributes
                0x000006d4       0x31 c:/nxp/lpcxpresso_7.2.0_153/lpcxpresso/tools/bin/../lib/gcc/arm-none-eabi/4.8.3/../../../../arm-none-eabi/lib/armv6-m\libcr_c.a(_ldexpl.o)
 .ARM.attributes
                0x00000705       0x31 c:/nxp/lpcxpresso_7.2.0_153/lpcxpresso/tools/bin/../lib/gcc/arm-none-eabi/4.8.3/../../../../arm-none-eabi/lib/armv6-m\libcr_c.a(_writebuf.o)
 .ARM.attributes
                0x00000736       0x31 c:/nxp/lpcxpresso_7.2.0_153/lpcxpresso/tools/bin/../lib/gcc/arm-none-eabi/4.8.3/../../../../arm-none-eabi/lib/armv6-m\libcr_c.a(alloc.o)
 .ARM.attributes
                0x00000767       0x31 c:/nxp/lpcxpresso_7.2.0_153/lpcxpresso/tools/bin/../lib/gcc/arm-none-eabi/4.8.3/../../../../arm-none-eabi/lib/armv6-m\libcr_c.a(errno.o)
 .ARM.attributes
                0x00000798       0x31 c:/nxp/lpcxpresso_7.2.0_153/lpcxpresso/tools/bin/../lib/gcc/arm-none-eabi/4.8.3/../../../../arm-none-eabi/lib/armv6-m\libcr_c.a(fclose.o)
 .ARM.attributes
                0x000007c9       0x31 c:/nxp/lpcxpresso_7.2.0_153/lpcxpresso/tools/bin/../lib/gcc/arm-none-eabi/4.8.3/../../../../arm-none-eabi/lib/armv6-m\libcr_c.a(fflush.o)
 .ARM.attributes
                0x000007fa       0x31 c:/nxp/lpcxpresso_7.2.0_153/lpcxpresso/tools/bin/../lib/gcc/arm-none-eabi/4.8.3/../../../../arm-none-eabi/lib/armv6-m\libcr_c.a(fseek.o)
 .ARM.attributes
                0x0000082b       0x31 c:/nxp/lpcxpresso_7.2.0_153/lpcxpresso/tools/bin/../lib/gcc/arm-none-eabi/4.8.3/../../../../arm-none-eabi/lib/armv6-m\libcr_c.a(ftell.o)
 .ARM.attributes
                0x0000085c       0x31 c:/nxp/lpcxpresso_7.2.0_153/lpcxpresso/tools/bin/../lib/gcc/arm-none-eabi/4.8.3/../../../../arm-none-eabi/lib/armv6-m\libcr_c.a(remove.o)
 .ARM.attributes
                0x0000088d       0x31 c:/nxp/lpcxpresso_7.2.0_153/lpcxpresso/tools/bin/../lib/gcc/arm-none-eabi/4.8.3/../../../../arm-none-eabi/lib/armv6-m\libcr_c.a(__init_alloc.o)
 .ARM.attributes
                0x000008be       0x31 c:/nxp/lpcxpresso_7.2.0_153/lpcxpresso/tools/bin/../lib/gcc/arm-none-eabi/4.8.3/../../../../arm-none-eabi/lib/armv6-m\libcr_c.a(_cr_sbrk.o)
 .ARM.attributes
                0x000008ef       0x31 c:/nxp/lpcxpresso_7.2.0_153/lpcxpresso/tools/bin/../lib/gcc/arm-none-eabi/4.8.3/../../../../arm-none-eabi/lib/armv6-m\libcr_c.a(_do_fflush.o)
 .ARM.attributes
                0x00000920       0x31 c:/nxp/lpcxpresso_7.2.0_153/lpcxpresso/tools/bin/../lib/gcc/arm-none-eabi/4.8.3/../../../../arm-none-eabi/lib/armv6-m\libcr_c.a(_hugeval.o)
 .ARM.attributes
                0x00000951       0x31 c:/nxp/lpcxpresso_7.2.0_153/lpcxpresso/tools/bin/../lib/gcc/arm-none-eabi/4.8.3/../../../../arm-none-eabi/lib/armv6-m\libcr_c.a(_cr_check_heap.o)
 .ARM.attributes
                0x00000982       0x31 c:/nxp/lpcxpresso_7.2.0_153/lpcxpresso/tools/bin/../lib/gcc/arm-none-eabi/4.8.3/armv6-m\libcr_eabihelpers.a(double.o)
 .ARM.attributes
                0x000009b3       0x21 c:/nxp/lpcxpresso_7.2.0_153/lpcxpresso/tools/bin/../lib/gcc/arm-none-eabi/4.8.3/armv6-m\libcr_eabihelpers.a(llong.o)
 .ARM.attributes
                0x000009d4       0x21 c:/nxp/lpcxpresso_7.2.0_153/lpcxpresso/tools/bin/../lib/gcc/arm-none-eabi/4.8.3/armv6-m\libcr_eabihelpers.a(memcpy.o)
 .ARM.attributes
                0x000009f5       0x31 c:/nxp/lpcxpresso_7.2.0_153/lpcxpresso/tools/bin/../lib/gcc/arm-none-eabi/4.8.3/../../../../arm-none-eabi/lib/armv6-m\libcr_nohost.a(__sys_appexit.o)
 .ARM.attributes
                0x00000a26       0x31 c:/nxp/lpcxpresso_7.2.0_153/lpcxpresso/tools/bin/../lib/gcc/arm-none-eabi/4.8.3/../../../../arm-none-eabi/lib/armv6-m\libcr_nohost.a(__sys_close.o)
 .ARM.attributes
                0x00000a57       0x31 c:/nxp/lpcxpresso_7.2.0_153/lpcxpresso/tools/bin/../lib/gcc/arm-none-eabi/4.8.3/../../../../arm-none-eabi/lib/armv6-m\libcr_nohost.a(__sys_flen.o)
 .ARM.attributes
                0x00000a88       0x31 c:/nxp/lpcxpresso_7.2.0_153/lpcxpresso/tools/bin/../lib/gcc/arm-none-eabi/4.8.3/../../../../arm-none-eabi/lib/armv6-m\libcr_nohost.a(__sys_istty.o)
 .ARM.attributes
                0x00000ab9       0x31 c:/nxp/lpcxpresso_7.2.0_153/lpcxpresso/tools/bin/../lib/gcc/arm-none-eabi/4.8.3/../../../../arm-none-eabi/lib/armv6-m\libcr_nohost.a(__sys_remove.o)
 .ARM.attributes
                0x00000aea       0x31 c:/nxp/lpcxpresso_7.2.0_153/lpcxpresso/tools/bin/../lib/gcc/arm-none-eabi/4.8.3/../../../../arm-none-eabi/lib/armv6-m\libcr_nohost.a(__sys_seek.o)
 .ARM.attributes
                0x00000b1b       0x31 c:/nxp/lpcxpresso_7.2.0_153/lpcxpresso/tools/bin/../lib/gcc/arm-none-eabi/4.8.3/../../../../arm-none-eabi/lib/armv6-m\libcr_nohost.a(__sys_tmpnam.o)

.debug_frame    0x00000000     0x1058
 .debug_frame   0x00000000      0x13c ./src/ioLibrary/Internet/DNS/dns.o
 .debug_frame   0x0000013c      0x144 ./src/ioLibrary/Ethernet/W5500/w5500.o
 .debug_frame   0x00000280      0x1b4 ./src/ioLibrary/Ethernet/socket.o
 .debug_frame   0x00000434      0x2f0 ./src/ioLibrary/Ethernet/wizchip_conf.o
 .debug_frame   0x00000724       0x40 ./src/PlatformHandler/spi_handler.o
 .debug_frame   0x00000764       0x28 ./src/W5500EVB.o
 .debug_frame   0x0000078c       0xb4 ./src/cr_startup_lpc11exx.o
 .debug_frame   0x00000840       0x28 ./src/sysinit.o
 .debug_frame   0x00000868       0xd0 ./src/w5500_init.o
 .debug_frame   0x00000938      0x130 C:\Users\Administrator\Documents\GitHub\Loopback_LPC11E36_LPCXpresso\wiznet_evb_w5500evb_board\Debug\libwiznet_evb_w5500evb_board.a(board.o)
 .debug_frame   0x00000a68       0x5c C:\Users\Administrator\Documents\GitHub\Loopback_LPC11E36_LPCXpresso\wiznet_evb_w5500evb_board\Debug\libwiznet_evb_w5500evb_board.a(board_sysinit.o)
 .debug_frame   0x00000ac4       0x28 C:\Users\Administrator\Documents\GitHub\Loopback_LPC11E36_LPCXpresso\lpc_chip_11exx\Debug\liblpc_chip_11exx.a(chip_11xx.o)
 .debug_frame   0x00000aec       0xf8 C:\Users\Administrator\Documents\GitHub\Loopback_LPC11E36_LPCXpresso\lpc_chip_11exx\Debug\liblpc_chip_11exx.a(clock_11xx.o)
 .debug_frame   0x00000be4       0x80 C:\Users\Administrator\Documents\GitHub\Loopback_LPC11E36_LPCXpresso\lpc_chip_11exx\Debug\liblpc_chip_11exx.a(gpio_11xx_1.o)
 .debug_frame   0x00000c64       0x20 C:\Users\Administrator\Documents\GitHub\Loopback_LPC11E36_LPCXpresso\lpc_chip_11exx\Debug\liblpc_chip_11exx.a(iocon_11xx.o)
 .debug_frame   0x00000c84      0x1f0 C:\Users\Administrator\Documents\GitHub\Loopback_LPC11E36_LPCXpresso\lpc_chip_11exx\Debug\liblpc_chip_11exx.a(ssp_11xx.o)
 .debug_frame   0x00000e74       0x58 C:\Users\Administrator\Documents\GitHub\Loopback_LPC11E36_LPCXpresso\lpc_chip_11exx\Debug\liblpc_chip_11exx.a(sysctl_11xx.o)
 .debug_frame   0x00000ecc      0x18c C:\Users\Administrator\Documents\GitHub\Loopback_LPC11E36_LPCXpresso\lpc_chip_11exx\Debug\liblpc_chip_11exx.a(uart_11xx.o)

.debug_macro    0x00000000     0x2daa
 .debug_macro   0x00000000      0x1da C:\Users\Administrator\Documents\GitHub\Loopback_LPC11E36_LPCXpresso\wiznet_evb_w5500evb_board\Debug\libwiznet_evb_w5500evb_board.a(board.o)
 .debug_macro   0x000001da      0x81a C:\Users\Administrator\Documents\GitHub\Loopback_LPC11E36_LPCXpresso\wiznet_evb_w5500evb_board\Debug\libwiznet_evb_w5500evb_board.a(board.o)
 .debug_macro   0x000009f4       0x10 C:\Users\Administrator\Documents\GitHub\Loopback_LPC11E36_LPCXpresso\wiznet_evb_w5500evb_board\Debug\libwiznet_evb_w5500evb_board.a(board.o)
 .debug_macro   0x00000a04      0x122 C:\Users\Administrator\Documents\GitHub\Loopback_LPC11E36_LPCXpresso\wiznet_evb_w5500evb_board\Debug\libwiznet_evb_w5500evb_board.a(board.o)
 .debug_macro   0x00000b26      0x5b9 C:\Users\Administrator\Documents\GitHub\Loopback_LPC11E36_LPCXpresso\wiznet_evb_w5500evb_board\Debug\libwiznet_evb_w5500evb_board.a(board.o)
 .debug_macro   0x000010df       0x22 C:\Users\Administrator\Documents\GitHub\Loopback_LPC11E36_LPCXpresso\wiznet_evb_w5500evb_board\Debug\libwiznet_evb_w5500evb_board.a(board.o)
 .debug_macro   0x00001101       0x7b C:\Users\Administrator\Documents\GitHub\Loopback_LPC11E36_LPCXpresso\wiznet_evb_w5500evb_board\Debug\libwiznet_evb_w5500evb_board.a(board.o)
 .debug_macro   0x0000117c       0x10 C:\Users\Administrator\Documents\GitHub\Loopback_LPC11E36_LPCXpresso\wiznet_evb_w5500evb_board\Debug\libwiznet_evb_w5500evb_board.a(board.o)
 .debug_macro   0x0000118c       0x1f C:\Users\Administrator\Documents\GitHub\Loopback_LPC11E36_LPCXpresso\wiznet_evb_w5500evb_board\Debug\libwiznet_evb_w5500evb_board.a(board.o)
 .debug_macro   0x000011ab       0x3a C:\Users\Administrator\Documents\GitHub\Loopback_LPC11E36_LPCXpresso\wiznet_evb_w5500evb_board\Debug\libwiznet_evb_w5500evb_board.a(board.o)
 .debug_macro   0x000011e5       0x1f C:\Users\Administrator\Documents\GitHub\Loopback_LPC11E36_LPCXpresso\wiznet_evb_w5500evb_board\Debug\libwiznet_evb_w5500evb_board.a(board.o)
 .debug_macro   0x00001204      0x242 C:\Users\Administrator\Documents\GitHub\Loopback_LPC11E36_LPCXpresso\wiznet_evb_w5500evb_board\Debug\libwiznet_evb_w5500evb_board.a(board.o)
 .debug_macro   0x00001446      0x12c C:\Users\Administrator\Documents\GitHub\Loopback_LPC11E36_LPCXpresso\wiznet_evb_w5500evb_board\Debug\libwiznet_evb_w5500evb_board.a(board.o)
 .debug_macro   0x00001572       0x2e C:\Users\Administrator\Documents\GitHub\Loopback_LPC11E36_LPCXpresso\wiznet_evb_w5500evb_board\Debug\libwiznet_evb_w5500evb_board.a(board.o)
 .debug_macro   0x000015a0       0xd5 C:\Users\Administrator\Documents\GitHub\Loopback_LPC11E36_LPCXpresso\wiznet_evb_w5500evb_board\Debug\libwiznet_evb_w5500evb_board.a(board.o)
 .debug_macro   0x00001675       0x10 C:\Users\Administrator\Documents\GitHub\Loopback_LPC11E36_LPCXpresso\wiznet_evb_w5500evb_board\Debug\libwiznet_evb_w5500evb_board.a(board.o)
 .debug_macro   0x00001685      0x137 C:\Users\Administrator\Documents\GitHub\Loopback_LPC11E36_LPCXpresso\wiznet_evb_w5500evb_board\Debug\libwiznet_evb_w5500evb_board.a(board.o)
 .debug_macro   0x000017bc       0x4c C:\Users\Administrator\Documents\GitHub\Loopback_LPC11E36_LPCXpresso\wiznet_evb_w5500evb_board\Debug\libwiznet_evb_w5500evb_board.a(board.o)
 .debug_macro   0x00001808       0x16 C:\Users\Administrator\Documents\GitHub\Loopback_LPC11E36_LPCXpresso\wiznet_evb_w5500evb_board\Debug\libwiznet_evb_w5500evb_board.a(board.o)
 .debug_macro   0x0000181e      0x31a C:\Users\Administrator\Documents\GitHub\Loopback_LPC11E36_LPCXpresso\wiznet_evb_w5500evb_board\Debug\libwiznet_evb_w5500evb_board.a(board.o)
 .debug_macro   0x00001b38       0x4f C:\Users\Administrator\Documents\GitHub\Loopback_LPC11E36_LPCXpresso\wiznet_evb_w5500evb_board\Debug\libwiznet_evb_w5500evb_board.a(board.o)
 .debug_macro   0x00001b87       0xb8 C:\Users\Administrator\Documents\GitHub\Loopback_LPC11E36_LPCXpresso\wiznet_evb_w5500evb_board\Debug\libwiznet_evb_w5500evb_board.a(board.o)
 .debug_macro   0x00001c3f       0x18 C:\Users\Administrator\Documents\GitHub\Loopback_LPC11E36_LPCXpresso\wiznet_evb_w5500evb_board\Debug\libwiznet_evb_w5500evb_board.a(board.o)
 .debug_macro   0x00001c57       0xca C:\Users\Administrator\Documents\GitHub\Loopback_LPC11E36_LPCXpresso\wiznet_evb_w5500evb_board\Debug\libwiznet_evb_w5500evb_board.a(board.o)
 .debug_macro   0x00001d21       0x7c C:\Users\Administrator\Documents\GitHub\Loopback_LPC11E36_LPCXpresso\wiznet_evb_w5500evb_board\Debug\libwiznet_evb_w5500evb_board.a(board.o)
 .debug_macro   0x00001d9d       0x1c C:\Users\Administrator\Documents\GitHub\Loopback_LPC11E36_LPCXpresso\wiznet_evb_w5500evb_board\Debug\libwiznet_evb_w5500evb_board.a(board.o)
 .debug_macro   0x00001db9       0x40 C:\Users\Administrator\Documents\GitHub\Loopback_LPC11E36_LPCXpresso\wiznet_evb_w5500evb_board\Debug\libwiznet_evb_w5500evb_board.a(board.o)
 .debug_macro   0x00001df9      0x18a C:\Users\Administrator\Documents\GitHub\Loopback_LPC11E36_LPCXpresso\wiznet_evb_w5500evb_board\Debug\libwiznet_evb_w5500evb_board.a(board.o)
 .debug_macro   0x00001f83       0x88 C:\Users\Administrator\Documents\GitHub\Loopback_LPC11E36_LPCXpresso\wiznet_evb_w5500evb_board\Debug\libwiznet_evb_w5500evb_board.a(board.o)
 .debug_macro   0x0000200b       0x40 C:\Users\Administrator\Documents\GitHub\Loopback_LPC11E36_LPCXpresso\wiznet_evb_w5500evb_board\Debug\libwiznet_evb_w5500evb_board.a(board.o)
 .debug_macro   0x0000204b       0x2e C:\Users\Administrator\Documents\GitHub\Loopback_LPC11E36_LPCXpresso\wiznet_evb_w5500evb_board\Debug\libwiznet_evb_w5500evb_board.a(board.o)
 .debug_macro   0x00002079       0x28 C:\Users\Administrator\Documents\GitHub\Loopback_LPC11E36_LPCXpresso\wiznet_evb_w5500evb_board\Debug\libwiznet_evb_w5500evb_board.a(board.o)
 .debug_macro   0x000020a1       0x9a C:\Users\Administrator\Documents\GitHub\Loopback_LPC11E36_LPCXpresso\wiznet_evb_w5500evb_board\Debug\libwiznet_evb_w5500evb_board.a(board.o)
 .debug_macro   0x0000213b       0x20 C:\Users\Administrator\Documents\GitHub\Loopback_LPC11E36_LPCXpresso\wiznet_evb_w5500evb_board\Debug\libwiznet_evb_w5500evb_board.a(board.o)
 .debug_macro   0x0000215b       0x12 C:\Users\Administrator\Documents\GitHub\Loopback_LPC11E36_LPCXpresso\wiznet_evb_w5500evb_board\Debug\libwiznet_evb_w5500evb_board.a(board.o)
 .debug_macro   0x0000216d      0x1bd C:\Users\Administrator\Documents\GitHub\Loopback_LPC11E36_LPCXpresso\wiznet_evb_w5500evb_board\Debug\libwiznet_evb_w5500evb_board.a(board_sysinit.o)
 .debug_macro   0x0000232a      0x17a C:\Users\Administrator\Documents\GitHub\Loopback_LPC11E36_LPCXpresso\lpc_chip_11exx\Debug\liblpc_chip_11exx.a(chip_11xx.o)
 .debug_macro   0x000024a4      0x17a C:\Users\Administrator\Documents\GitHub\Loopback_LPC11E36_LPCXpresso\lpc_chip_11exx\Debug\liblpc_chip_11exx.a(clock_11xx.o)
 .debug_macro   0x0000261e      0x17a C:\Users\Administrator\Documents\GitHub\Loopback_LPC11E36_LPCXpresso\lpc_chip_11exx\Debug\liblpc_chip_11exx.a(gpio_11xx_1.o)
 .debug_macro   0x00002798      0x17a C:\Users\Administrator\Documents\GitHub\Loopback_LPC11E36_LPCXpresso\lpc_chip_11exx\Debug\liblpc_chip_11exx.a(iocon_11xx.o)
 .debug_macro   0x00002912      0x17a C:\Users\Administrator\Documents\GitHub\Loopback_LPC11E36_LPCXpresso\lpc_chip_11exx\Debug\liblpc_chip_11exx.a(ssp_11xx.o)
 .debug_macro   0x00002a8c      0x1a4 C:\Users\Administrator\Documents\GitHub\Loopback_LPC11E36_LPCXpresso\lpc_chip_11exx\Debug\liblpc_chip_11exx.a(sysctl_11xx.o)
 .debug_macro   0x00002c30      0x17a C:\Users\Administrator\Documents\GitHub\Loopback_LPC11E36_LPCXpresso\lpc_chip_11exx\Debug\liblpc_chip_11exx.a(uart_11xx.o)